Archive member included to satisfy reference by file (symbol)

c:/st/stm32cubeide_1.0.2/stm32cubeide/plugins/com.st.stm32cube.ide.mcu.externaltools.gnu-tools-for-stm32.7-2018-q2-update.win32_1.0.0.201904181610/tools/bin/../lib/gcc/arm-none-eabi/7.3.1/../../../../arm-none-eabi/lib/thumb/v7-m\libc_nano.a(lib_a-atoi.o)
                              note-c/n_helpers.o (atoi)
c:/st/stm32cubeide_1.0.2/stm32cubeide/plugins/com.st.stm32cube.ide.mcu.externaltools.gnu-tools-for-stm32.7-2018-q2-update.win32_1.0.0.201904181610/tools/bin/../lib/gcc/arm-none-eabi/7.3.1/../../../../arm-none-eabi/lib/thumb/v7-m\libc_nano.a(lib_a-errno.o)
                              Src/syscalls.o (__errno)
c:/st/stm32cubeide_1.0.2/stm32cubeide/plugins/com.st.stm32cube.ide.mcu.externaltools.gnu-tools-for-stm32.7-2018-q2-update.win32_1.0.0.201904181610/tools/bin/../lib/gcc/arm-none-eabi/7.3.1/../../../../arm-none-eabi/lib/thumb/v7-m\libc_nano.a(lib_a-exit.o)
                              c:/st/stm32cubeide_1.0.2/stm32cubeide/plugins/com.st.stm32cube.ide.mcu.externaltools.gnu-tools-for-stm32.7-2018-q2-update.win32_1.0.0.201904181610/tools/bin/../lib/gcc/arm-none-eabi/7.3.1/../../../../arm-none-eabi/lib/thumb/v7-m/crt0.o (exit)
c:/st/stm32cubeide_1.0.2/stm32cubeide/plugins/com.st.stm32cube.ide.mcu.externaltools.gnu-tools-for-stm32.7-2018-q2-update.win32_1.0.0.201904181610/tools/bin/../lib/gcc/arm-none-eabi/7.3.1/../../../../arm-none-eabi/lib/thumb/v7-m\libc_nano.a(lib_a-impure.o)
                              c:/st/stm32cubeide_1.0.2/stm32cubeide/plugins/com.st.stm32cube.ide.mcu.externaltools.gnu-tools-for-stm32.7-2018-q2-update.win32_1.0.0.201904181610/tools/bin/../lib/gcc/arm-none-eabi/7.3.1/../../../../arm-none-eabi/lib/thumb/v7-m\libc_nano.a(lib_a-exit.o) (_global_impure_ptr)
c:/st/stm32cubeide_1.0.2/stm32cubeide/plugins/com.st.stm32cube.ide.mcu.externaltools.gnu-tools-for-stm32.7-2018-q2-update.win32_1.0.0.201904181610/tools/bin/../lib/gcc/arm-none-eabi/7.3.1/../../../../arm-none-eabi/lib/thumb/v7-m\libc_nano.a(lib_a-init.o)
                              c:/st/stm32cubeide_1.0.2/stm32cubeide/plugins/com.st.stm32cube.ide.mcu.externaltools.gnu-tools-for-stm32.7-2018-q2-update.win32_1.0.0.201904181610/tools/bin/../lib/gcc/arm-none-eabi/7.3.1/../../../../arm-none-eabi/lib/thumb/v7-m/crt0.o (__libc_init_array)
c:/st/stm32cubeide_1.0.2/stm32cubeide/plugins/com.st.stm32cube.ide.mcu.externaltools.gnu-tools-for-stm32.7-2018-q2-update.win32_1.0.0.201904181610/tools/bin/../lib/gcc/arm-none-eabi/7.3.1/../../../../arm-none-eabi/lib/thumb/v7-m\libc_nano.a(lib_a-locale.o)
                              note-c/n_cjson.o (__locale_ctype_ptr)
c:/st/stm32cubeide_1.0.2/stm32cubeide/plugins/com.st.stm32cube.ide.mcu.externaltools.gnu-tools-for-stm32.7-2018-q2-update.win32_1.0.0.201904181610/tools/bin/../lib/gcc/arm-none-eabi/7.3.1/../../../../arm-none-eabi/lib/thumb/v7-m\libc_nano.a(lib_a-malloc.o)
                              Src/main.o (malloc)
c:/st/stm32cubeide_1.0.2/stm32cubeide/plugins/com.st.stm32cube.ide.mcu.externaltools.gnu-tools-for-stm32.7-2018-q2-update.win32_1.0.0.201904181610/tools/bin/../lib/gcc/arm-none-eabi/7.3.1/../../../../arm-none-eabi/lib/thumb/v7-m\libc_nano.a(lib_a-mbtowc_r.o)
                              c:/st/stm32cubeide_1.0.2/stm32cubeide/plugins/com.st.stm32cube.ide.mcu.externaltools.gnu-tools-for-stm32.7-2018-q2-update.win32_1.0.0.201904181610/tools/bin/../lib/gcc/arm-none-eabi/7.3.1/../../../../arm-none-eabi/lib/thumb/v7-m\libc_nano.a(lib_a-locale.o) (__ascii_mbtowc)
c:/st/stm32cubeide_1.0.2/stm32cubeide/plugins/com.st.stm32cube.ide.mcu.externaltools.gnu-tools-for-stm32.7-2018-q2-update.win32_1.0.0.201904181610/tools/bin/../lib/gcc/arm-none-eabi/7.3.1/../../../../arm-none-eabi/lib/thumb/v7-m\libc_nano.a(lib_a-memcmp.o)
                              note-c/n_helpers.o (memcmp)
c:/st/stm32cubeide_1.0.2/stm32cubeide/plugins/com.st.stm32cube.ide.mcu.externaltools.gnu-tools-for-stm32.7-2018-q2-update.win32_1.0.0.201904181610/tools/bin/../lib/gcc/arm-none-eabi/7.3.1/../../../../arm-none-eabi/lib/thumb/v7-m\libc_nano.a(lib_a-memcpy-stub.o)
                              Src/main.o (memcpy)
c:/st/stm32cubeide_1.0.2/stm32cubeide/plugins/com.st.stm32cube.ide.mcu.externaltools.gnu-tools-for-stm32.7-2018-q2-update.win32_1.0.0.201904181610/tools/bin/../lib/gcc/arm-none-eabi/7.3.1/../../../../arm-none-eabi/lib/thumb/v7-m\libc_nano.a(lib_a-memmove.o)
                              note-c/n_request.o (memmove)
c:/st/stm32cubeide_1.0.2/stm32cubeide/plugins/com.st.stm32cube.ide.mcu.externaltools.gnu-tools-for-stm32.7-2018-q2-update.win32_1.0.0.201904181610/tools/bin/../lib/gcc/arm-none-eabi/7.3.1/../../../../arm-none-eabi/lib/thumb/v7-m\libc_nano.a(lib_a-memset.o)
                              c:/st/stm32cubeide_1.0.2/stm32cubeide/plugins/com.st.stm32cube.ide.mcu.externaltools.gnu-tools-for-stm32.7-2018-q2-update.win32_1.0.0.201904181610/tools/bin/../lib/gcc/arm-none-eabi/7.3.1/../../../../arm-none-eabi/lib/thumb/v7-m/crt0.o (memset)
[...]
Memory Configuration

Name             Origin             Length             Attributes
RAM              0x0000000020000000 0x0000000000005000 xrw
FLASH            0x0000000008000000 0x0000000000020000 xr
*default*        0x0000000000000000 0xffffffffffffffff

Linker script and memory map

LOAD c:/st/stm32cubeide_1.0.2/stm32cubeide/plugins/com.st.stm32cube.ide.mcu.externaltools.gnu-tools-for-stm32.7-2018-q2-update.win32_1.0.0.201904181610/tools/bin/../lib/gcc/arm-none-eabi/7.3.1/thumb/v7-m/crti.o
LOAD c:/st/stm32cubeide_1.0.2/stm32cubeide/plugins/com.st.stm32cube.ide.mcu.externaltools.gnu-tools-for-stm32.7-2018-q2-update.win32_1.0.0.201904181610/tools/bin/../lib/gcc/arm-none-eabi/7.3.1/thumb/v7-m/crtbegin.o
LOAD c:/st/stm32cubeide_1.0.2/stm32cubeide/plugins/com.st.stm32cube.ide.mcu.externaltools.gnu-tools-for-stm32.7-2018-q2-update.win32_1.0.0.201904181610/tools/bin/../lib/gcc/arm-none-eabi/7.3.1/../../../../arm-none-eabi/lib/thumb/v7-m/crt0.o
LOAD Drivers/STM32F1xx_HAL_Driver/Src/stm32f1xx_hal.o
LOAD Drivers/STM32F1xx_HAL_Driver/Src/stm32f1xx_hal_cortex.o
LOAD Drivers/STM32F1xx_HAL_Driver/Src/stm32f1xx_hal_dma.o
LOAD Drivers/STM32F1xx_HAL_Driver/Src/stm32f1xx_hal_exti.o
LOAD Drivers/STM32F1xx_HAL_Driver/Src/stm32f1xx_hal_flash.o
LOAD Drivers/STM32F1xx_HAL_Driver/Src/stm32f1xx_hal_flash_ex.o
LOAD Drivers/STM32F1xx_HAL_Driver/Src/stm32f1xx_hal_gpio.o
LOAD Drivers/STM32F1xx_HAL_Driver/Src/stm32f1xx_hal_gpio_ex.o
LOAD Drivers/STM32F1xx_HAL_Driver/Src/stm32f1xx_hal_i2c.o
LOAD Drivers/STM32F1xx_HAL_Driver/Src/stm32f1xx_hal_pwr.o
LOAD Drivers/STM32F1xx_HAL_Driver/Src/stm32f1xx_hal_rcc.o
LOAD Drivers/STM32F1xx_HAL_Driver/Src/stm32f1xx_hal_rcc_ex.o
LOAD Drivers/STM32F1xx_HAL_Driver/Src/stm32f1xx_hal_tim.o
LOAD Drivers/STM32F1xx_HAL_Driver/Src/stm32f1xx_hal_tim_ex.o
LOAD Drivers/STM32F1xx_HAL_Driver/Src/stm32f1xx_hal_uart.o
LOAD Src/example.o
LOAD Src/main.o
LOAD Src/stm32f1xx_hal_msp.o
LOAD Src/stm32f1xx_it.o
LOAD Src/syscalls.o
LOAD Src/sysmem.o
LOAD Src/system_stm32f1xx.o
LOAD Startup/startup_stm32f103rbtx.o
LOAD note-c/n_atof.o
LOAD note-c/n_b64.o
LOAD note-c/n_cjson.o
LOAD note-c/n_cjson_helpers.o
LOAD note-c/n_ftoa.o
LOAD note-c/n_helpers.o
LOAD note-c/n_hooks.o
LOAD note-c/n_i2c.o
LOAD note-c/n_request.o
LOAD note-c/n_serial.o
LOAD note-c/n_str.o
START GROUP
LOAD c:/st/stm32cubeide_1.0.2/stm32cubeide/plugins/com.st.stm32cube.ide.mcu.externaltools.gnu-tools-for-stm32.7-2018-q2-update.win32_1.0.0.201904181610/tools/bin/../lib/gcc/arm-none-eabi/7.3.1/../../../../arm-none-eabi/lib/thumb/v7-m\libc_nano.a
LOAD c:/st/stm32cubeide_1.0.2/stm32cubeide/plugins/com.st.stm32cube.ide.mcu.externaltools.gnu-tools-for-stm32.7-2018-q2-update.win32_1.0.0.201904181610/tools/bin/../lib/gcc/arm-none-eabi/7.3.1/../../../../arm-none-eabi/lib/thumb/v7-m\libm.a
END GROUP
START GROUP
LOAD c:/st/stm32cubeide_1.0.2/stm32cubeide/plugins/com.st.stm32cube.ide.mcu.externaltools.gnu-tools-for-stm32.7-2018-q2-update.win32_1.0.0.201904181610/tools/bin/../lib/gcc/arm-none-eabi/7.3.1/thumb/v7-m\libgcc.a
LOAD c:/st/stm32cubeide_1.0.2/stm32cubeide/plugins/com.st.stm32cube.ide.mcu.externaltools.gnu-tools-for-stm32.7-2018-q2-update.win32_1.0.0.201904181610/tools/bin/../lib/gcc/arm-none-eabi/7.3.1/../../../../arm-none-eabi/lib/thumb/v7-m\libc_nano.a
END GROUP
START GROUP
LOAD c:/st/stm32cubeide_1.0.2/stm32cubeide/plugins/com.st.stm32cube.ide.mcu.externaltools.gnu-tools-for-stm32.7-2018-q2-update.win32_1.0.0.201904181610/tools/bin/../lib/gcc/arm-none-eabi/7.3.1/thumb/v7-m\libgcc.a
LOAD c:/st/stm32cubeide_1.0.2/stm32cubeide/plugins/com.st.stm32cube.ide.mcu.externaltools.gnu-tools-for-stm32.7-2018-q2-update.win32_1.0.0.201904181610/tools/bin/../lib/gcc/arm-none-eabi/7.3.1/../../../../arm-none-eabi/lib/thumb/v7-m\libc_nano.a
LOAD c:/st/stm32cubeide_1.0.2/stm32cubeide/plugins/com.st.stm32cube.ide.mcu.externaltools.gnu-tools-for-stm32.7-2018-q2-update.win32_1.0.0.201904181610/tools/bin/../lib/gcc/arm-none-eabi/7.3.1/../../../../arm-none-eabi/lib/thumb/v7-m\libnosys.a
END GROUP
START GROUP
LOAD c:/st/stm32cubeide_1.0.2/stm32cubeide/plugins/com.st.stm32cube.ide.mcu.externaltools.gnu-tools-for-stm32.7-2018-q2-update.win32_1.0.0.201904181610/tools/bin/../lib/gcc/arm-none-eabi/7.3.1/thumb/v7-m\libgcc.a
LOAD c:/st/stm32cubeide_1.0.2/stm32cubeide/plugins/com.st.stm32cube.ide.mcu.externaltools.gnu-tools-for-stm32.7-2018-q2-update.win32_1.0.0.201904181610/tools/bin/../lib/gcc/arm-none-eabi/7.3.1/../../../../arm-none-eabi/lib/thumb/v7-m\libc_nano.a
LOAD c:/st/stm32cubeide_1.0.2/stm32cubeide/plugins/com.st.stm32cube.ide.mcu.externaltools.gnu-tools-for-stm32.7-2018-q2-update.win32_1.0.0.201904181610/tools/bin/../lib/gcc/arm-none-eabi/7.3.1/../../../../arm-none-eabi/lib/thumb/v7-m\libnosys.a
END GROUP
LOAD c:/st/stm32cubeide_1.0.2/stm32cubeide/plugins/com.st.stm32cube.ide.mcu.externaltools.gnu-tools-for-stm32.7-2018-q2-update.win32_1.0.0.201904181610/tools/bin/../lib/gcc/arm-none-eabi/7.3.1/thumb/v7-m/crtend.o
LOAD c:/st/stm32cubeide_1.0.2/stm32cubeide/plugins/com.st.stm32cube.ide.mcu.externaltools.gnu-tools-for-stm32.7-2018-q2-update.win32_1.0.0.201904181610/tools/bin/../lib/gcc/arm-none-eabi/7.3.1/thumb/v7-m/crtn.o
                0x0000000020005000                _estack = 0x20005000
                0x0000000000000200                _Min_Heap_Size = 0x200
                0x0000000000000400                _Min_Stack_Size = 0x400

.isr_vector     0x0000000008000000      0x10c
                0x0000000008000000                . = ALIGN (0x4)
 *(.isr_vector)
 .isr_vector    0x0000000008000000      0x10c Startup/startup_stm32f103rbtx.o
                0x0000000008000000                g_pfnVectors
                0x000000000800010c                . = ALIGN (0x4)

.text           0x0000000008000110     0x8ad8
                0x0000000008000110                . = ALIGN (0x4)
 *(.text)
 .text          0x0000000008000110       0x40 c:/st/stm32cubeide_1.0.2/stm32cubeide/plugins/com.st.stm32cube.ide.mcu.externaltools.gnu-tools-for-stm32.7-2018-q2-update.win32_1.0.0.201904181610/tools/bin/../lib/gcc/arm-none-eabi/7.3.1/thumb/v7-m/crtbegin.o
 .text          0x0000000008000150       0x14 c:/st/stm32cubeide_1.0.2/stm32cubeide/plugins/com.st.stm32cube.ide.mcu.externaltools.gnu-tools-for-stm32.7-2018-q2-update.win32_1.0.0.201904181610/tools/bin/../lib/gcc/arm-none-eabi/7.3.1/../../../../arm-none-eabi/lib/thumb/v7-m\libc_nano.a(lib_a-strcmp.o)
                0x0000000008000150                strcmp
 .text          0x0000000008000164       0x10 c:/st/stm32cubeide_1.0.2/stm32cubeide/plugins/com.st.stm32cube.ide.mcu.externaltools.gnu-tools-for-stm32.7-2018-q2-update.win32_1.0.0.201904181610/tools/bin/../lib/gcc/arm-none-eabi/7.3.1/../../../../arm-none-eabi/lib/thumb/v7-m\libc_nano.a(lib_a-strlen.o)
                0x0000000008000164                strlen
 .text          0x0000000008000174      0x378 c:/st/stm32cubeide_1.0.2/stm32cubeide/plugins/com.st.stm32cube.ide.mcu.externaltools.gnu-tools-for-stm32.7-2018-q2-update.win32_1.0.0.201904181610/tools/bin/../lib/gcc/arm-none-eabi/7.3.1/thumb/v7-m\libgcc.a(_arm_addsubdf3.o)
                0x0000000008000174                __aeabi_drsub
                0x000000000800017c                __aeabi_dsub
                0x000000000800017c                __subdf3
                0x0000000008000180                __aeabi_dadd
                0x0000000008000180                __adddf3
                0x00000000080003f8                __floatunsidf
                0x00000000080003f8                __aeabi_ui2d
                0x0000000008000418                __floatsidf
                0x0000000008000418                __aeabi_i2d
                0x000000000800043c                __aeabi_f2d
                0x000000000800043c                __extendsfdf2
                0x0000000008000480                __floatundidf
                0x0000000008000480                __aeabi_ul2d
                0x0000000008000490                __floatdidf
                0x0000000008000490                __aeabi_l2d
 .text          0x00000000080004ec      0x424 c:/st/stm32cubeide_1.0.2/stm32cubeide/plugins/com.st.stm32cube.ide.mcu.externaltools.gnu-tools-for-stm32.7-2018-q2-update.win32_1.0.0.201904181610/tools/bin/../lib/gcc/arm-none-eabi/7.3.1/thumb/v7-m\libgcc.a(_arm_muldivdf3.o)
                0x00000000080004ec                __aeabi_dmul
                0x00000000080004ec                __muldf3
                0x0000000008000740                __divdf3
                0x0000000008000740                __aeabi_ddiv
 .text          0x0000000008000910      0x110 c:/st/stm32cubeide_1.0.2/stm32cubeide/plugins/com.st.stm32cube.ide.mcu.externaltools.gnu-tools-for-stm32.7-2018-q2-update.win32_1.0.0.201904181610/tools/bin/../lib/gcc/arm-none-eabi/7.3.1/thumb/v7-m\libgcc.a(_arm_cmpdf2.o)
                0x0000000008000910                __gtdf2
                0x0000000008000910                __gedf2
                0x0000000008000918                __ltdf2
                0x0000000008000918                __ledf2
                0x0000000008000920                __nedf2
                0x0000000008000920                __eqdf2
                0x0000000008000920                __cmpdf2
                0x000000000800099c                __aeabi_cdrcmple
                0x00000000080009ac                __aeabi_cdcmpeq
                0x00000000080009ac                __aeabi_cdcmple
                0x00000000080009bc                __aeabi_dcmpeq
                0x00000000080009d0                __aeabi_dcmplt
                0x00000000080009e4                __aeabi_dcmple
                0x00000000080009f8                __aeabi_dcmpge
                0x0000000008000a0c                __aeabi_dcmpgt
 .text          0x0000000008000a20       0x50 c:/st/stm32cubeide_1.0.2/stm32cubeide/plugins/com.st.stm32cube.ide.mcu.externaltools.gnu-tools-for-stm32.7-2018-q2-update.win32_1.0.0.201904181610/tools/bin/../lib/gcc/arm-none-eabi/7.3.1/thumb/v7-m\libgcc.a(_arm_fixdfsi.o)
                0x0000000008000a20                __aeabi_d2iz
                0x0000000008000a20                __fixdfsi
 .text          0x0000000008000a70       0x40 c:/st/stm32cubeide_1.0.2/stm32cubeide/plugins/com.st.stm32cube.ide.mcu.externaltools.gnu-tools-for-stm32.7-2018-q2-update.win32_1.0.0.201904181610/tools/bin/../lib/gcc/arm-none-eabi/7.3.1/thumb/v7-m\libgcc.a(_arm_fixunsdfsi.o)
                0x0000000008000a70                __aeabi_d2uiz
                0x0000000008000a70                __fixunsdfsi
 *(.text*)
 .text.HAL_Init
                0x0000000008000ab0       0x2c Drivers/STM32F1xx_HAL_Driver/Src/stm32f1xx_hal.o
                0x0000000008000ab0                HAL_Init
 .text.HAL_InitTick
                0x0000000008000adc       0x60 Drivers/STM32F1xx_HAL_Driver/Src/stm32f1xx_hal.o
                0x0000000008000adc                HAL_InitTick
 .text.HAL_IncTick
                0x0000000008000b3c       0x24 Drivers/STM32F1xx_HAL_Driver/Src/stm32f1xx_hal.o
                0x0000000008000b3c                HAL_IncTick
 .text.HAL_GetTick
                0x0000000008000b60       0x14 Drivers/STM32F1xx_HAL_Driver/Src/stm32f1xx_hal.o
                0x0000000008000b60                HAL_GetTick
 .text.HAL_Delay
                0x0000000008000b74       0x44 Drivers/STM32F1xx_HAL_Driver/Src/stm32f1xx_hal.o
                0x0000000008000b74                HAL_Delay
 .text.__NVIC_SetPriorityGrouping
                0x0000000008000bb8       0x48 Drivers/STM32F1xx_HAL_Driver/Src/stm32f1xx_hal_cortex.o
 .text.__NVIC_GetPriorityGrouping
                0x0000000008000c00       0x1c Drivers/STM32F1xx_HAL_Driver/Src/stm32f1xx_hal_cortex.o
 .text.__NVIC_EnableIRQ
                0x0000000008000c1c       0x38 Drivers/STM32F1xx_HAL_Driver/Src/stm32f1xx_hal_cortex.o
 .text.__NVIC_DisableIRQ
                0x0000000008000c54       0x44 Drivers/STM32F1xx_HAL_Driver/Src/stm32f1xx_hal_cortex.o
 .text.__NVIC_SetPriority
                0x0000000008000c98       0x54 Drivers/STM32F1xx_HAL_Driver/Src/stm32f1xx_hal_cortex.o
 .text.NVIC_EncodePriority
                0x0000000008000cec       0x64 Drivers/STM32F1xx_HAL_Driver/Src/stm32f1xx_hal_cortex.o
 .text.SysTick_Config
                0x0000000008000d50       0x44 Drivers/STM32F1xx_HAL_Driver/Src/stm32f1xx_hal_cortex.o
 .text.HAL_NVIC_SetPriorityGrouping
                0x0000000008000d94       0x16 Drivers/STM32F1xx_HAL_Driver/Src/stm32f1xx_hal_cortex.o
                0x0000000008000d94                HAL_NVIC_SetPriorityGrouping
 .text.HAL_NVIC_SetPriority
                0x0000000008000daa       0x38 Drivers/STM32F1xx_HAL_Driver/Src/stm32f1xx_hal_cortex.o
                0x0000000008000daa                HAL_NVIC_SetPriority
 .text.HAL_NVIC_EnableIRQ
                0x0000000008000de2       0x1c Drivers/STM32F1xx_HAL_Driver/Src/stm32f1xx_hal_cortex.o
                0x0000000008000de2                HAL_NVIC_EnableIRQ
 .text.HAL_NVIC_DisableIRQ
                0x0000000008000dfe       0x1c Drivers/STM32F1xx_HAL_Driver/Src/stm32f1xx_hal_cortex.o
                0x0000000008000dfe                HAL_NVIC_DisableIRQ
 .text.HAL_SYSTICK_Config
                0x0000000008000e1a       0x18 Drivers/STM32F1xx_HAL_Driver/Src/stm32f1xx_hal_cortex.o
                0x0000000008000e1a                HAL_SYSTICK_Config
 *fill*         0x0000000008000e32        0x2 
 .text.HAL_DMA_Abort_IT
                0x0000000008000e34       0xec Drivers/STM32F1xx_HAL_Driver/Src/stm32f1xx_hal_dma.o
                0x0000000008000e34                HAL_DMA_Abort_IT
 .text.HAL_DMA_GetState
                0x0000000008000f20       0x18 Drivers/STM32F1xx_HAL_Driver/Src/stm32f1xx_hal_dma.o
                0x0000000008000f20                HAL_DMA_GetState
 .text.HAL_GPIO_Init
                0x0000000008000f38      0x2b4 Drivers/STM32F1xx_HAL_Driver/Src/stm32f1xx_hal_gpio.o
                0x0000000008000f38                HAL_GPIO_Init
 .text.HAL_GPIO_DeInit
                0x00000000080011ec      0x178 Drivers/STM32F1xx_HAL_Driver/Src/stm32f1xx_hal_gpio.o
                0x00000000080011ec                HAL_GPIO_DeInit
 .text.HAL_GPIO_WritePin
                0x0000000008001364       0x30 Drivers/STM32F1xx_HAL_Driver/Src/stm32f1xx_hal_gpio.o
                0x0000000008001364                HAL_GPIO_WritePin
 .text.HAL_GPIO_EXTI_IRQHandler
                0x0000000008001394       0x30 Drivers/STM32F1xx_HAL_Driver/Src/stm32f1xx_hal_gpio.o
                0x0000000008001394                HAL_GPIO_EXTI_IRQHandler
 .text.HAL_I2C_Init
                0x00000000080013c4      0x250 Drivers/STM32F1xx_HAL_Driver/Src/stm32f1xx_hal_i2c.o
                0x00000000080013c4                HAL_I2C_Init
 .text.HAL_I2C_DeInit
                0x0000000008001614       0x5e Drivers/STM32F1xx_HAL_Driver/Src/stm32f1xx_hal_i2c.o
                0x0000000008001614                HAL_I2C_DeInit
 *fill*         0x0000000008001672        0x2 
 .text.HAL_I2C_Master_Transmit
                0x0000000008001674      0x1fc Drivers/STM32F1xx_HAL_Driver/Src/stm32f1xx_hal_i2c.o
                0x0000000008001674                HAL_I2C_Master_Transmit
 .text.HAL_I2C_Master_Receive
                0x0000000008001870      0x45c Drivers/STM32F1xx_HAL_Driver/Src/stm32f1xx_hal_i2c.o
                0x0000000008001870                HAL_I2C_Master_Receive
 .text.HAL_I2C_EV_IRQHandler
                0x0000000008001ccc      0x2cc Drivers/STM32F1xx_HAL_Driver/Src/stm32f1xx_hal_i2c.o
                0x0000000008001ccc                HAL_I2C_EV_IRQHandler
 .text.HAL_I2C_ER_IRQHandler
                0x0000000008001f98      0x15a Drivers/STM32F1xx_HAL_Driver/Src/stm32f1xx_hal_i2c.o
                0x0000000008001f98                HAL_I2C_ER_IRQHandler
 .text.HAL_I2C_MasterTxCpltCallback
                0x00000000080020f2       0x12 Drivers/STM32F1xx_HAL_Driver/Src/stm32f1xx_hal_i2c.o
                0x00000000080020f2                HAL_I2C_MasterTxCpltCallback
 .text.HAL_I2C_MasterRxCpltCallback
                0x0000000008002104       0x12 Drivers/STM32F1xx_HAL_Driver/Src/stm32f1xx_hal_i2c.o
                0x0000000008002104                HAL_I2C_MasterRxCpltCallback
 .text.HAL_I2C_SlaveTxCpltCallback
                0x0000000008002116       0x12 Drivers/STM32F1xx_HAL_Driver/Src/stm32f1xx_hal_i2c.o
                0x0000000008002116                HAL_I2C_SlaveTxCpltCallback
 .text.HAL_I2C_SlaveRxCpltCallback
                0x0000000008002128       0x12 Drivers/STM32F1xx_HAL_Driver/Src/stm32f1xx_hal_i2c.o
                0x0000000008002128                HAL_I2C_SlaveRxCpltCallback
 .text.HAL_I2C_AddrCallback
                0x000000000800213a       0x1a Drivers/STM32F1xx_HAL_Driver/Src/stm32f1xx_hal_i2c.o
                0x000000000800213a                HAL_I2C_AddrCallback
 .text.HAL_I2C_ListenCpltCallback
                0x0000000008002154       0x12 Drivers/STM32F1xx_HAL_Driver/Src/stm32f1xx_hal_i2c.o
                0x0000000008002154                HAL_I2C_ListenCpltCallback
 .text.HAL_I2C_MemTxCpltCallback
                0x0000000008002166       0x12 Drivers/STM32F1xx_HAL_Driver/Src/stm32f1xx_hal_i2c.o
                0x0000000008002166                HAL_I2C_MemTxCpltCallback
 .text.HAL_I2C_MemRxCpltCallback
                0x0000000008002178       0x12 Drivers/STM32F1xx_HAL_Driver/Src/stm32f1xx_hal_i2c.o
                0x0000000008002178                HAL_I2C_MemRxCpltCallback
 .text.HAL_I2C_ErrorCallback
                0x000000000800218a       0x12 Drivers/STM32F1xx_HAL_Driver/Src/stm32f1xx_hal_i2c.o
                0x000000000800218a                HAL_I2C_ErrorCallback
 .text.HAL_I2C_AbortCpltCallback
                0x000000000800219c       0x12 Drivers/STM32F1xx_HAL_Driver/Src/stm32f1xx_hal_i2c.o
                0x000000000800219c                HAL_I2C_AbortCpltCallback
 .text.I2C_MasterTransmit_TXE
                0x00000000080021ae      0x1f0 Drivers/STM32F1xx_HAL_Driver/Src/stm32f1xx_hal_i2c.o
 .text.I2C_MasterTransmit_BTF
                0x000000000800239e       0xec Drivers/STM32F1xx_HAL_Driver/Src/stm32f1xx_hal_i2c.o
 .text.I2C_MasterReceive_RXNE
                0x000000000800248a      0x104 Drivers/STM32F1xx_HAL_Driver/Src/stm32f1xx_hal_i2c.o
 .text.I2C_MasterReceive_BTF
                0x000000000800258e      0x1d4 Drivers/STM32F1xx_HAL_Driver/Src/stm32f1xx_hal_i2c.o
 .text.I2C_Master_SB
                0x0000000008002762      0x10a Drivers/STM32F1xx_HAL_Driver/Src/stm32f1xx_hal_i2c.o
 .text.I2C_Master_ADD10
                0x000000000800286c       0x52 Drivers/STM32F1xx_HAL_Driver/Src/stm32f1xx_hal_i2c.o
 .text.I2C_Master_ADDR
                0x00000000080028be      0x336 Drivers/STM32F1xx_HAL_Driver/Src/stm32f1xx_hal_i2c.o
 .text.I2C_SlaveTransmit_TXE
                0x0000000008002bf4       0x7a Drivers/STM32F1xx_HAL_Driver/Src/stm32f1xx_hal_i2c.o
 .text.I2C_SlaveTransmit_BTF
                0x0000000008002c6e       0x40 Drivers/STM32F1xx_HAL_Driver/Src/stm32f1xx_hal_i2c.o
 .text.I2C_SlaveReceive_RXNE
                0x0000000008002cae       0x7c Drivers/STM32F1xx_HAL_Driver/Src/stm32f1xx_hal_i2c.o
 .text.I2C_SlaveReceive_BTF
                0x0000000008002d2a       0x42 Drivers/STM32F1xx_HAL_Driver/Src/stm32f1xx_hal_i2c.o
 .text.I2C_Slave_ADDR
                0x0000000008002d6c       0x88 Drivers/STM32F1xx_HAL_Driver/Src/stm32f1xx_hal_i2c.o
 .text.I2C_Slave_STOPF
                0x0000000008002df4      0x260 Drivers/STM32F1xx_HAL_Driver/Src/stm32f1xx_hal_i2c.o
 .text.I2C_Slave_AF
                0x0000000008003054       0xe0 Drivers/STM32F1xx_HAL_Driver/Src/stm32f1xx_hal_i2c.o
 .text.I2C_ITError
                0x0000000008003134      0x22c Drivers/STM32F1xx_HAL_Driver/Src/stm32f1xx_hal_i2c.o
 .text.I2C_MasterRequestWrite
                0x0000000008003360       0xec Drivers/STM32F1xx_HAL_Driver/Src/stm32f1xx_hal_i2c.o
 .text.I2C_MasterRequestRead
                0x000000000800344c      0x16c Drivers/STM32F1xx_HAL_Driver/Src/stm32f1xx_hal_i2c.o
 .text.I2C_DMAAbort
                0x00000000080035b8       0xde Drivers/STM32F1xx_HAL_Driver/Src/stm32f1xx_hal_i2c.o
 .text.I2C_WaitOnFlagUntilTimeout
                0x0000000008003696       0xae Drivers/STM32F1xx_HAL_Driver/Src/stm32f1xx_hal_i2c.o
 .text.I2C_WaitOnMasterAddressFlagUntilTimeout
                0x0000000008003744       0xfe Drivers/STM32F1xx_HAL_Driver/Src/stm32f1xx_hal_i2c.o
 .text.I2C_WaitOnTXEFlagUntilTimeout
                0x0000000008003842       0x82 Drivers/STM32F1xx_HAL_Driver/Src/stm32f1xx_hal_i2c.o
 .text.I2C_WaitOnBTFFlagUntilTimeout
                0x00000000080038c4       0x82 Drivers/STM32F1xx_HAL_Driver/Src/stm32f1xx_hal_i2c.o
 .text.I2C_WaitOnRXNEFlagUntilTimeout
                0x0000000008003946       0xac Drivers/STM32F1xx_HAL_Driver/Src/stm32f1xx_hal_i2c.o
 .text.I2C_IsAcknowledgeFailed
                0x00000000080039f2       0x5c Drivers/STM32F1xx_HAL_Driver/Src/stm32f1xx_hal_i2c.o
 .text.I2C_ConvertOtherXferOptions
                0x0000000008003a4e       0x34 Drivers/STM32F1xx_HAL_Driver/Src/stm32f1xx_hal_i2c.o
 *fill*         0x0000000008003a82        0x2 
 .text.HAL_RCC_OscConfig
                0x0000000008003a84      0x500 Drivers/STM32F1xx_HAL_Driver/Src/stm32f1xx_hal_rcc.o
                0x0000000008003a84                HAL_RCC_OscConfig
 .text.HAL_RCC_ClockConfig
                0x0000000008003f84      0x1d4 Drivers/STM32F1xx_HAL_Driver/Src/stm32f1xx_hal_rcc.o
                0x0000000008003f84                HAL_RCC_ClockConfig
 .text.HAL_RCC_GetSysClockFreq
                0x0000000008004158       0xc4 Drivers/STM32F1xx_HAL_Driver/Src/stm32f1xx_hal_rcc.o
                0x0000000008004158                HAL_RCC_GetSysClockFreq
 .text.HAL_RCC_GetHCLKFreq
                0x000000000800421c       0x14 Drivers/STM32F1xx_HAL_Driver/Src/stm32f1xx_hal_rcc.o
                0x000000000800421c                HAL_RCC_GetHCLKFreq
 .text.HAL_RCC_GetPCLK1Freq
                0x0000000008004230       0x28 Drivers/STM32F1xx_HAL_Driver/Src/stm32f1xx_hal_rcc.o
                0x0000000008004230                HAL_RCC_GetPCLK1Freq
 .text.RCC_Delay
                0x0000000008004258       0x3c Drivers/STM32F1xx_HAL_Driver/Src/stm32f1xx_hal_rcc.o
 .text.HAL_UART_Receive_IT
                0x0000000008004294       0xa8 Drivers/STM32F1xx_HAL_Driver/Src/stm32f1xx_hal_uart.o
                0x0000000008004294                HAL_UART_Receive_IT
 .text.HAL_UART_IRQHandler
                0x000000000800433c      0x1f8 Drivers/STM32F1xx_HAL_Driver/Src/stm32f1xx_hal_uart.o
                0x000000000800433c                HAL_UART_IRQHandler
 .text.HAL_UART_TxCpltCallback
                0x0000000008004534       0x12 Drivers/STM32F1xx_HAL_Driver/Src/stm32f1xx_hal_uart.o
                0x0000000008004534                HAL_UART_TxCpltCallback
 .text.HAL_UART_RxCpltCallback
                0x0000000008004546       0x12 Drivers/STM32F1xx_HAL_Driver/Src/stm32f1xx_hal_uart.o
                0x0000000008004546                HAL_UART_RxCpltCallback
 .text.HAL_UART_ErrorCallback
                0x0000000008004558       0x12 Drivers/STM32F1xx_HAL_Driver/Src/stm32f1xx_hal_uart.o
                0x0000000008004558                HAL_UART_ErrorCallback
 .text.UART_EndRxTransfer
                0x000000000800456a       0x3a Drivers/STM32F1xx_HAL_Driver/Src/stm32f1xx_hal_uart.o
 .text.UART_DMAAbortOnError
                0x00000000080045a4       0x28 Drivers/STM32F1xx_HAL_Driver/Src/stm32f1xx_hal_uart.o
 .text.UART_Transmit_IT
                0x00000000080045cc       0xaa Drivers/STM32F1xx_HAL_Driver/Src/stm32f1xx_hal_uart.o
 .text.UART_EndTransmit_IT
                0x0000000008004676       0x30 Drivers/STM32F1xx_HAL_Driver/Src/stm32f1xx_hal_uart.o
 .text.UART_Receive_IT
                0x00000000080046a6      0x102 Drivers/STM32F1xx_HAL_Driver/Src/stm32f1xx_hal_uart.o
 .text.setup    0x00000000080047a8       0x44 Src/example.o
                0x00000000080047a8                setup
 .text.loop     0x00000000080047ec      0x128 Src/example.o
                0x00000000080047ec                loop
 .text.main     0x0000000008004914       0x54 Src/main.o
                0x0000000008004914                main
 .text.SystemClock_Config
                0x0000000008004968       0x82 Src/main.o
                0x0000000008004968                SystemClock_Config
 *fill*         0x00000000080049ea        0x2 
 .text.MX_I2C1_Init
                0x00000000080049ec       0x70 Src/main.o
                0x00000000080049ec                MX_I2C1_Init
 .text.MX_I2C1_DeInit
                0x0000000008004a5c       0x2c Src/main.o
                0x0000000008004a5c                MX_I2C1_DeInit
 .text.MY_UART_IRQHandler
                0x0000000008004a88       0x98 Src/main.o
                0x0000000008004a88                MY_UART_IRQHandler
 .text.MX_GPIO_Init
                0x0000000008004b20       0xf4 Src/main.o
                0x0000000008004b20                MX_GPIO_Init
 .text.HAL_GPIO_EXTI_Callback
                0x0000000008004c14       0x14 Src/main.o
                0x0000000008004c14                HAL_GPIO_EXTI_Callback
 .text.Error_Handler
                0x0000000008004c28        0xc Src/main.o
                0x0000000008004c28                Error_Handler
 .text.delay    0x0000000008004c34       0x16 Src/main.o
                0x0000000008004c34                delay
 .text.millis   0x0000000008004c4a        0xe Src/main.o
                0x0000000008004c4a                millis
 .text.noteI2CReset
                0x0000000008004c58       0x10 Src/main.o
                0x0000000008004c58                noteI2CReset
 .text.noteI2CTransmit
                0x0000000008004c68       0x8c Src/main.o
                0x0000000008004c68                noteI2CTransmit
 .text.noteI2CReceive
                0x0000000008004cf4      0x100 Src/main.o
                0x0000000008004cf4                noteI2CReceive
 .text.HAL_MspInit
                0x0000000008004df4       0x64 Src/stm32f1xx_hal_msp.o
                0x0000000008004df4                HAL_MspInit
 .text.HAL_I2C_MspInit
                0x0000000008004e58       0xc0 Src/stm32f1xx_hal_msp.o
                0x0000000008004e58                HAL_I2C_MspInit
 .text.HAL_I2C_MspDeInit
                0x0000000008004f18       0x48 Src/stm32f1xx_hal_msp.o
                0x0000000008004f18                HAL_I2C_MspDeInit
 .text.NMI_Handler
                0x0000000008004f60        0xc Src/stm32f1xx_it.o
                0x0000000008004f60                NMI_Handler
 .text.HardFault_Handler
                0x0000000008004f6c        0x6 Src/stm32f1xx_it.o
                0x0000000008004f6c                HardFault_Handler
 .text.MemManage_Handler
                0x0000000008004f72        0x6 Src/stm32f1xx_it.o
                0x0000000008004f72                MemManage_Handler
 .text.BusFault_Handler
                0x0000000008004f78        0x6 Src/stm32f1xx_it.o
                0x0000000008004f78                BusFault_Handler
 .text.UsageFault_Handler
                0x0000000008004f7e        0x6 Src/stm32f1xx_it.o
                0x0000000008004f7e                UsageFault_Handler
 .text.SVC_Handler
                0x0000000008004f84        0xc Src/stm32f1xx_it.o
                0x0000000008004f84                SVC_Handler
 .text.DebugMon_Handler
                0x0000000008004f90        0xc Src/stm32f1xx_it.o
                0x0000000008004f90                DebugMon_Handler
 .text.PendSV_Handler
                0x0000000008004f9c        0xc Src/stm32f1xx_it.o
                0x0000000008004f9c                PendSV_Handler
 .text.SysTick_Handler
                0x0000000008004fa8        0xc Src/stm32f1xx_it.o
                0x0000000008004fa8                SysTick_Handler
 .text.I2C1_EV_IRQHandler
                0x0000000008004fb4       0x14 Src/stm32f1xx_it.o
                0x0000000008004fb4                I2C1_EV_IRQHandler
 .text.I2C1_ER_IRQHandler
                0x0000000008004fc8       0x14 Src/stm32f1xx_it.o
                0x0000000008004fc8                I2C1_ER_IRQHandler
 .text.USART1_IRQHandler
                0x0000000008004fdc       0x18 Src/stm32f1xx_it.o
                0x0000000008004fdc                USART1_IRQHandler
 .text.EXTI0_IRQHandler
                0x0000000008004ff4        0xe Src/stm32f1xx_it.o
                0x0000000008004ff4                EXTI0_IRQHandler
 .text.EXTI1_IRQHandler
                0x0000000008005002        0xe Src/stm32f1xx_it.o
                0x0000000008005002                EXTI1_IRQHandler
 .text.EXTI2_IRQHandler
                0x0000000008005010        0xe Src/stm32f1xx_it.o
                0x0000000008005010                EXTI2_IRQHandler
 .text.EXTI3_IRQHandler
                0x000000000800501e        0xe Src/stm32f1xx_it.o
                0x000000000800501e                EXTI3_IRQHandler
 .text.EXTI4_IRQHandler
                0x000000000800502c        0xe Src/stm32f1xx_it.o
                0x000000000800502c                EXTI4_IRQHandler
 *fill*         0x000000000800503a        0x2 
 .text.MY_GPIO_EXTI_IRQHandler
                0x000000000800503c       0x3c Src/stm32f1xx_it.o
                0x000000000800503c                MY_GPIO_EXTI_IRQHandler
 .text.EXTI9_5_IRQHandler
                0x0000000008005078       0x10 Src/stm32f1xx_it.o
                0x0000000008005078                EXTI9_5_IRQHandler
 .text.EXTI15_10_IRQHandler
                0x0000000008005088       0x10 Src/stm32f1xx_it.o
                0x0000000008005088                EXTI15_10_IRQHandler
 .text._sbrk    0x0000000008005098       0x58 Src/sysmem.o
                0x0000000008005098                _sbrk
 .text.SystemInit
                0x00000000080050f0       0x68 Src/system_stm32f1xx.o
                0x00000000080050f0                SystemInit
 .text.Reset_Handler
                0x0000000008005158       0x48 Startup/startup_stm32f103rbtx.o
                0x0000000008005158                Reset_Handler
 .text.Default_Handler
                0x00000000080051a0        0x2 Startup/startup_stm32f103rbtx.o
                0x00000000080051a0                RTC_Alarm_IRQHandler
                0x00000000080051a0                TIM1_CC_IRQHandler
                0x00000000080051a0                PVD_IRQHandler
                0x00000000080051a0                I2C2_EV_IRQHandler
                0x00000000080051a0                ADC1_2_IRQHandler
                0x00000000080051a0                SPI1_IRQHandler
                0x00000000080051a0                TAMPER_IRQHandler
                0x00000000080051a0                DMA1_Channel4_IRQHandler
                0x00000000080051a0                USART3_IRQHandler
                0x00000000080051a0                RTC_IRQHandler
                0x00000000080051a0                DMA1_Channel7_IRQHandler
                0x00000000080051a0                CAN1_RX1_IRQHandler
                0x00000000080051a0                TIM4_IRQHandler
                0x00000000080051a0                DMA1_Channel6_IRQHandler
                0x00000000080051a0                TIM3_IRQHandler
                0x00000000080051a0                RCC_IRQHandler
                0x00000000080051a0                TIM1_TRG_COM_IRQHandler
                0x00000000080051a0                DMA1_Channel1_IRQHandler
                0x00000000080051a0                Default_Handler
                0x00000000080051a0                SPI2_IRQHandler
                0x00000000080051a0                DMA1_Channel5_IRQHandler
                0x00000000080051a0                USB_LP_CAN1_RX0_IRQHandler
                0x00000000080051a0                USB_HP_CAN1_TX_IRQHandler
                0x00000000080051a0                DMA1_Channel3_IRQHandler
                0x00000000080051a0                TIM1_UP_IRQHandler
                0x00000000080051a0                WWDG_IRQHandler
                0x00000000080051a0                TIM2_IRQHandler
                0x00000000080051a0                TIM1_BRK_IRQHandler
                0x00000000080051a0                USART2_IRQHandler
                0x00000000080051a0                I2C2_ER_IRQHandler
                0x00000000080051a0                DMA1_Channel2_IRQHandler
                0x00000000080051a0                CAN1_SCE_IRQHandler
                0x00000000080051a0                FLASH_IRQHandler
                0x00000000080051a0                USBWakeUp_IRQHandler
 *fill*         0x00000000080051a2        0x6 
 .text.JAtoN    0x00000000080051a8      0x29c note-c/n_atof.o
                0x00000000080051a8                JAtoN
 .text.case_insensitive_strcmp
                0x0000000008005444       0xe0 note-c/n_cjson.o
 .text.Jstrdup  0x0000000008005524       0x50 note-c/n_cjson.o
 .text.JFree    0x0000000008005574       0x1c note-c/n_cjson.o
                0x0000000008005574                JFree
 .text.JNew_Item
                0x0000000008005590       0x2c note-c/n_cjson.o
 .text.JDelete  0x00000000080055bc       0x90 note-c/n_cjson.o
                0x00000000080055bc                JDelete
 .text.get_decimal_point
                0x000000000800564c        0xe note-c/n_cjson.o
 *fill*         0x000000000800565a        0x6 
 .text.parse_number
                0x0000000008005660      0x25c note-c/n_cjson.o
 .text.ensure   0x00000000080058bc      0x13a note-c/n_cjson.o
 .text.update_offset
                0x00000000080059f6       0x42 note-c/n_cjson.o
 .text.print_number
                0x0000000008005a38      0x130 note-c/n_cjson.o
 .text.parse_hex4
                0x0000000008005b68       0xc2 note-c/n_cjson.o
 *fill*         0x0000000008005c2a        0x2 
 .text.utf16_literal_to_utf8
                0x0000000008005c2c      0x1cc note-c/n_cjson.o
 .text.parse_string
                0x0000000008005df8      0x360 note-c/n_cjson.o
 .text.htoa16   0x0000000008006158       0x62 note-c/n_cjson.o
                0x0000000008006158                htoa16
 *fill*         0x00000000080061ba        0x2 
 .text.print_string_ptr
                0x00000000080061bc      0x1f0 note-c/n_cjson.o
 .text.print_string
                0x00000000080063ac       0x20 note-c/n_cjson.o
 .text.buffer_skip_whitespace
                0x00000000080063cc       0x68 note-c/n_cjson.o
 .text.skip_utf8_bom
                0x0000000008006434       0x68 note-c/n_cjson.o
 .text.JParseWithOpts
                0x000000000800649c      0x134 note-c/n_cjson.o
                0x000000000800649c                JParseWithOpts
 .text.JParse   0x00000000080065d0       0x1c note-c/n_cjson.o
                0x00000000080065d0                JParse
 .text.print    0x00000000080065ec      0x108 note-c/n_cjson.o
 .text.JPrintUnformatted
                0x00000000080066f4       0x20 note-c/n_cjson.o
                0x00000000080066f4                JPrintUnformatted
 .text.parse_value
                0x0000000008006714      0x1d8 note-c/n_cjson.o
 .text.print_value
                0x00000000080068ec      0x14c note-c/n_cjson.o
 .text.parse_array
                0x0000000008006a38      0x17c note-c/n_cjson.o
 .text.print_array
                0x0000000008006bb4      0x10c note-c/n_cjson.o
 .text.parse_object
                0x0000000008006cc0      0x1ea note-c/n_cjson.o
 .text.print_object
                0x0000000008006eaa      0x23e note-c/n_cjson.o
 .text.get_object_item
                0x00000000080070e8       0x76 note-c/n_cjson.o
 .text.JGetObjectItem
                0x000000000800715e       0x1e note-c/n_cjson.o
                0x000000000800715e                JGetObjectItem
 .text.suffix_object
                0x000000000800717c       0x20 note-c/n_cjson.o
 .text.add_item_to_array
                0x000000000800719c       0x52 note-c/n_cjson.o
 .text.cast_away_const
                0x00000000080071ee       0x14 note-c/n_cjson.o
 .text.add_item_to_object
                0x0000000008007202       0xa2 note-c/n_cjson.o
 .text.JAddItemToObject
                0x00000000080072a4       0x28 note-c/n_cjson.o
                0x00000000080072a4                JAddItemToObject
 .text.JAddBoolToObject
                0x00000000080072cc       0x44 note-c/n_cjson.o
                0x00000000080072cc                JAddBoolToObject
 .text.JAddNumberToObject
                0x0000000008007310       0x48 note-c/n_cjson.o
                0x0000000008007310                JAddNumberToObject
 .text.JAddStringToObject
                0x0000000008007358       0x44 note-c/n_cjson.o
                0x0000000008007358                JAddStringToObject
 .text.JCreateBool
                0x000000000800739c       0x34 note-c/n_cjson.o
                0x000000000800739c                JCreateBool
 .text.JCreateNumber
                0x00000000080073d0       0x90 note-c/n_cjson.o
                0x00000000080073d0                JCreateNumber
 .text.JCreateString
                0x0000000008007460       0x4c note-c/n_cjson.o
                0x0000000008007460                JCreateString
 .text.JCreateObject
                0x00000000080074ac       0x28 note-c/n_cjson.o
                0x00000000080074ac                JCreateObject
 .text.JIsNumber
                0x00000000080074d4       0x2c note-c/n_cjson.o
                0x00000000080074d4                JIsNumber
 .text.JIsString
                0x0000000008007500       0x2c note-c/n_cjson.o
                0x0000000008007500                JIsString
 .text.JGetNumber
                0x000000000800752c       0x5e note-c/n_cjson_helpers.o
                0x000000000800752c                JGetNumber
 .text.JIsNullString
                0x000000000800758a       0x5c note-c/n_cjson_helpers.o
                0x000000000800758a                JIsNullString
 *fill*         0x00000000080075e6        0x2 
 .text.JNtoA    0x00000000080075e8      0x330 note-c/n_ftoa.o
                0x00000000080075e8                JNtoA
 .text.NoteSetFn
                0x0000000008007918       0x40 note-c/n_hooks.o
                0x0000000008007918                NoteSetFn
 .text.NoteSetFnI2C
                0x0000000008007958       0x70 note-c/n_hooks.o
                0x0000000008007958                NoteSetFnI2C
 .text.NoteFnDebug
                0x00000000080079c8       0x48 note-c/n_hooks.o
                0x00000000080079c8                NoteFnDebug
 .text.NoteFnGetMs
                0x0000000008007a10       0x20 note-c/n_hooks.o
                0x0000000008007a10                NoteFnGetMs
 .text.NoteFnDelayMs
                0x0000000008007a30       0x24 note-c/n_hooks.o
                0x0000000008007a30                NoteFnDelayMs
 .text.NoteFnMalloc
                0x0000000008007a54       0x2c note-c/n_hooks.o
                0x0000000008007a54                NoteFnMalloc
 .text.NoteFnFree
                0x0000000008007a80       0x24 note-c/n_hooks.o
                0x0000000008007a80                NoteFnFree
 .text.NoteFnLockI2C
                0x0000000008007aa4       0x1c note-c/n_hooks.o
                0x0000000008007aa4                NoteFnLockI2C
 .text.NoteFnUnlockI2C
                0x0000000008007ac0       0x1c note-c/n_hooks.o
                0x0000000008007ac0                NoteFnUnlockI2C
 .text.NoteFnLockNote
                0x0000000008007adc       0x1c note-c/n_hooks.o
                0x0000000008007adc                NoteFnLockNote
 .text.NoteFnUnlockNote
                0x0000000008007af8       0x1c note-c/n_hooks.o
                0x0000000008007af8                NoteFnUnlockNote
 .text.NoteFnI2CReset
                0x0000000008007b14       0x28 note-c/n_hooks.o
                0x0000000008007b14                NoteFnI2CReset
 .text.NoteFnI2CTransmit
                0x0000000008007b3c       0x48 note-c/n_hooks.o
                0x0000000008007b3c                NoteFnI2CTransmit
 .text.NoteFnI2CReceive
                0x0000000008007b84       0x4c note-c/n_hooks.o
                0x0000000008007b84                NoteFnI2CReceive
 .text.NoteFnI2CAddress
                0x0000000008007bd0       0x20 note-c/n_hooks.o
                0x0000000008007bd0                NoteFnI2CAddress
 .text.NoteFnI2CMax
                0x0000000008007bf0       0x30 note-c/n_hooks.o
                0x0000000008007bf0                NoteFnI2CMax
 .text.NoteFnNoteReset
                0x0000000008007c20       0x20 note-c/n_hooks.o
                0x0000000008007c20                NoteFnNoteReset
 .text.NoteFnTransaction
                0x0000000008007c40       0x34 note-c/n_hooks.o
                0x0000000008007c40                NoteFnTransaction
 .text._DelayIO
                0x0000000008007c74        0xe note-c/n_i2c.o
 *fill*         0x0000000008007c82        0x2 
 .text.i2cNoteTransaction
                0x0000000008007c84      0x290 note-c/n_i2c.o
                0x0000000008007c84                i2cNoteTransaction
 .text.i2cNoteReset
                0x0000000008007f14      0x100 note-c/n_i2c.o
                0x0000000008007f14                i2cNoteReset
 .text.errDoc   0x0000000008008014       0x38 note-c/n_request.o
 .text.NoteNewRequest
                0x000000000800804c       0x2c note-c/n_request.o
                0x000000000800804c                NoteNewRequest
 .text.NoteRequest
                0x0000000008008078       0x50 note-c/n_request.o
                0x0000000008008078                NoteRequest
 .text.NoteRequestResponse
                0x00000000080080c8       0x3a note-c/n_request.o
                0x00000000080080c8                NoteRequestResponse
 *fill*         0x0000000008008102        0x2 
 .text.NoteTransaction
                0x0000000008008104       0xec note-c/n_request.o
                0x0000000008008104                NoteTransaction
 .text.NoteResetRequired
                0x00000000080081f0       0x18 note-c/n_request.o
                0x00000000080081f0                NoteResetRequired
 .text.NoteReset
                0x0000000008008208       0x50 note-c/n_request.o
                0x0000000008008208                NoteReset
 .text.__errno  0x0000000008008258        0xc c:/st/stm32cubeide_1.0.2/stm32cubeide/plugins/com.st.stm32cube.ide.mcu.externaltools.gnu-tools-for-stm32.7-2018-q2-update.win32_1.0.0.201904181610/tools/bin/../lib/gcc/arm-none-eabi/7.3.1/../../../../arm-none-eabi/lib/thumb/v7-m\libc_nano.a(lib_a-errno.o)
                0x0000000008008258                __errno
 .text.__libc_init_array
                0x0000000008008264       0x48 c:/st/stm32cubeide_1.0.2/stm32cubeide/plugins/com.st.stm32cube.ide.mcu.externaltools.gnu-tools-for-stm32.7-2018-q2-update.win32_1.0.0.201904181610/tools/bin/../lib/gcc/arm-none-eabi/7.3.1/../../../../arm-none-eabi/lib/thumb/v7-m\libc_nano.a(lib_a-init.o)
                0x0000000008008264                __libc_init_array
 .text.__locale_ctype_ptr
                0x00000000080082ac       0x1c c:/st/stm32cubeide_1.0.2/stm32cubeide/plugins/com.st.stm32cube.ide.mcu.externaltools.gnu-tools-for-stm32.7-2018-q2-update.win32_1.0.0.201904181610/tools/bin/../lib/gcc/arm-none-eabi/7.3.1/../../../../arm-none-eabi/lib/thumb/v7-m\libc_nano.a(lib_a-locale.o)
                0x00000000080082ac                __locale_ctype_ptr
 .text.malloc   0x00000000080082c8       0x10 c:/st/stm32cubeide_1.0.2/stm32cubeide/plugins/com.st.stm32cube.ide.mcu.externaltools.gnu-tools-for-stm32.7-2018-q2-update.win32_1.0.0.201904181610/tools/bin/../lib/gcc/arm-none-eabi/7.3.1/../../../../arm-none-eabi/lib/thumb/v7-m\libc_nano.a(lib_a-malloc.o)
                0x00000000080082c8                malloc
 .text.free     0x00000000080082d8       0x10 c:/st/stm32cubeide_1.0.2/stm32cubeide/plugins/com.st.stm32cube.ide.mcu.externaltools.gnu-tools-for-stm32.7-2018-q2-update.win32_1.0.0.201904181610/tools/bin/../lib/gcc/arm-none-eabi/7.3.1/../../../../arm-none-eabi/lib/thumb/v7-m\libc_nano.a(lib_a-malloc.o)
                0x00000000080082d8                free
 .text.__ascii_mbtowc
                0x00000000080082e8       0x24 c:/st/stm32cubeide_1.0.2/stm32cubeide/plugins/com.st.stm32cube.ide.mcu.externaltools.gnu-tools-for-stm32.7-2018-q2-update.win32_1.0.0.201904181610/tools/bin/../lib/gcc/arm-none-eabi/7.3.1/../../../../arm-none-eabi/lib/thumb/v7-m\libc_nano.a(lib_a-mbtowc_r.o)
                0x00000000080082e8                __ascii_mbtowc
 .text.memcpy   0x000000000800830c       0x16 c:/st/stm32cubeide_1.0.2/stm32cubeide/plugins/com.st.stm32cube.ide.mcu.externaltools.gnu-tools-for-stm32.7-2018-q2-update.win32_1.0.0.201904181610/tools/bin/../lib/gcc/arm-none-eabi/7.3.1/../../../../arm-none-eabi/lib/thumb/v7-m\libc_nano.a(lib_a-memcpy-stub.o)
                0x000000000800830c                memcpy
 .text.memmove  0x0000000008008322       0x32 c:/st/stm32cubeide_1.0.2/stm32cubeide/plugins/com.st.stm32cube.ide.mcu.externaltools.gnu-tools-for-stm32.7-2018-q2-update.win32_1.0.0.201904181610/tools/bin/../lib/gcc/arm-none-eabi/7.3.1/../../../../arm-none-eabi/lib/thumb/v7-m\libc_nano.a(lib_a-memmove.o)
                0x0000000008008322                memmove
 .text.memset   0x0000000008008354       0x10 c:/st/stm32cubeide_1.0.2/stm32cubeide/plugins/com.st.stm32cube.ide.mcu.externaltools.gnu-tools-for-stm32.7-2018-q2-update.win32_1.0.0.201904181610/tools/bin/../lib/gcc/arm-none-eabi/7.3.1/../../../../arm-none-eabi/lib/thumb/v7-m\libc_nano.a(lib_a-memset.o)
                0x0000000008008354                memset
 .text._free_r  0x0000000008008364       0x98 c:/st/stm32cubeide_1.0.2/stm32cubeide/plugins/com.st.stm32cube.ide.mcu.externaltools.gnu-tools-for-stm32.7-2018-q2-update.win32_1.0.0.201904181610/tools/bin/../lib/gcc/arm-none-eabi/7.3.1/../../../../arm-none-eabi/lib/thumb/v7-m\libc_nano.a(lib_a-nano-freer.o)
                0x0000000008008364                _free_r
 .text._malloc_r
                0x00000000080083fc       0xb4 c:/st/stm32cubeide_1.0.2/stm32cubeide/plugins/com.st.stm32cube.ide.mcu.externaltools.gnu-tools-for-stm32.7-2018-q2-update.win32_1.0.0.201904181610/tools/bin/../lib/gcc/arm-none-eabi/7.3.1/../../../../arm-none-eabi/lib/thumb/v7-m\libc_nano.a(lib_a-nano-mallocr.o)
                0x00000000080083fc                _malloc_r
 .text._sbrk_r  0x00000000080084b0       0x20 c:/st/stm32cubeide_1.0.2/stm32cubeide/plugins/com.st.stm32cube.ide.mcu.externaltools.gnu-tools-for-stm32.7-2018-q2-update.win32_1.0.0.201904181610/tools/bin/../lib/gcc/arm-none-eabi/7.3.1/../../../../arm-none-eabi/lib/thumb/v7-m\libc_nano.a(lib_a-sbrkr.o)
                0x00000000080084b0                _sbrk_r
 .text.strchr   0x00000000080084d0       0x1a c:/st/stm32cubeide_1.0.2/stm32cubeide/plugins/com.st.stm32cube.ide.mcu.externaltools.gnu-tools-for-stm32.7-2018-q2-update.win32_1.0.0.201904181610/tools/bin/../lib/gcc/arm-none-eabi/7.3.1/../../../../arm-none-eabi/lib/thumb/v7-m\libc_nano.a(lib_a-strchr.o)
                0x00000000080084d0                strchr
 .text.strncmp  0x00000000080084ea       0x24 c:/st/stm32cubeide_1.0.2/stm32cubeide/plugins/com.st.stm32cube.ide.mcu.externaltools.gnu-tools-for-stm32.7-2018-q2-update.win32_1.0.0.201904181610/tools/bin/../lib/gcc/arm-none-eabi/7.3.1/../../../../arm-none-eabi/lib/thumb/v7-m\libc_nano.a(lib_a-strncmp.o)
                0x00000000080084ea                strncmp
 .text._vsnprintf_r
                0x000000000800850e       0x58 c:/st/stm32cubeide_1.0.2/stm32cubeide/plugins/com.st.stm32cube.ide.mcu.externaltools.gnu-tools-for-stm32.7-2018-q2-update.win32_1.0.0.201904181610/tools/bin/../lib/gcc/arm-none-eabi/7.3.1/../../../../arm-none-eabi/lib/thumb/v7-m\libc_nano.a(lib_a-vsnprintf.o)
                0x000000000800850e                _vsniprintf_r
                0x000000000800850e                _vsnprintf_r
 *fill*         0x0000000008008566        0x2 
 .text.vsnprintf
                0x0000000008008568       0x1c c:/st/stm32cubeide_1.0.2/stm32cubeide/plugins/com.st.stm32cube.ide.mcu.externaltools.gnu-tools-for-stm32.7-2018-q2-update.win32_1.0.0.201904181610/tools/bin/../lib/gcc/arm-none-eabi/7.3.1/../../../../arm-none-eabi/lib/thumb/v7-m\libc_nano.a(lib_a-vsnprintf.o)
                0x0000000008008568                vsniprintf
                0x0000000008008568                vsnprintf
 .text.__ascii_wctomb
                0x0000000008008584       0x1a c:/st/stm32cubeide_1.0.2/stm32cubeide/plugins/com.st.stm32cube.ide.mcu.externaltools.gnu-tools-for-stm32.7-2018-q2-update.win32_1.0.0.201904181610/tools/bin/../lib/gcc/arm-none-eabi/7.3.1/../../../../arm-none-eabi/lib/thumb/v7-m\libc_nano.a(lib_a-wctomb_r.o)
                0x0000000008008584                __ascii_wctomb
 .text.__malloc_lock
                0x000000000800859e        0x2 c:/st/stm32cubeide_1.0.2/stm32cubeide/plugins/com.st.stm32cube.ide.mcu.externaltools.gnu-tools-for-stm32.7-2018-q2-update.win32_1.0.0.201904181610/tools/bin/../lib/gcc/arm-none-eabi/7.3.1/../../../../arm-none-eabi/lib/thumb/v7-m\libc_nano.a(lib_a-mlock.o)
                0x000000000800859e                __malloc_lock
 .text.__malloc_unlock
                0x00000000080085a0        0x2 c:/st/stm32cubeide_1.0.2/stm32cubeide/plugins/com.st.stm32cube.ide.mcu.externaltools.gnu-tools-for-stm32.7-2018-q2-update.win32_1.0.0.201904181610/tools/bin/../lib/gcc/arm-none-eabi/7.3.1/../../../../arm-none-eabi/lib/thumb/v7-m\libc_nano.a(lib_a-mlock.o)
                0x00000000080085a0                __malloc_unlock
 .text.__ssputs_r
                0x00000000080085a2       0xb4 c:/st/stm32cubeide_1.0.2/stm32cubeide/plugins/com.st.stm32cube.ide.mcu.externaltools.gnu-tools-for-stm32.7-2018-q2-update.win32_1.0.0.201904181610/tools/bin/../lib/gcc/arm-none-eabi/7.3.1/../../../../arm-none-eabi/lib/thumb/v7-m\libc_nano.a(lib_a-nano-svfprintf.o)
                0x00000000080085a2                __ssputs_r
 *fill*         0x0000000008008656        0x2 
 .text._svfprintf_r
                0x0000000008008658      0x1f0 c:/st/stm32cubeide_1.0.2/stm32cubeide/plugins/com.st.stm32cube.ide.mcu.externaltools.gnu-tools-for-stm32.7-2018-q2-update.win32_1.0.0.201904181610/tools/bin/../lib/gcc/arm-none-eabi/7.3.1/../../../../arm-none-eabi/lib/thumb/v7-m\libc_nano.a(lib_a-nano-svfprintf.o)
                0x0000000008008658                _svfiprintf_r
                0x0000000008008658                _svfprintf_r
 .text._printf_common
                0x0000000008008848       0xec c:/st/stm32cubeide_1.0.2/stm32cubeide/plugins/com.st.stm32cube.ide.mcu.externaltools.gnu-tools-for-stm32.7-2018-q2-update.win32_1.0.0.201904181610/tools/bin/../lib/gcc/arm-none-eabi/7.3.1/../../../../arm-none-eabi/lib/thumb/v7-m\libc_nano.a(lib_a-nano-vfprintf_i.o)
                0x0000000008008848                _printf_common
 .text._printf_i
                0x0000000008008934      0x224 c:/st/stm32cubeide_1.0.2/stm32cubeide/plugins/com.st.stm32cube.ide.mcu.externaltools.gnu-tools-for-stm32.7-2018-q2-update.win32_1.0.0.201904181610/tools/bin/../lib/gcc/arm-none-eabi/7.3.1/../../../../arm-none-eabi/lib/thumb/v7-m\libc_nano.a(lib_a-nano-vfprintf_i.o)
                0x0000000008008934                _printf_i
 .text.memchr   0x0000000008008b58       0x1c c:/st/stm32cubeide_1.0.2/stm32cubeide/plugins/com.st.stm32cube.ide.mcu.externaltools.gnu-tools-for-stm32.7-2018-q2-update.win32_1.0.0.201904181610/tools/bin/../lib/gcc/arm-none-eabi/7.3.1/../../../../arm-none-eabi/lib/thumb/v7-m\libc_nano.a(lib_a-memchr-stub.o)
                0x0000000008008b58                memchr
 .text._realloc_r
                0x0000000008008b74       0x4c c:/st/stm32cubeide_1.0.2/stm32cubeide/plugins/com.st.stm32cube.ide.mcu.externaltools.gnu-tools-for-stm32.7-2018-q2-update.win32_1.0.0.201904181610/tools/bin/../lib/gcc/arm-none-eabi/7.3.1/../../../../arm-none-eabi/lib/thumb/v7-m\libc_nano.a(lib_a-nano-reallocr.o)
                0x0000000008008b74                _realloc_r
 .text._malloc_usable_size_r
                0x0000000008008bc0       0x10 c:/st/stm32cubeide_1.0.2/stm32cubeide/plugins/com.st.stm32cube.ide.mcu.externaltools.gnu-tools-for-stm32.7-2018-q2-update.win32_1.0.0.201904181610/tools/bin/../lib/gcc/arm-none-eabi/7.3.1/../../../../arm-none-eabi/lib/thumb/v7-m\libc_nano.a(lib_a-nano-msizer.o)
                0x0000000008008bc0                _malloc_usable_size_r
 *(.glue_7)
 .glue_7        0x0000000008008bd0        0x0 linker stubs
 *(.glue_7t)
 .glue_7t       0x0000000008008bd0        0x0 linker stubs
 *(.eh_frame)
 .eh_frame      0x0000000008008bd0        0x0 c:/st/stm32cubeide_1.0.2/stm32cubeide/plugins/com.st.stm32cube.ide.mcu.externaltools.gnu-tools-for-stm32.7-2018-q2-update.win32_1.0.0.201904181610/tools/bin/../lib/gcc/arm-none-eabi/7.3.1/thumb/v7-m/crtbegin.o
 *(.init)
 .init          0x0000000008008bd0        0x4 c:/st/stm32cubeide_1.0.2/stm32cubeide/plugins/com.st.stm32cube.ide.mcu.externaltools.gnu-tools-for-stm32.7-2018-q2-update.win32_1.0.0.201904181610/tools/bin/../lib/gcc/arm-none-eabi/7.3.1/thumb/v7-m/crti.o
                0x0000000008008bd0                _init
 .init          0x0000000008008bd4        0x8 c:/st/stm32cubeide_1.0.2/stm32cubeide/plugins/com.st.stm32cube.ide.mcu.externaltools.gnu-tools-for-stm32.7-2018-q2-update.win32_1.0.0.201904181610/tools/bin/../lib/gcc/arm-none-eabi/7.3.1/thumb/v7-m/crtn.o
 *(.fini)
 .fini          0x0000000008008bdc        0x4 c:/st/stm32cubeide_1.0.2/stm32cubeide/plugins/com.st.stm32cube.ide.mcu.externaltools.gnu-tools-for-stm32.7-2018-q2-update.win32_1.0.0.201904181610/tools/bin/../lib/gcc/arm-none-eabi/7.3.1/thumb/v7-m/crti.o
                0x0000000008008bdc                _fini
 .fini          0x0000000008008be0        0x8 c:/st/stm32cubeide_1.0.2/stm32cubeide/plugins/com.st.stm32cube.ide.mcu.externaltools.gnu-tools-for-stm32.7-2018-q2-update.win32_1.0.0.201904181610/tools/bin/../lib/gcc/arm-none-eabi/7.3.1/thumb/v7-m/crtn.o
                0x0000000008008be8                . = ALIGN (0x4)
                0x0000000008008be8                _etext = .

.vfp11_veneer   0x0000000008008be8        0x0
 .vfp11_veneer  0x0000000008008be8        0x0 linker stubs

.v4_bx          0x0000000008008be8        0x0
 .v4_bx         0x0000000008008be8        0x0 linker stubs

.iplt           0x0000000008008be8        0x0
 .iplt          0x0000000008008be8        0x0 c:/st/stm32cubeide_1.0.2/stm32cubeide/plugins/com.st.stm32cube.ide.mcu.externaltools.gnu-tools-for-stm32.7-2018-q2-update.win32_1.0.0.201904181610/tools/bin/../lib/gcc/arm-none-eabi/7.3.1/thumb/v7-m/crtbegin.o

.rodata         0x0000000008008be8      0x518
                0x0000000008008be8                . = ALIGN (0x4)
 *(.rodata)
 .rodata        0x0000000008008be8       0x12 Drivers/STM32F1xx_HAL_Driver/Src/stm32f1xx_hal_rcc.o
 *fill*         0x0000000008008bfa        0x2 
 .rodata        0x0000000008008bfc       0xb9 Src/example.o
 *fill*         0x0000000008008cb5        0x3 
 .rodata        0x0000000008008cb8       0x86 Src/main.o
 *fill*         0x0000000008008d3e        0x2 
 .rodata        0x0000000008008d40       0x25 note-c/n_cjson.o
 *fill*         0x0000000008008d65        0x3 
 .rodata        0x0000000008008d68       0x29 note-c/n_hooks.o
 *fill*         0x0000000008008d91        0x3 
 .rodata        0x0000000008008d94      0x12e note-c/n_i2c.o
 *fill*         0x0000000008008ec2        0x2 
 .rodata        0x0000000008008ec4       0x84 note-c/n_request.o
 *(.rodata*)
 .rodata.AHBPrescTable
                0x0000000008008f48       0x10 Src/system_stm32f1xx.o
                0x0000000008008f48                AHBPrescTable
 .rodata.APBPrescTable
                0x0000000008008f58        0x8 Src/system_stm32f1xx.o
                0x0000000008008f58                APBPrescTable
 .rodata.default_buffer_size.7210
                0x0000000008008f60        0x4 note-c/n_cjson.o
 *fill*         0x0000000008008f64        0x4 
 .rodata.rounders
                0x0000000008008f68       0x58 note-c/n_ftoa.o
 .rodata._setlocale_r.str1.1
                0x0000000008008fc0        0x8 c:/st/stm32cubeide_1.0.2/stm32cubeide/plugins/com.st.stm32cube.ide.mcu.externaltools.gnu-tools-for-stm32.7-2018-q2-update.win32_1.0.0.201904181610/tools/bin/../lib/gcc/arm-none-eabi/7.3.1/../../../../arm-none-eabi/lib/thumb/v7-m\libc_nano.a(lib_a-locale.o)
                                          0x9 (size before relaxing)
 .rodata.str1.1
                0x0000000008008fc8        0x2 c:/st/stm32cubeide_1.0.2/stm32cubeide/plugins/com.st.stm32cube.ide.mcu.externaltools.gnu-tools-for-stm32.7-2018-q2-update.win32_1.0.0.201904181610/tools/bin/../lib/gcc/arm-none-eabi/7.3.1/../../../../arm-none-eabi/lib/thumb/v7-m\libc_nano.a(lib_a-locale.o)
 .rodata._ctype_
                0x0000000008008fca      0x101 c:/st/stm32cubeide_1.0.2/stm32cubeide/plugins/com.st.stm32cube.ide.mcu.externaltools.gnu-tools-for-stm32.7-2018-q2-update.win32_1.0.0.201904181610/tools/bin/../lib/gcc/arm-none-eabi/7.3.1/../../../../arm-none-eabi/lib/thumb/v7-m\libc_nano.a(lib_a-ctype_.o)
                0x0000000008008fca                _ctype_
 .rodata._svfprintf_r.str1.1
                0x00000000080090cb       0x11 c:/st/stm32cubeide_1.0.2/stm32cubeide/plugins/com.st.stm32cube.ide.mcu.externaltools.gnu-tools-for-stm32.7-2018-q2-update.win32_1.0.0.201904181610/tools/bin/../lib/gcc/arm-none-eabi/7.3.1/../../../../arm-none-eabi/lib/thumb/v7-m\libc_nano.a(lib_a-nano-svfprintf.o)
 .rodata._printf_i.str1.1
                0x00000000080090dc       0x22 c:/st/stm32cubeide_1.0.2/stm32cubeide/plugins/com.st.stm32cube.ide.mcu.externaltools.gnu-tools-for-stm32.7-2018-q2-update.win32_1.0.0.201904181610/tools/bin/../lib/gcc/arm-none-eabi/7.3.1/../../../../arm-none-eabi/lib/thumb/v7-m\libc_nano.a(lib_a-nano-vfprintf_i.o)
                0x0000000008009100                . = ALIGN (0x4)
 *fill*         0x00000000080090fe        0x2 

.rel.dyn        0x0000000008009100        0x0
 .rel.iplt      0x0000000008009100        0x0 c:/st/stm32cubeide_1.0.2/stm32cubeide/plugins/com.st.stm32cube.ide.mcu.externaltools.gnu-tools-for-stm32.7-2018-q2-update.win32_1.0.0.201904181610/tools/bin/../lib/gcc/arm-none-eabi/7.3.1/thumb/v7-m/crtbegin.o

.ARM.extab      0x0000000008009100        0x0
                0x0000000008009100                . = ALIGN (0x4)
 *(.ARM.extab* .gnu.linkonce.armextab.*)
                0x0000000008009100                . = ALIGN (0x4)

.ARM            0x0000000008009100        0x0
                0x0000000008009100                . = ALIGN (0x4)
                0x0000000008009100                __exidx_start = .
 *(.ARM.exidx*)
                0x0000000008009100                __exidx_end = .
                0x0000000008009100                . = ALIGN (0x4)

.preinit_array  0x0000000008009100        0x0
                0x0000000008009100                . = ALIGN (0x4)
                0x0000000008009100                PROVIDE (__preinit_array_start = .)
 *(.preinit_array*)
                0x0000000008009100                PROVIDE (__preinit_array_end = .)
                0x0000000008009100                . = ALIGN (0x4)

.init_array     0x0000000008009100        0x4
                0x0000000008009100                . = ALIGN (0x4)
                0x0000000008009100                PROVIDE (__init_array_start = .)
 *(SORT_BY_NAME(.init_array.*))
 *(.init_array*)
 .init_array    0x0000000008009100        0x4 c:/st/stm32cubeide_1.0.2/stm32cubeide/plugins/com.st.stm32cube.ide.mcu.externaltools.gnu-tools-for-stm32.7-2018-q2-update.win32_1.0.0.201904181610/tools/bin/../lib/gcc/arm-none-eabi/7.3.1/thumb/v7-m/crtbegin.o
                0x0000000008009104                PROVIDE (__init_array_end = .)
                0x0000000008009104                . = ALIGN (0x4)

.fini_array     0x0000000008009104        0x4
                0x0000000008009104                . = ALIGN (0x4)
                [!provide]                        PROVIDE (__fini_array_start = .)
 *(SORT_BY_NAME(.fini_array.*))
 *(.fini_array*)
 .fini_array    0x0000000008009104        0x4 c:/st/stm32cubeide_1.0.2/stm32cubeide/plugins/com.st.stm32cube.ide.mcu.externaltools.gnu-tools-for-stm32.7-2018-q2-update.win32_1.0.0.201904181610/tools/bin/../lib/gcc/arm-none-eabi/7.3.1/thumb/v7-m/crtbegin.o
                [!provide]                        PROVIDE (__fini_array_end = .)
                0x0000000008009108                . = ALIGN (0x4)
                0x0000000008009108                _sidata = LOADADDR (.data)

.data           0x0000000020000000      0x238 load address 0x0000000008009108
                0x0000000020000000                . = ALIGN (0x4)
                0x0000000020000000                _sdata = .
 *(.data)
 *(.data*)
 .data.uwTickPrio
                0x0000000020000000        0x4 Drivers/STM32F1xx_HAL_Driver/Src/stm32f1xx_hal.o
                0x0000000020000000                uwTickPrio
 .data.uwTickFreq
                0x0000000020000004        0x1 Drivers/STM32F1xx_HAL_Driver/Src/stm32f1xx_hal.o
                0x0000000020000004                uwTickFreq
 *fill*         0x0000000020000005        0x3 
 .data.SystemCoreClock
                0x0000000020000008        0x4 Src/system_stm32f1xx.o
                0x0000000020000008                SystemCoreClock
 .data.maxExponent
                0x000000002000000c        0x4 note-c/n_atof.o
 .data.powersOf10
                0x0000000020000010       0x48 note-c/n_atof.o
 .data.global_hooks
                0x0000000020000058        0xc note-c/n_cjson.o
 .data.resetRequired
                0x0000000020000064        0x1 note-c/n_request.o
 *fill*         0x0000000020000065        0x3 
 .data._impure_ptr
                0x0000000020000068        0x4 c:/st/stm32cubeide_1.0.2/stm32cubeide/plugins/com.st.stm32cube.ide.mcu.externaltools.gnu-tools-for-stm32.7-2018-q2-update.win32_1.0.0.201904181610/tools/bin/../lib/gcc/arm-none-eabi/7.3.1/../../../../arm-none-eabi/lib/thumb/v7-m\libc_nano.a(lib_a-impure.o)
                0x0000000020000068                _impure_ptr
 .data.impure_data
                0x000000002000006c       0x60 c:/st/stm32cubeide_1.0.2/stm32cubeide/plugins/com.st.stm32cube.ide.mcu.externaltools.gnu-tools-for-stm32.7-2018-q2-update.win32_1.0.0.201904181610/tools/bin/../lib/gcc/arm-none-eabi/7.3.1/../../../../arm-none-eabi/lib/thumb/v7-m\libc_nano.a(lib_a-impure.o)
 .data.__global_locale
                0x00000000200000cc      0x16c c:/st/stm32cubeide_1.0.2/stm32cubeide/plugins/com.st.stm32cube.ide.mcu.externaltools.gnu-tools-for-stm32.7-2018-q2-update.win32_1.0.0.201904181610/tools/bin/../lib/gcc/arm-none-eabi/7.3.1/../../../../arm-none-eabi/lib/thumb/v7-m\libc_nano.a(lib_a-locale.o)
                0x00000000200000cc                __global_locale
                0x0000000020000238                . = ALIGN (0x4)
                0x0000000020000238                _edata = .

.igot.plt       0x0000000020000238        0x0 load address 0x0000000008009340
 .igot.plt      0x0000000020000238        0x0 c:/st/stm32cubeide_1.0.2/stm32cubeide/plugins/com.st.stm32cube.ide.mcu.externaltools.gnu-tools-for-stm32.7-2018-q2-update.win32_1.0.0.201904181610/tools/bin/../lib/gcc/arm-none-eabi/7.3.1/thumb/v7-m/crtbegin.o
                0x0000000020000238                . = ALIGN (0x4)

.bss            0x0000000020000238      0x328 load address 0x0000000008009340
                0x0000000020000238                _sbss = .
                0x0000000020000238                __bss_start__ = _sbss
 *(.bss)
 .bss           0x0000000020000238       0x1c c:/st/stm32cubeide_1.0.2/stm32cubeide/plugins/com.st.stm32cube.ide.mcu.externaltools.gnu-tools-for-stm32.7-2018-q2-update.win32_1.0.0.201904181610/tools/bin/../lib/gcc/arm-none-eabi/7.3.1/thumb/v7-m/crtbegin.o
 *(.bss*)
 .bss.eventCounter.6289
                0x0000000020000254        0x4 Src/example.o
 .bss.i2c1Initialized
                0x0000000020000258        0x1 Src/main.o
                0x0000000020000258                i2c1Initialized
 *fill*         0x0000000020000259        0x3 
 .bss.serialInterruptBuffer
                0x000000002000025c        0x1 Src/main.o
 *fill*         0x000000002000025d        0x3 
 .bss.serialFillIndex
                0x0000000020000260        0x4 Src/main.o
 .bss.serialDrainIndex
                0x0000000020000264        0x4 Src/main.o
 .bss.serialOverruns
                0x0000000020000268        0x4 Src/main.o
 .bss.serialBuffer
                0x000000002000026c      0x200 Src/main.o
 .bss.heap_end.5149
                0x000000002000046c        0x4 Src/sysmem.o
 .bss.global_error
                0x0000000020000470        0x8 note-c/n_cjson.o
 .bss.hookDebugOutput
                0x0000000020000478        0x4 note-c/n_hooks.o
                0x0000000020000478                hookDebugOutput
 .bss.hookLockI2C
                0x000000002000047c        0x4 note-c/n_hooks.o
                0x000000002000047c                hookLockI2C
 .bss.hookUnlockI2C
                0x0000000020000480        0x4 note-c/n_hooks.o
                0x0000000020000480                hookUnlockI2C
 .bss.hookLockNote
                0x0000000020000484        0x4 note-c/n_hooks.o
                0x0000000020000484                hookLockNote
 .bss.hookUnlockNote
                0x0000000020000488        0x4 note-c/n_hooks.o
                0x0000000020000488                hookUnlockNote
 .bss.hookMalloc
                0x000000002000048c        0x4 note-c/n_hooks.o
                0x000000002000048c                hookMalloc
 .bss.hookFree  0x0000000020000490        0x4 note-c/n_hooks.o
                0x0000000020000490                hookFree
 .bss.hookDelayMs
                0x0000000020000494        0x4 note-c/n_hooks.o
                0x0000000020000494                hookDelayMs
 .bss.hookGetMs
                0x0000000020000498        0x4 note-c/n_hooks.o
                0x0000000020000498                hookGetMs
 .bss.hookActiveInterface
                0x000000002000049c        0x4 note-c/n_hooks.o
                0x000000002000049c                hookActiveInterface
 .bss.i2cAddress
                0x00000000200004a0        0x4 note-c/n_hooks.o
                0x00000000200004a0                i2cAddress
 .bss.i2cMax    0x00000000200004a4        0x4 note-c/n_hooks.o
                0x00000000200004a4                i2cMax
 .bss.hookI2CReset
                0x00000000200004a8        0x4 note-c/n_hooks.o
                0x00000000200004a8                hookI2CReset
 .bss.hookI2CTransmit
                0x00000000200004ac        0x4 note-c/n_hooks.o
                0x00000000200004ac                hookI2CTransmit
 .bss.hookI2CReceive
                0x00000000200004b0        0x4 note-c/n_hooks.o
                0x00000000200004b0                hookI2CReceive
 .bss.notecardReset
                0x00000000200004b4        0x4 note-c/n_hooks.o
 .bss.notecardTransaction
                0x00000000200004b8        0x4 note-c/n_hooks.o
 .bss.__malloc_free_list
                0x00000000200004bc        0x4 c:/st/stm32cubeide_1.0.2/stm32cubeide/plugins/com.st.stm32cube.ide.mcu.externaltools.gnu-tools-for-stm32.7-2018-q2-update.win32_1.0.0.201904181610/tools/bin/../lib/gcc/arm-none-eabi/7.3.1/../../../../arm-none-eabi/lib/thumb/v7-m\libc_nano.a(lib_a-nano-mallocr.o)
                0x00000000200004bc                __malloc_free_list
 .bss.__malloc_sbrk_start
                0x00000000200004c0        0x4 c:/st/stm32cubeide_1.0.2/stm32cubeide/plugins/com.st.stm32cube.ide.mcu.externaltools.gnu-tools-for-stm32.7-2018-q2-update.win32_1.0.0.201904181610/tools/bin/../lib/gcc/arm-none-eabi/7.3.1/../../../../arm-none-eabi/lib/thumb/v7-m\libc_nano.a(lib_a-nano-mallocr.o)
                0x00000000200004c0                __malloc_sbrk_start
 *(COMMON)
 COMMON         0x00000000200004c4        0x4 Drivers/STM32F1xx_HAL_Driver/Src/stm32f1xx_hal.o
                0x00000000200004c4                uwTick
 COMMON         0x00000000200004c8       0x94 Src/main.o
                0x00000000200004c8                hi2c1
                0x000000002000051c                huart1
 COMMON         0x000000002000055c        0x4 c:/st/stm32cubeide_1.0.2/stm32cubeide/plugins/com.st.stm32cube.ide.mcu.externaltools.gnu-tools-for-stm32.7-2018-q2-update.win32_1.0.0.201904181610/tools/bin/../lib/gcc/arm-none-eabi/7.3.1/../../../../arm-none-eabi/lib/thumb/v7-m\libc_nano.a(lib_a-reent.o)
                0x000000002000055c                errno
                0x0000000020000560                . = ALIGN (0x4)
                0x0000000020000560                _ebss = .
                0x0000000020000560                __bss_end__ = _ebss

._user_heap_stack
                0x0000000020000560      0x600 load address 0x0000000008009340
                0x0000000020000560                . = ALIGN (0x8)
                0x0000000020000560                PROVIDE (end = .)
                [!provide]                        PROVIDE (_end = .)
                0x0000000020000760                . = (. + _Min_Heap_Size)
 *fill*         0x0000000020000560      0x200 
                0x0000000020000b60                . = (. + _Min_Stack_Size)
 *fill*         0x0000000020000760      0x400 
                0x0000000020000b60                . = ALIGN (0x8)

/DISCARD/
 libc.a(*)
 libm.a(*)
 libgcc.a(*)

.ARM.attributes
                0x0000000000000000       0x29
 *(.ARM.attributes)
 .ARM.attributes
                0x0000000000000000       0x1d c:/st/stm32cubeide_1.0.2/stm32cubeide/plugins/com.st.stm32cube.ide.mcu.externaltools.gnu-tools-for-stm32.7-2018-q2-update.win32_1.0.0.201904181610/tools/bin/../lib/gcc/arm-none-eabi/7.3.1/thumb/v7-m/crti.o
 .ARM.attributes
                0x000000000000001d       0x2d c:/st/stm32cubeide_1.0.2/stm32cubeide/plugins/com.st.stm32cube.ide.mcu.externaltools.gnu-tools-for-stm32.7-2018-q2-update.win32_1.0.0.201904181610/tools/bin/../lib/gcc/arm-none-eabi/7.3.1/thumb/v7-m/crtbegin.o
 .ARM.attributes
                0x000000000000004a       0x33 Drivers/STM32F1xx_HAL_Driver/Src/stm32f1xx_hal.o
 .ARM.attributes
                0x000000000000007d       0x33 Drivers/STM32F1xx_HAL_Driver/Src/stm32f1xx_hal_cortex.o
 .ARM.attributes
                0x00000000000000b0       0x33 Drivers/STM32F1xx_HAL_Driver/Src/stm32f1xx_hal_dma.o
 .ARM.attributes
                0x00000000000000e3       0x33 Drivers/STM32F1xx_HAL_Driver/Src/stm32f1xx_hal_gpio.o
 .ARM.attributes
                0x0000000000000116       0x33 Drivers/STM32F1xx_HAL_Driver/Src/stm32f1xx_hal_i2c.o
 .ARM.attributes
                0x0000000000000149       0x33 Drivers/STM32F1xx_HAL_Driver/Src/stm32f1xx_hal_rcc.o
 .ARM.attributes
                0x000000000000017c       0x33 Drivers/STM32F1xx_HAL_Driver/Src/stm32f1xx_hal_uart.o
 .ARM.attributes
                0x00000000000001af       0x33 Src/example.o
 .ARM.attributes
                0x00000000000001e2       0x33 Src/main.o
 .ARM.attributes
                0x0000000000000215       0x33 Src/stm32f1xx_hal_msp.o
 .ARM.attributes
                0x0000000000000248       0x33 Src/stm32f1xx_it.o
 .ARM.attributes
                0x000000000000027b       0x33 Src/sysmem.o
 .ARM.attributes
                0x00000000000002ae       0x33 Src/system_stm32f1xx.o
 .ARM.attributes
                0x00000000000002e1       0x21 Startup/startup_stm32f103rbtx.o
 .ARM.attributes
                0x0000000000000302       0x33 note-c/n_atof.o
 .ARM.attributes
                0x0000000000000335       0x33 note-c/n_cjson.o
 .ARM.attributes
                0x0000000000000368       0x33 note-c/n_cjson_helpers.o
 .ARM.attributes
                0x000000000000039b       0x33 note-c/n_ftoa.o
 .ARM.attributes
                0x00000000000003ce       0x33 note-c/n_hooks.o
 .ARM.attributes
                0x0000000000000401       0x33 note-c/n_i2c.o
 .ARM.attributes
                0x0000000000000434       0x33 note-c/n_request.o
 .ARM.attributes
                0x0000000000000467       0x2d c:/st/stm32cubeide_1.0.2/stm32cubeide/plugins/com.st.stm32cube.ide.mcu.externaltools.gnu-tools-for-stm32.7-2018-q2-update.win32_1.0.0.201904181610/tools/bin/../lib/gcc/arm-none-eabi/7.3.1/../../../../arm-none-eabi/lib/thumb/v7-m\libc_nano.a(lib_a-errno.o)
 .ARM.attributes
                0x0000000000000494       0x2d c:/st/stm32cubeide_1.0.2/stm32cubeide/plugins/com.st.stm32cube.ide.mcu.externaltools.gnu-tools-for-stm32.7-2018-q2-update.win32_1.0.0.201904181610/tools/bin/../lib/gcc/arm-none-eabi/7.3.1/../../../../arm-none-eabi/lib/thumb/v7-m\libc_nano.a(lib_a-impure.o)
 .ARM.attributes
                0x00000000000004c1       0x2d c:/st/stm32cubeide_1.0.2/stm32cubeide/plugins/com.st.stm32cube.ide.mcu.externaltools.gnu-tools-for-stm32.7-2018-q2-update.win32_1.0.0.201904181610/tools/bin/../lib/gcc/arm-none-eabi/7.3.1/../../../../arm-none-eabi/lib/thumb/v7-m\libc_nano.a(lib_a-init.o)
 .ARM.attributes
                0x00000000000004ee       0x2d c:/st/stm32cubeide_1.0.2/stm32cubeide/plugins/com.st.stm32cube.ide.mcu.externaltools.gnu-tools-for-stm32.7-2018-q2-update.win32_1.0.0.201904181610/tools/bin/../lib/gcc/arm-none-eabi/7.3.1/../../../../arm-none-eabi/lib/thumb/v7-m\libc_nano.a(lib_a-locale.o)
 .ARM.attributes
                0x000000000000051b       0x2d c:/st/stm32cubeide_1.0.2/stm32cubeide/plugins/com.st.stm32cube.ide.mcu.externaltools.gnu-tools-for-stm32.7-2018-q2-update.win32_1.0.0.201904181610/tools/bin/../lib/gcc/arm-none-eabi/7.3.1/../../../../arm-none-eabi/lib/thumb/v7-m\libc_nano.a(lib_a-malloc.o)
 .ARM.attributes
                0x0000000000000548       0x2d c:/st/stm32cubeide_1.0.2/stm32cubeide/plugins/com.st.stm32cube.ide.mcu.externaltools.gnu-tools-for-stm32.7-2018-q2-update.win32_1.0.0.201904181610/tools/bin/../lib/gcc/arm-none-eabi/7.3.1/../../../../arm-none-eabi/lib/thumb/v7-m\libc_nano.a(lib_a-mbtowc_r.o)
 .ARM.attributes
                0x0000000000000575       0x2d c:/st/stm32cubeide_1.0.2/stm32cubeide/plugins/com.st.stm32cube.ide.mcu.externaltools.gnu-tools-for-stm32.7-2018-q2-update.win32_1.0.0.201904181610/tools/bin/../lib/gcc/arm-none-eabi/7.3.1/../../../../arm-none-eabi/lib/thumb/v7-m\libc_nano.a(lib_a-memcpy-stub.o)
 .ARM.attributes
                0x00000000000005a2       0x2d c:/st/stm32cubeide_1.0.2/stm32cubeide/plugins/com.st.stm32cube.ide.mcu.externaltools.gnu-tools-for-stm32.7-2018-q2-update.win32_1.0.0.201904181610/tools/bin/../lib/gcc/arm-none-eabi/7.3.1/../../../../arm-none-eabi/lib/thumb/v7-m\libc_nano.a(lib_a-memmove.o)
 .ARM.attributes
                0x00000000000005cf       0x2d c:/st/stm32cubeide_1.0.2/stm32cubeide/plugins/com.st.stm32cube.ide.mcu.externaltools.gnu-tools-for-stm32.7-2018-q2-update.win32_1.0.0.201904181610/tools/bin/../lib/gcc/arm-none-eabi/7.3.1/../../../../arm-none-eabi/lib/thumb/v7-m\libc_nano.a(lib_a-memset.o)
 .ARM.attributes
                0x00000000000005fc       0x2d c:/st/stm32cubeide_1.0.2/stm32cubeide/plugins/com.st.stm32cube.ide.mcu.externaltools.gnu-tools-for-stm32.7-2018-q2-update.win32_1.0.0.201904181610/tools/bin/../lib/gcc/arm-none-eabi/7.3.1/../../../../arm-none-eabi/lib/thumb/v7-m\libc_nano.a(lib_a-nano-freer.o)
 .ARM.attributes
                0x0000000000000629       0x2d c:/st/stm32cubeide_1.0.2/stm32cubeide/plugins/com.st.stm32cube.ide.mcu.externaltools.gnu-tools-for-stm32.7-2018-q2-update.win32_1.0.0.201904181610/tools/bin/../lib/gcc/arm-none-eabi/7.3.1/../../../../arm-none-eabi/lib/thumb/v7-m\libc_nano.a(lib_a-nano-mallocr.o)
 .ARM.attributes
                0x0000000000000656       0x2d c:/st/stm32cubeide_1.0.2/stm32cubeide/plugins/com.st.stm32cube.ide.mcu.externaltools.gnu-tools-for-stm32.7-2018-q2-update.win32_1.0.0.201904181610/tools/bin/../lib/gcc/arm-none-eabi/7.3.1/../../../../arm-none-eabi/lib/thumb/v7-m\libc_nano.a(lib_a-sbrkr.o)
 .ARM.attributes
                0x0000000000000683       0x2d c:/st/stm32cubeide_1.0.2/stm32cubeide/plugins/com.st.stm32cube.ide.mcu.externaltools.gnu-tools-for-stm32.7-2018-q2-update.win32_1.0.0.201904181610/tools/bin/../lib/gcc/arm-none-eabi/7.3.1/../../../../arm-none-eabi/lib/thumb/v7-m\libc_nano.a(lib_a-strchr.o)
 .ARM.attributes
                0x00000000000006b0       0x1b c:/st/stm32cubeide_1.0.2/stm32cubeide/plugins/com.st.stm32cube.ide.mcu.externaltools.gnu-tools-for-stm32.7-2018-q2-update.win32_1.0.0.201904181610/tools/bin/../lib/gcc/arm-none-eabi/7.3.1/../../../../arm-none-eabi/lib/thumb/v7-m\libc_nano.a(lib_a-strcmp.o)
 .ARM.attributes
                0x00000000000006cb       0x17 c:/st/stm32cubeide_1.0.2/stm32cubeide/plugins/com.st.stm32cube.ide.mcu.externaltools.gnu-tools-for-stm32.7-2018-q2-update.win32_1.0.0.201904181610/tools/bin/../lib/gcc/arm-none-eabi/7.3.1/../../../../arm-none-eabi/lib/thumb/v7-m\libc_nano.a(lib_a-strlen.o)
 .ARM.attributes
                0x00000000000006e2       0x2d c:/st/stm32cubeide_1.0.2/stm32cubeide/plugins/com.st.stm32cube.ide.mcu.externaltools.gnu-tools-for-stm32.7-2018-q2-update.win32_1.0.0.201904181610/tools/bin/../lib/gcc/arm-none-eabi/7.3.1/../../../../arm-none-eabi/lib/thumb/v7-m\libc_nano.a(lib_a-strncmp.o)
 .ARM.attributes
                0x000000000000070f       0x2d c:/st/stm32cubeide_1.0.2/stm32cubeide/plugins/com.st.stm32cube.ide.mcu.externaltools.gnu-tools-for-stm32.7-2018-q2-update.win32_1.0.0.201904181610/tools/bin/../lib/gcc/arm-none-eabi/7.3.1/../../../../arm-none-eabi/lib/thumb/v7-m\libc_nano.a(lib_a-vsnprintf.o)
 .ARM.attributes
                0x000000000000073c       0x2d c:/st/stm32cubeide_1.0.2/stm32cubeide/plugins/com.st.stm32cube.ide.mcu.externaltools.gnu-tools-for-stm32.7-2018-q2-update.win32_1.0.0.201904181610/tools/bin/../lib/gcc/arm-none-eabi/7.3.1/../../../../arm-none-eabi/lib/thumb/v7-m\libc_nano.a(lib_a-wctomb_r.o)
 .ARM.attributes
                0x0000000000000769       0x2d c:/st/stm32cubeide_1.0.2/stm32cubeide/plugins/com.st.stm32cube.ide.mcu.externaltools.gnu-tools-for-stm32.7-2018-q2-update.win32_1.0.0.201904181610/tools/bin/../lib/gcc/arm-none-eabi/7.3.1/../../../../arm-none-eabi/lib/thumb/v7-m\libc_nano.a(lib_a-ctype_.o)
 .ARM.attributes
                0x0000000000000796       0x2d c:/st/stm32cubeide_1.0.2/stm32cubeide/plugins/com.st.stm32cube.ide.mcu.externaltools.gnu-tools-for-stm32.7-2018-q2-update.win32_1.0.0.201904181610/tools/bin/../lib/gcc/arm-none-eabi/7.3.1/../../../../arm-none-eabi/lib/thumb/v7-m\libc_nano.a(lib_a-mlock.o)
 .ARM.attributes
                0x00000000000007c3       0x2d c:/st/stm32cubeide_1.0.2/stm32cubeide/plugins/com.st.stm32cube.ide.mcu.externaltools.gnu-tools-for-stm32.7-2018-q2-update.win32_1.0.0.201904181610/tools/bin/../lib/gcc/arm-none-eabi/7.3.1/../../../../arm-none-eabi/lib/thumb/v7-m\libc_nano.a(lib_a-nano-svfprintf.o)
 .ARM.attributes
                0x00000000000007f0       0x2d c:/st/stm32cubeide_1.0.2/stm32cubeide/plugins/com.st.stm32cube.ide.mcu.externaltools.gnu-tools-for-stm32.7-2018-q2-update.win32_1.0.0.201904181610/tools/bin/../lib/gcc/arm-none-eabi/7.3.1/../../../../arm-none-eabi/lib/thumb/v7-m\libc_nano.a(lib_a-nano-vfprintf_i.o)
 .ARM.attributes
                0x000000000000081d       0x2d c:/st/stm32cubeide_1.0.2/stm32cubeide/plugins/com.st.stm32cube.ide.mcu.externaltools.gnu-tools-for-stm32.7-2018-q2-update.win32_1.0.0.201904181610/tools/bin/../lib/gcc/arm-none-eabi/7.3.1/../../../../arm-none-eabi/lib/thumb/v7-m\libc_nano.a(lib_a-reent.o)
 .ARM.attributes
                0x000000000000084a       0x2d c:/st/stm32cubeide_1.0.2/stm32cubeide/plugins/com.st.stm32cube.ide.mcu.externaltools.gnu-tools-for-stm32.7-2018-q2-update.win32_1.0.0.201904181610/tools/bin/../lib/gcc/arm-none-eabi/7.3.1/../../../../arm-none-eabi/lib/thumb/v7-m\libc_nano.a(lib_a-memchr-stub.o)
 .ARM.attributes
                0x0000000000000877       0x2d c:/st/stm32cubeide_1.0.2/stm32cubeide/plugins/com.st.stm32cube.ide.mcu.externaltools.gnu-tools-for-stm32.7-2018-q2-update.win32_1.0.0.201904181610/tools/bin/../lib/gcc/arm-none-eabi/7.3.1/../../../../arm-none-eabi/lib/thumb/v7-m\libc_nano.a(lib_a-nano-reallocr.o)
 .ARM.attributes
                0x00000000000008a4       0x2d c:/st/stm32cubeide_1.0.2/stm32cubeide/plugins/com.st.stm32cube.ide.mcu.externaltools.gnu-tools-for-stm32.7-2018-q2-update.win32_1.0.0.201904181610/tools/bin/../lib/gcc/arm-none-eabi/7.3.1/../../../../arm-none-eabi/lib/thumb/v7-m\libc_nano.a(lib_a-nano-msizer.o)
 .ARM.attributes
                0x00000000000008d1       0x1d c:/st/stm32cubeide_1.0.2/stm32cubeide/plugins/com.st.stm32cube.ide.mcu.externaltools.gnu-tools-for-stm32.7-2018-q2-update.win32_1.0.0.201904181610/tools/bin/../lib/gcc/arm-none-eabi/7.3.1/thumb/v7-m\libgcc.a(_arm_addsubdf3.o)
 .ARM.attributes
                0x00000000000008ee       0x1d c:/st/stm32cubeide_1.0.2/stm32cubeide/plugins/com.st.stm32cube.ide.mcu.externaltools.gnu-tools-for-stm32.7-2018-q2-update.win32_1.0.0.201904181610/tools/bin/../lib/gcc/arm-none-eabi/7.3.1/thumb/v7-m\libgcc.a(_arm_muldivdf3.o)
 .ARM.attributes
                0x000000000000090b       0x1d c:/st/stm32cubeide_1.0.2/stm32cubeide/plugins/com.st.stm32cube.ide.mcu.externaltools.gnu-tools-for-stm32.7-2018-q2-update.win32_1.0.0.201904181610/tools/bin/../lib/gcc/arm-none-eabi/7.3.1/thumb/v7-m\libgcc.a(_arm_cmpdf2.o)
 .ARM.attributes
                0x0000000000000928       0x1d c:/st/stm32cubeide_1.0.2/stm32cubeide/plugins/com.st.stm32cube.ide.mcu.externaltools.gnu-tools-for-stm32.7-2018-q2-update.win32_1.0.0.201904181610/tools/bin/../lib/gcc/arm-none-eabi/7.3.1/thumb/v7-m\libgcc.a(_arm_fixdfsi.o)
 .ARM.attributes
                0x0000000000000945       0x1d c:/st/stm32cubeide_1.0.2/stm32cubeide/plugins/com.st.stm32cube.ide.mcu.externaltools.gnu-tools-for-stm32.7-2018-q2-update.win32_1.0.0.201904181610/tools/bin/../lib/gcc/arm-none-eabi/7.3.1/thumb/v7-m\libgcc.a(_arm_fixunsdfsi.o)
 .ARM.attributes
                0x0000000000000962       0x1d c:/st/stm32cubeide_1.0.2/stm32cubeide/plugins/com.st.stm32cube.ide.mcu.externaltools.gnu-tools-for-stm32.7-2018-q2-update.win32_1.0.0.201904181610/tools/bin/../lib/gcc/arm-none-eabi/7.3.1/thumb/v7-m/crtn.o
OUTPUT(note-stm32f1.elf elf32-littlearm)

.debug_info     0x0000000000000000    0x10fd4
 .debug_info    0x0000000000000000      0x6fe Drivers/STM32F1xx_HAL_Driver/Src/stm32f1xx_hal.o
 .debug_info    0x00000000000006fe      0xb46 Drivers/STM32F1xx_HAL_Driver/Src/stm32f1xx_hal_cortex.o
 .debug_info    0x0000000000001244      0x7a6 Drivers/STM32F1xx_HAL_Driver/Src/stm32f1xx_hal_dma.o
 .debug_info    0x00000000000019ea      0x681 Drivers/STM32F1xx_HAL_Driver/Src/stm32f1xx_hal_gpio.o
 .debug_info    0x000000000000206b     0x2457 Drivers/STM32F1xx_HAL_Driver/Src/stm32f1xx_hal_i2c.o
 .debug_info    0x00000000000044c2      0x804 Drivers/STM32F1xx_HAL_Driver/Src/stm32f1xx_hal_rcc.o
 .debug_info    0x0000000000004cc6     0x11e3 Drivers/STM32F1xx_HAL_Driver/Src/stm32f1xx_hal_uart.o
 .debug_info    0x0000000000005ea9      0x293 Src/example.o
 .debug_info    0x000000000000613c     0x18d3 Src/main.o
 .debug_info    0x0000000000007a0f      0xcab Src/stm32f1xx_hal_msp.o
 .debug_info    0x00000000000086ba      0xa0d Src/stm32f1xx_it.o
 .debug_info    0x00000000000090c7      0x91c Src/sysmem.o
 .debug_info    0x00000000000099e3      0x433 Src/system_stm32f1xx.o
 .debug_info    0x0000000000009e16       0x22 Startup/startup_stm32f103rbtx.o
 .debug_info    0x0000000000009e38      0x9fc note-c/n_atof.o
 .debug_info    0x000000000000a834     0x2aa1 note-c/n_cjson.o
 .debug_info    0x000000000000d2d5      0xcbc note-c/n_cjson_helpers.o
 .debug_info    0x000000000000df91      0x99f note-c/n_ftoa.o
 .debug_info    0x000000000000e930     0x1089 note-c/n_hooks.o
 .debug_info    0x000000000000f9b9      0xaa3 note-c/n_i2c.o
 .debug_info    0x000000000001045c      0xb78 note-c/n_request.o

.debug_abbrev   0x0000000000000000     0x294e
 .debug_abbrev  0x0000000000000000      0x1d8 Drivers/STM32F1xx_HAL_Driver/Src/stm32f1xx_hal.o
 .debug_abbrev  0x00000000000001d8      0x2d5 Drivers/STM32F1xx_HAL_Driver/Src/stm32f1xx_hal_cortex.o
 .debug_abbrev  0x00000000000004ad      0x1fe Drivers/STM32F1xx_HAL_Driver/Src/stm32f1xx_hal_dma.o
 .debug_abbrev  0x00000000000006ab      0x1c0 Drivers/STM32F1xx_HAL_Driver/Src/stm32f1xx_hal_gpio.o
 .debug_abbrev  0x000000000000086b      0x258 Drivers/STM32F1xx_HAL_Driver/Src/stm32f1xx_hal_i2c.o
 .debug_abbrev  0x0000000000000ac3      0x243 Drivers/STM32F1xx_HAL_Driver/Src/stm32f1xx_hal_rcc.o
 .debug_abbrev  0x0000000000000d06      0x242 Drivers/STM32F1xx_HAL_Driver/Src/stm32f1xx_hal_uart.o
 .debug_abbrev  0x0000000000000f48      0x123 Src/example.o
 .debug_abbrev  0x000000000000106b      0x31b Src/main.o
 .debug_abbrev  0x0000000000001386      0x195 Src/stm32f1xx_hal_msp.o
 .debug_abbrev  0x000000000000151b      0x193 Src/stm32f1xx_it.o
 .debug_abbrev  0x00000000000016ae      0x1bb Src/sysmem.o
 .debug_abbrev  0x0000000000001869      0x134 Src/system_stm32f1xx.o
 .debug_abbrev  0x000000000000199d       0x12 Startup/startup_stm32f103rbtx.o
 .debug_abbrev  0x00000000000019af      0x1c0 note-c/n_atof.o
 .debug_abbrev  0x0000000000001b6f      0x3c9 note-c/n_cjson.o
 .debug_abbrev  0x0000000000001f38      0x1f9 note-c/n_cjson_helpers.o
 .debug_abbrev  0x0000000000002131      0x1aa note-c/n_ftoa.o
 .debug_abbrev  0x00000000000022db      0x272 note-c/n_hooks.o
 .debug_abbrev  0x000000000000254d      0x1c3 note-c/n_i2c.o
 .debug_abbrev  0x0000000000002710      0x23e note-c/n_request.o

.debug_aranges  0x0000000000000000      0xf80
 .debug_aranges
                0x0000000000000000       0xe0 Drivers/STM32F1xx_HAL_Driver/Src/stm32f1xx_hal.o
 .debug_aranges
                0x00000000000000e0      0x100 Drivers/STM32F1xx_HAL_Driver/Src/stm32f1xx_hal_cortex.o
 .debug_aranges
                0x00000000000001e0       0x80 Drivers/STM32F1xx_HAL_Driver/Src/stm32f1xx_hal_dma.o
 .debug_aranges
                0x0000000000000260       0x58 Drivers/STM32F1xx_HAL_Driver/Src/stm32f1xx_hal_gpio.o
 .debug_aranges
                0x00000000000002b8      0x290 Drivers/STM32F1xx_HAL_Driver/Src/stm32f1xx_hal_i2c.o
 .debug_aranges
                0x0000000000000548       0x90 Drivers/STM32F1xx_HAL_Driver/Src/stm32f1xx_hal_rcc.o
 .debug_aranges
                0x00000000000005d8      0x1d0 Drivers/STM32F1xx_HAL_Driver/Src/stm32f1xx_hal_uart.o
 .debug_aranges
                0x00000000000007a8       0x28 Src/example.o
 .debug_aranges
                0x00000000000007d0       0xb0 Src/main.o
 .debug_aranges
                0x0000000000000880       0x40 Src/stm32f1xx_hal_msp.o
 .debug_aranges
                0x00000000000008c0       0xb8 Src/stm32f1xx_it.o
 .debug_aranges
                0x0000000000000978       0x20 Src/sysmem.o
 .debug_aranges
                0x0000000000000998       0x28 Src/system_stm32f1xx.o
 .debug_aranges
                0x00000000000009c0       0x28 Startup/startup_stm32f103rbtx.o
 .debug_aranges
                0x00000000000009e8       0x20 note-c/n_atof.o
 .debug_aranges
                0x0000000000000a08      0x370 note-c/n_cjson.o
 .debug_aranges
                0x0000000000000d78       0x70 note-c/n_cjson_helpers.o
 .debug_aranges
                0x0000000000000de8       0x20 note-c/n_ftoa.o
 .debug_aranges
                0x0000000000000e08       0xe8 note-c/n_hooks.o
 .debug_aranges
                0x0000000000000ef0       0x30 note-c/n_i2c.o
 .debug_aranges
                0x0000000000000f20       0x60 note-c/n_request.o

.debug_ranges   0x0000000000000000      0xf38
 .debug_ranges  0x0000000000000000       0xd0 Drivers/STM32F1xx_HAL_Driver/Src/stm32f1xx_hal.o
 .debug_ranges  0x00000000000000d0       0xf0 Drivers/STM32F1xx_HAL_Driver/Src/stm32f1xx_hal_cortex.o
 .debug_ranges  0x00000000000001c0       0x70 Drivers/STM32F1xx_HAL_Driver/Src/stm32f1xx_hal_dma.o
 .debug_ranges  0x0000000000000230       0x48 Drivers/STM32F1xx_HAL_Driver/Src/stm32f1xx_hal_gpio.o
 .debug_ranges  0x0000000000000278      0x2a0 Drivers/STM32F1xx_HAL_Driver/Src/stm32f1xx_hal_i2c.o
 .debug_ranges  0x0000000000000518       0x80 Drivers/STM32F1xx_HAL_Driver/Src/stm32f1xx_hal_rcc.o
 .debug_ranges  0x0000000000000598      0x1c0 Drivers/STM32F1xx_HAL_Driver/Src/stm32f1xx_hal_uart.o
 .debug_ranges  0x0000000000000758       0x18 Src/example.o
 .debug_ranges  0x0000000000000770       0xa0 Src/main.o
 .debug_ranges  0x0000000000000810       0x30 Src/stm32f1xx_hal_msp.o
 .debug_ranges  0x0000000000000840       0xa8 Src/stm32f1xx_it.o
 .debug_ranges  0x00000000000008e8       0x10 Src/sysmem.o
 .debug_ranges  0x00000000000008f8       0x18 Src/system_stm32f1xx.o
 .debug_ranges  0x0000000000000910       0x20 Startup/startup_stm32f103rbtx.o
 .debug_ranges  0x0000000000000930       0x10 note-c/n_atof.o
 .debug_ranges  0x0000000000000940      0x3e0 note-c/n_cjson.o
 .debug_ranges  0x0000000000000d20       0x60 note-c/n_cjson_helpers.o
 .debug_ranges  0x0000000000000d80       0x10 note-c/n_ftoa.o
 .debug_ranges  0x0000000000000d90       0xd8 note-c/n_hooks.o
 .debug_ranges  0x0000000000000e68       0x68 note-c/n_i2c.o
 .debug_ranges  0x0000000000000ed0       0x68 note-c/n_request.o

.debug_macro    0x0000000000000000    0x15346
 .debug_macro   0x0000000000000000      0x1b3 Drivers/STM32F1xx_HAL_Driver/Src/stm32f1xx_hal.o
 .debug_macro   0x00000000000001b3      0xa5a Drivers/STM32F1xx_HAL_Driver/Src/stm32f1xx_hal.o
 .debug_macro   0x0000000000000c0d      0x21b Drivers/STM32F1xx_HAL_Driver/Src/stm32f1xx_hal.o
 .debug_macro   0x0000000000000e28       0x2e Drivers/STM32F1xx_HAL_Driver/Src/stm32f1xx_hal.o
 .debug_macro   0x0000000000000e56       0x22 Drivers/STM32F1xx_HAL_Driver/Src/stm32f1xx_hal.o
 .debug_macro   0x0000000000000e78       0x22 Drivers/STM32F1xx_HAL_Driver/Src/stm32f1xx_hal.o
 .debug_macro   0x0000000000000e9a       0x8e Drivers/STM32F1xx_HAL_Driver/Src/stm32f1xx_hal.o
 .debug_macro   0x0000000000000f28       0x51 Drivers/STM32F1xx_HAL_Driver/Src/stm32f1xx_hal.o
 .debug_macro   0x0000000000000f79       0xef Drivers/STM32F1xx_HAL_Driver/Src/stm32f1xx_hal.o
 .debug_macro   0x0000000000001068       0x6a Drivers/STM32F1xx_HAL_Driver/Src/stm32f1xx_hal.o
 .debug_macro   0x00000000000010d2      0x1df Drivers/STM32F1xx_HAL_Driver/Src/stm32f1xx_hal.o
 .debug_macro   0x00000000000012b1       0x1c Drivers/STM32F1xx_HAL_Driver/Src/stm32f1xx_hal.o
 .debug_macro   0x00000000000012cd       0x22 Drivers/STM32F1xx_HAL_Driver/Src/stm32f1xx_hal.o
 .debug_macro   0x00000000000012ef       0xc3 Drivers/STM32F1xx_HAL_Driver/Src/stm32f1xx_hal.o
 .debug_macro   0x00000000000013b2      0xd23 Drivers/STM32F1xx_HAL_Driver/Src/stm32f1xx_hal.o
 .debug_macro   0x00000000000020d5     0xe09e Drivers/STM32F1xx_HAL_Driver/Src/stm32f1xx_hal.o
 .debug_macro   0x0000000000010173       0x43 Drivers/STM32F1xx_HAL_Driver/Src/stm32f1xx_hal.o
 .debug_macro   0x00000000000101b6      0x174 Drivers/STM32F1xx_HAL_Driver/Src/stm32f1xx_hal.o
 .debug_macro   0x000000000001032a       0x5a Drivers/STM32F1xx_HAL_Driver/Src/stm32f1xx_hal.o
 .debug_macro   0x0000000000010384      0x5be Drivers/STM32F1xx_HAL_Driver/Src/stm32f1xx_hal.o
 .debug_macro   0x0000000000010942      0x289 Drivers/STM32F1xx_HAL_Driver/Src/stm32f1xx_hal.o
 .debug_macro   0x0000000000010bcb      0x1cb Drivers/STM32F1xx_HAL_Driver/Src/stm32f1xx_hal.o
 .debug_macro   0x0000000000010d96      0x114 Drivers/STM32F1xx_HAL_Driver/Src/stm32f1xx_hal.o
 .debug_macro   0x0000000000010eaa      0x1b2 Drivers/STM32F1xx_HAL_Driver/Src/stm32f1xx_hal.o
 .debug_macro   0x000000000001105c       0x27 Drivers/STM32F1xx_HAL_Driver/Src/stm32f1xx_hal.o
 .debug_macro   0x0000000000011083      0x136 Drivers/STM32F1xx_HAL_Driver/Src/stm32f1xx_hal.o
 .debug_macro   0x00000000000111b9      0x1bc Drivers/STM32F1xx_HAL_Driver/Src/stm32f1xx_hal.o
 .debug_macro   0x0000000000011375       0x34 Drivers/STM32F1xx_HAL_Driver/Src/stm32f1xx_hal.o
 .debug_macro   0x00000000000113a9       0x3c Drivers/STM32F1xx_HAL_Driver/Src/stm32f1xx_hal.o
 .debug_macro   0x00000000000113e5       0x57 Drivers/STM32F1xx_HAL_Driver/Src/stm32f1xx_hal.o
 .debug_macro   0x000000000001143c       0x88 Drivers/STM32F1xx_HAL_Driver/Src/stm32f1xx_hal.o
 .debug_macro   0x00000000000114c4      0x241 Drivers/STM32F1xx_HAL_Driver/Src/stm32f1xx_hal.o
 .debug_macro   0x0000000000011705      0x280 Drivers/STM32F1xx_HAL_Driver/Src/stm32f1xx_hal.o
 .debug_macro   0x0000000000011985      0x141 Drivers/STM32F1xx_HAL_Driver/Src/stm32f1xx_hal.o
 .debug_macro   0x0000000000011ac6      0x26b Drivers/STM32F1xx_HAL_Driver/Src/stm32f1xx_hal.o
 .debug_macro   0x0000000000011d31       0x83 Drivers/STM32F1xx_HAL_Driver/Src/stm32f1xx_hal.o
 .debug_macro   0x0000000000011db4      0x18f Drivers/STM32F1xx_HAL_Driver/Src/stm32f1xx_hal_cortex.o
 .debug_macro   0x0000000000011f43      0x18f Drivers/STM32F1xx_HAL_Driver/Src/stm32f1xx_hal_dma.o
 .debug_macro   0x00000000000120d2      0x1fa Drivers/STM32F1xx_HAL_Driver/Src/stm32f1xx_hal_gpio.o
 .debug_macro   0x00000000000122cc      0x1cf Drivers/STM32F1xx_HAL_Driver/Src/stm32f1xx_hal_i2c.o
 .debug_macro   0x000000000001249b      0x1a1 Drivers/STM32F1xx_HAL_Driver/Src/stm32f1xx_hal_rcc.o
 .debug_macro   0x000000000001263c      0x190 Drivers/STM32F1xx_HAL_Driver/Src/stm32f1xx_hal_uart.o
 .debug_macro   0x00000000000127cc      0x1d4 Src/example.o
 .debug_macro   0x00000000000129a0       0x22 Src/example.o
 .debug_macro   0x00000000000129c2       0x5e Src/example.o
 .debug_macro   0x0000000000012a20       0x1c Src/example.o
 .debug_macro   0x0000000000012a3c       0x69 Src/example.o
 .debug_macro   0x0000000000012aa5       0x3a Src/example.o
 .debug_macro   0x0000000000012adf      0x2bb Src/main.o
 .debug_macro   0x0000000000012d9a       0x18 Src/main.o
 .debug_macro   0x0000000000012db2       0x46 Src/main.o
 .debug_macro   0x0000000000012df8       0x3c Src/main.o
 .debug_macro   0x0000000000012e34       0x34 Src/main.o
 .debug_macro   0x0000000000012e68       0x16 Src/main.o
 .debug_macro   0x0000000000012e7e       0x35 Src/main.o
 .debug_macro   0x0000000000012eb3       0x52 Src/main.o
 .debug_macro   0x0000000000012f05       0x1f Src/main.o
 .debug_macro   0x0000000000012f24       0x43 Src/main.o
 .debug_macro   0x0000000000012f67       0x20 Src/main.o
 .debug_macro   0x0000000000012f87      0x1a3 Src/main.o
 .debug_macro   0x000000000001312a      0x330 Src/main.o
 .debug_macro   0x000000000001345a       0x16 Src/main.o
 .debug_macro   0x0000000000013470       0x29 Src/main.o
 .debug_macro   0x0000000000013499       0x16 Src/main.o
 .debug_macro   0x00000000000134af       0x20 Src/main.o
 .debug_macro   0x00000000000134cf       0xbd Src/main.o
 .debug_macro   0x000000000001358c       0x54 Src/main.o
 .debug_macro   0x00000000000135e0      0x1a7 Src/stm32f1xx_hal_msp.o
 .debug_macro   0x0000000000013787      0x1b1 Src/stm32f1xx_it.o
 .debug_macro   0x0000000000013938      0x1ae Src/sysmem.o
 .debug_macro   0x0000000000013ae6      0x23b Src/sysmem.o
 .debug_macro   0x0000000000013d21       0x16 Src/sysmem.o
 .debug_macro   0x0000000000013d37      0x195 Src/system_stm32f1xx.o
 .debug_macro   0x0000000000013ecc      0x16b note-c/n_atof.o
 .debug_macro   0x0000000000014037      0x10b note-c/n_atof.o
 .debug_macro   0x0000000000014142       0x10 note-c/n_atof.o
 .debug_macro   0x0000000000014152       0x8e note-c/n_atof.o
 .debug_macro   0x00000000000141e0      0x2e2 note-c/n_cjson.o
 .debug_macro   0x00000000000144c2      0x1e1 note-c/n_cjson.o