Archive member included to satisfy reference by file (symbol)

c:/st/stm32cubeide_1.0.2/stm32cubeide/plugins/com.st.stm32cube.ide.mcu.externaltools.gnu-tools-for-stm32.7-2018-q2-update.win32_1.0.0.201904181610/tools/bin/../lib/gcc/arm-none-eabi/7.3.1/../../../../arm-none-eabi/lib/thumb/v7-m\libc_nano.a(lib_a-atoi.o)
                              note-c/n_helpers.o (atoi)
c:/st/stm32cubeide_1.0.2/stm32cubeide/plugins/com.st.stm32cube.ide.mcu.externaltools.gnu-tools-for-stm32.7-2018-q2-update.win32_1.0.0.201904181610/tools/bin/../lib/gcc/arm-none-eabi/7.3.1/../../../../arm-none-eabi/lib/thumb/v7-m\libc_nano.a(lib_a-errno.o)
                              Src/syscalls.o (__errno)
c:/st/stm32cubeide_1.0.2/stm32cubeide/plugins/com.st.stm32cube.ide.mcu.externaltools.gnu-tools-for-stm32.7-2018-q2-update.win32_1.0.0.201904181610/tools/bin/../lib/gcc/arm-none-eabi/7.3.1/../../../../arm-none-eabi/lib/thumb/v7-m\libc_nano.a(lib_a-exit.o)
                              c:/st/stm32cubeide_1.0.2/stm32cubeide/plugins/com.st.stm32cube.ide.mcu.externaltools.gnu-tools-for-stm32.7-2018-q2-update.win32_1.0.0.201904181610/tools/bin/../lib/gcc/arm-none-eabi/7.3.1/../../../../arm-none-eabi/lib/thumb/v7-m/crt0.o (exit)
c:/st/stm32cubeide_1.0.2/stm32cubeide/plugins/com.st.stm32cube.ide.mcu.externaltools.gnu-tools-for-stm32.7-2018-q2-update.win32_1.0.0.201904181610/tools/bin/../lib/gcc/arm-none-eabi/7.3.1/../../../../arm-none-eabi/lib/thumb/v7-m\libc_nano.a(lib_a-impure.o)
                              c:/st/stm32cubeide_1.0.2/stm32cubeide/plugins/com.st.stm32cube.ide.mcu.externaltools.gnu-tools-for-stm32.7-2018-q2-update.win32_1.0.0.201904181610/tools/bin/../lib/gcc/arm-none-eabi/7.3.1/../../../../arm-none-eabi/lib/thumb/v7-m\libc_nano.a(lib_a-exit.o) (_global_impure_ptr)
c:/st/stm32cubeide_1.0.2/stm32cubeide/plugins/com.st.stm32cube.ide.mcu.externaltools.gnu-tools-for-stm32.7-2018-q2-update.win32_1.0.0.201904181610/tools/bin/../lib/gcc/arm-none-eabi/7.3.1/../../../../arm-none-eabi/lib/thumb/v7-m\libc_nano.a(lib_a-init.o)
                              c:/st/stm32cubeide_1.0.2/stm32cubeide/plugins/com.st.stm32cube.ide.mcu.externaltools.gnu-tools-for-stm32.7-2018-q2-update.win32_1.0.0.201904181610/tools/bin/../lib/gcc/arm-none-eabi/7.3.1/../../../../arm-none-eabi/lib/thumb/v7-m/crt0.o (__libc_init_array)
c:/st/stm32cubeide_1.0.2/stm32cubeide/plugins/com.st.stm32cube.ide.mcu.externaltools.gnu-tools-for-stm32.7-2018-q2-update.win32_1.0.0.201904181610/tools/bin/../lib/gcc/arm-none-eabi/7.3.1/../../../../arm-none-eabi/lib/thumb/v7-m\libc_nano.a(lib_a-locale.o)
                              note-c/n_cjson.o (__locale_ctype_ptr)
c:/st/stm32cubeide_1.0.2/stm32cubeide/plugins/com.st.stm32cube.ide.mcu.externaltools.gnu-tools-for-stm32.7-2018-q2-update.win32_1.0.0.201904181610/tools/bin/../lib/gcc/arm-none-eabi/7.3.1/../../../../arm-none-eabi/lib/thumb/v7-m\libc_nano.a(lib_a-malloc.o)
                              Src/main.o (malloc)
c:/st/stm32cubeide_1.0.2/stm32cubeide/plugins/com.st.stm32cube.ide.mcu.externaltools.gnu-tools-for-stm32.7-2018-q2-update.win32_1.0.0.201904181610/tools/bin/../lib/gcc/arm-none-eabi/7.3.1/../../../../arm-none-eabi/lib/thumb/v7-m\libc_nano.a(lib_a-mbtowc_r.o)
                              c:/st/stm32cubeide_1.0.2/stm32cubeide/plugins/com.st.stm32cube.ide.mcu.externaltools.gnu-tools-for-stm32.7-2018-q2-update.win32_1.0.0.201904181610/tools/bin/../lib/gcc/arm-none-eabi/7.3.1/../../../../arm-none-eabi/lib/thumb/v7-m\libc_nano.a(lib_a-locale.o) (__ascii_mbtowc)
c:/st/stm32cubeide_1.0.2/stm32cubeide/plugins/com.st.stm32cube.ide.mcu.externaltools.gnu-tools-for-stm32.7-2018-q2-update.win32_1.0.0.201904181610/tools/bin/../lib/gcc/arm-none-eabi/7.3.1/../../../../arm-none-eabi/lib/thumb/v7-m\libc_nano.a(lib_a-memcmp.o)
                              note-c/n_helpers.o (memcmp)
c:/st/stm32cubeide_1.0.2/stm32cubeide/plugins/com.st.stm32cube.ide.mcu.externaltools.gnu-tools-for-stm32.7-2018-q2-update.win32_1.0.0.201904181610/tools/bin/../lib/gcc/arm-none-eabi/7.3.1/../../../../arm-none-eabi/lib/thumb/v7-m\libc_nano.a(lib_a-memcpy-stub.o)
                              Src/main.o (memcpy)
c:/st/stm32cubeide_1.0.2/stm32cubeide/plugins/com.st.stm32cube.ide.mcu.externaltools.gnu-tools-for-stm32.7-2018-q2-update.win32_1.0.0.201904181610/tools/bin/../lib/gcc/arm-none-eabi/7.3.1/../../../../arm-none-eabi/lib/thumb/v7-m\libc_nano.a(lib_a-memmove.o)
                              note-c/n_request.o (memmove)
c:/st/stm32cubeide_1.0.2/stm32cubeide/plugins/com.st.stm32cube.ide.mcu.externaltools.gnu-tools-for-stm32.7-2018-q2-update.win32_1.0.0.201904181610/tools/bin/../lib/gcc/arm-none-eabi/7.3.1/../../../../arm-none-eabi/lib/thumb/v7-m\libc_nano.a(lib_a-memset.o)
                              c:/st/stm32cubeide_1.0.2/stm32cubeide/plugins/com.st.stm32cube.ide.mcu.externaltools.gnu-tools-for-stm32.7-2018-q2-update.win32_1.0.0.201904181610/tools/bin/../lib/gcc/arm-none-eabi/7.3.1/../../../../arm-none-eabi/lib/thumb/v7-m/crt0.o (memset)
[...]
Memory Configuration

Name             Origin             Length             Attributes
RAM              0x0000000020000000 0x0000000000005000 xrw
FLASH            0x0000000008000000 0x0000000000020000 xr
*default*        0x0000000000000000 0xffffffffffffffff

Linker script and memory map

LOAD c:/st/stm32cubeide_1.0.2/stm32cubeide/plugins/com.st.stm32cube.ide.mcu.externaltools.gnu-tools-for-stm32.7-2018-q2-update.win32_1.0.0.201904181610/tools/bin/../lib/gcc/arm-none-eabi/7.3.1/thumb/v7-m/crti.o
LOAD c:/st/stm32cubeide_1.0.2/stm32cubeide/plugins/com.st.stm32cube.ide.mcu.externaltools.gnu-tools-for-stm32.7-2018-q2-update.win32_1.0.0.201904181610/tools/bin/../lib/gcc/arm-none-eabi/7.3.1/thumb/v7-m/crtbegin.o
LOAD c:/st/stm32cubeide_1.0.2/stm32cubeide/plugins/com.st.stm32cube.ide.mcu.externaltools.gnu-tools-for-stm32.7-2018-q2-update.win32_1.0.0.201904181610/tools/bin/../lib/gcc/arm-none-eabi/7.3.1/../../../../arm-none-eabi/lib/thumb/v7-m/crt0.o
LOAD Drivers/STM32F1xx_HAL_Driver/Src/stm32f1xx_hal.o
LOAD Drivers/STM32F1xx_HAL_Driver/Src/stm32f1xx_hal_cortex.o
LOAD Drivers/STM32F1xx_HAL_Driver/Src/stm32f1xx_hal_dma.o
LOAD Drivers/STM32F1xx_HAL_Driver/Src/stm32f1xx_hal_exti.o
LOAD Drivers/STM32F1xx_HAL_Driver/Src/stm32f1xx_hal_flash.o
LOAD Drivers/STM32F1xx_HAL_Driver/Src/stm32f1xx_hal_flash_ex.o
LOAD Drivers/STM32F1xx_HAL_Driver/Src/stm32f1xx_hal_gpio.o
LOAD Drivers/STM32F1xx_HAL_Driver/Src/stm32f1xx_hal_gpio_ex.o
LOAD Drivers/STM32F1xx_HAL_Driver/Src/stm32f1xx_hal_i2c.o
LOAD Drivers/STM32F1xx_HAL_Driver/Src/stm32f1xx_hal_pwr.o
LOAD Drivers/STM32F1xx_HAL_Driver/Src/stm32f1xx_hal_rcc.o
LOAD Drivers/STM32F1xx_HAL_Driver/Src/stm32f1xx_hal_rcc_ex.o
LOAD Drivers/STM32F1xx_HAL_Driver/Src/stm32f1xx_hal_tim.o
LOAD Drivers/STM32F1xx_HAL_Driver/Src/stm32f1xx_hal_tim_ex.o
LOAD Drivers/STM32F1xx_HAL_Driver/Src/stm32f1xx_hal_uart.o
LOAD Src/example.o
LOAD Src/main.o
LOAD Src/stm32f1xx_hal_msp.o
LOAD Src/stm32f1xx_it.o
LOAD Src/syscalls.o
LOAD Src/sysmem.o
LOAD Src/system_stm32f1xx.o
LOAD Startup/startup_stm32f103rbtx.o
LOAD note-c/n_atof.o
LOAD note-c/n_b64.o
LOAD note-c/n_cjson.o
LOAD note-c/n_cjson_helpers.o
LOAD note-c/n_ftoa.o
LOAD note-c/n_helpers.o
LOAD note-c/n_hooks.o
LOAD note-c/n_i2c.o
LOAD note-c/n_request.o
LOAD note-c/n_serial.o
LOAD note-c/n_str.o
START GROUP
LOAD c:/st/stm32cubeide_1.0.2/stm32cubeide/plugins/com.st.stm32cube.ide.mcu.externaltools.gnu-tools-for-stm32.7-2018-q2-update.win32_1.0.0.201904181610/tools/bin/../lib/gcc/arm-none-eabi/7.3.1/../../../../arm-none-eabi/lib/thumb/v7-m\libc_nano.a
LOAD c:/st/stm32cubeide_1.0.2/stm32cubeide/plugins/com.st.stm32cube.ide.mcu.externaltools.gnu-tools-for-stm32.7-2018-q2-update.win32_1.0.0.201904181610/tools/bin/../lib/gcc/arm-none-eabi/7.3.1/../../../../arm-none-eabi/lib/thumb/v7-m\libm.a
END GROUP
START GROUP
LOAD c:/st/stm32cubeide_1.0.2/stm32cubeide/plugins/com.st.stm32cube.ide.mcu.externaltools.gnu-tools-for-stm32.7-2018-q2-update.win32_1.0.0.201904181610/tools/bin/../lib/gcc/arm-none-eabi/7.3.1/thumb/v7-m\libgcc.a
LOAD c:/st/stm32cubeide_1.0.2/stm32cubeide/plugins/com.st.stm32cube.ide.mcu.externaltools.gnu-tools-for-stm32.7-2018-q2-update.win32_1.0.0.201904181610/tools/bin/../lib/gcc/arm-none-eabi/7.3.1/../../../../arm-none-eabi/lib/thumb/v7-m\libc_nano.a
END GROUP
START GROUP
LOAD c:/st/stm32cubeide_1.0.2/stm32cubeide/plugins/com.st.stm32cube.ide.mcu.externaltools.gnu-tools-for-stm32.7-2018-q2-update.win32_1.0.0.201904181610/tools/bin/../lib/gcc/arm-none-eabi/7.3.1/thumb/v7-m\libgcc.a
LOAD c:/st/stm32cubeide_1.0.2/stm32cubeide/plugins/com.st.stm32cube.ide.mcu.externaltools.gnu-tools-for-stm32.7-2018-q2-update.win32_1.0.0.201904181610/tools/bin/../lib/gcc/arm-none-eabi/7.3.1/../../../../arm-none-eabi/lib/thumb/v7-m\libc_nano.a
LOAD c:/st/stm32cubeide_1.0.2/stm32cubeide/plugins/com.st.stm32cube.ide.mcu.externaltools.gnu-tools-for-stm32.7-2018-q2-update.win32_1.0.0.201904181610/tools/bin/../lib/gcc/arm-none-eabi/7.3.1/../../../../arm-none-eabi/lib/thumb/v7-m\libnosys.a
END GROUP
START GROUP
LOAD c:/st/stm32cubeide_1.0.2/stm32cubeide/plugins/com.st.stm32cube.ide.mcu.externaltools.gnu-tools-for-stm32.7-2018-q2-update.win32_1.0.0.201904181610/tools/bin/../lib/gcc/arm-none-eabi/7.3.1/thumb/v7-m\libgcc.a
LOAD c:/st/stm32cubeide_1.0.2/stm32cubeide/plugins/com.st.stm32cube.ide.mcu.externaltools.gnu-tools-for-stm32.7-2018-q2-update.win32_1.0.0.201904181610/tools/bin/../lib/gcc/arm-none-eabi/7.3.1/../../../../arm-none-eabi/lib/thumb/v7-m\libc_nano.a
LOAD c:/st/stm32cubeide_1.0.2/stm32cubeide/plugins/com.st.stm32cube.ide.mcu.externaltools.gnu-tools-for-stm32.7-2018-q2-update.win32_1.0.0.201904181610/tools/bin/../lib/gcc/arm-none-eabi/7.3.1/../../../../arm-none-eabi/lib/thumb/v7-m\libnosys.a
END GROUP
LOAD c:/st/stm32cubeide_1.0.2/stm32cubeide/plugins/com.st.stm32cube.ide.mcu.externaltools.gnu-tools-for-stm32.7-2018-q2-update.win32_1.0.0.201904181610/tools/bin/../lib/gcc/arm-none-eabi/7.3.1/thumb/v7-m/crtend.o
LOAD c:/st/stm32cubeide_1.0.2/stm32cubeide/plugins/com.st.stm32cube.ide.mcu.externaltools.gnu-tools-for-stm32.7-2018-q2-update.win32_1.0.0.201904181610/tools/bin/../lib/gcc/arm-none-eabi/7.3.1/thumb/v7-m/crtn.o
                0x0000000020005000                _estack = 0x20005000
                0x0000000000000200                _Min_Heap_Size = 0x200
                0x0000000000000400                _Min_Stack_Size = 0x400

.isr_vector     0x0000000008000000      0x10c
                0x0000000008000000                . = ALIGN (0x4)
 *(.isr_vector)
 .isr_vector    0x0000000008000000      0x10c Startup/startup_stm32f103rbtx.o
                0x0000000008000000                g_pfnVectors
                0x000000000800010c                . = ALIGN (0x4)

.text           0x0000000008000110     0x7e08
                0x0000000008000110                . = ALIGN (0x4)
 *(.text)
 .text          0x0000000008000110       0x40 c:/st/stm32cubeide_1.0.2/stm32cubeide/plugins/com.st.stm32cube.ide.mcu.externaltools.gnu-tools-for-stm32.7-2018-q2-update.win32_1.0.0.201904181610/tools/bin/../lib/gcc/arm-none-eabi/7.3.1/thumb/v7-m/crtbegin.o
 .text          0x0000000008000150       0x14 c:/st/stm32cubeide_1.0.2/stm32cubeide/plugins/com.st.stm32cube.ide.mcu.externaltools.gnu-tools-for-stm32.7-2018-q2-update.win32_1.0.0.201904181610/tools/bin/../lib/gcc/arm-none-eabi/7.3.1/../../../../arm-none-eabi/lib/thumb/v7-m\libc_nano.a(lib_a-strcmp.o)
                0x0000000008000150                strcmp
 .text          0x0000000008000164       0x10 c:/st/stm32cubeide_1.0.2/stm32cubeide/plugins/com.st.stm32cube.ide.mcu.externaltools.gnu-tools-for-stm32.7-2018-q2-update.win32_1.0.0.201904181610/tools/bin/../lib/gcc/arm-none-eabi/7.3.1/../../../../arm-none-eabi/lib/thumb/v7-m\libc_nano.a(lib_a-strlen.o)
                0x0000000008000164                strlen
 .text          0x0000000008000174      0x378 c:/st/stm32cubeide_1.0.2/stm32cubeide/plugins/com.st.stm32cube.ide.mcu.externaltools.gnu-tools-for-stm32.7-2018-q2-update.win32_1.0.0.201904181610/tools/bin/../lib/gcc/arm-none-eabi/7.3.1/thumb/v7-m\libgcc.a(_arm_addsubdf3.o)
                0x0000000008000174                __aeabi_drsub
                0x000000000800017c                __aeabi_dsub
                0x000000000800017c                __subdf3
                0x0000000008000180                __aeabi_dadd
                0x0000000008000180                __adddf3
                0x00000000080003f8                __floatunsidf
                0x00000000080003f8                __aeabi_ui2d
                0x0000000008000418                __floatsidf
                0x0000000008000418                __aeabi_i2d
                0x000000000800043c                __aeabi_f2d
                0x000000000800043c                __extendsfdf2
                0x0000000008000480                __floatundidf
                0x0000000008000480                __aeabi_ul2d
                0x0000000008000490                __floatdidf
                0x0000000008000490                __aeabi_l2d
 .text          0x00000000080004ec      0x424 c:/st/stm32cubeide_1.0.2/stm32cubeide/plugins/com.st.stm32cube.ide.mcu.externaltools.gnu-tools-for-stm32.7-2018-q2-update.win32_1.0.0.201904181610/tools/bin/../lib/gcc/arm-none-eabi/7.3.1/thumb/v7-m\libgcc.a(_arm_muldivdf3.o)
                0x00000000080004ec                __aeabi_dmul
                0x00000000080004ec                __muldf3
                0x0000000008000740                __divdf3
                0x0000000008000740                __aeabi_ddiv
 .text          0x0000000008000910      0x110 c:/st/stm32cubeide_1.0.2/stm32cubeide/plugins/com.st.stm32cube.ide.mcu.externaltools.gnu-tools-for-stm32.7-2018-q2-update.win32_1.0.0.201904181610/tools/bin/../lib/gcc/arm-none-eabi/7.3.1/thumb/v7-m\libgcc.a(_arm_cmpdf2.o)
                0x0000000008000910                __gtdf2
                0x0000000008000910                __gedf2
                0x0000000008000918                __ltdf2
                0x0000000008000918                __ledf2
                0x0000000008000920                __nedf2
                0x0000000008000920                __eqdf2
                0x0000000008000920                __cmpdf2
                0x000000000800099c                __aeabi_cdrcmple
                0x00000000080009ac                __aeabi_cdcmpeq
                0x00000000080009ac                __aeabi_cdcmple
                0x00000000080009bc                __aeabi_dcmpeq
                0x00000000080009d0                __aeabi_dcmplt
                0x00000000080009e4                __aeabi_dcmple
                0x00000000080009f8                __aeabi_dcmpge
                0x0000000008000a0c                __aeabi_dcmpgt
 .text          0x0000000008000a20       0x50 c:/st/stm32cubeide_1.0.2/stm32cubeide/plugins/com.st.stm32cube.ide.mcu.externaltools.gnu-tools-for-stm32.7-2018-q2-update.win32_1.0.0.201904181610/tools/bin/../lib/gcc/arm-none-eabi/7.3.1/thumb/v7-m\libgcc.a(_arm_fixdfsi.o)
                0x0000000008000a20                __aeabi_d2iz
                0x0000000008000a20                __fixdfsi
 .text          0x0000000008000a70       0x40 c:/st/stm32cubeide_1.0.2/stm32cubeide/plugins/com.st.stm32cube.ide.mcu.externaltools.gnu-tools-for-stm32.7-2018-q2-update.win32_1.0.0.201904181610/tools/bin/../lib/gcc/arm-none-eabi/7.3.1/thumb/v7-m\libgcc.a(_arm_fixunsdfsi.o)
                0x0000000008000a70                __aeabi_d2uiz
                0x0000000008000a70                __fixunsdfsi
 *(.text*)
 .text.HAL_Init
                0x0000000008000ab0       0x2c Drivers/STM32F1xx_HAL_Driver/Src/stm32f1xx_hal.o
                0x0000000008000ab0                HAL_Init
 .text.HAL_InitTick
                0x0000000008000adc       0x60 Drivers/STM32F1xx_HAL_Driver/Src/stm32f1xx_hal.o
                0x0000000008000adc                HAL_InitTick
 .text.HAL_IncTick
                0x0000000008000b3c       0x24 Drivers/STM32F1xx_HAL_Driver/Src/stm32f1xx_hal.o
                0x0000000008000b3c                HAL_IncTick
 .text.HAL_GetTick
                0x0000000008000b60       0x14 Drivers/STM32F1xx_HAL_Driver/Src/stm32f1xx_hal.o
                0x0000000008000b60                HAL_GetTick
 .text.HAL_Delay
                0x0000000008000b74       0x44 Drivers/STM32F1xx_HAL_Driver/Src/stm32f1xx_hal.o
                0x0000000008000b74                HAL_Delay
 .text.__NVIC_SetPriorityGrouping
                0x0000000008000bb8       0x48 Drivers/STM32F1xx_HAL_Driver/Src/stm32f1xx_hal_cortex.o
 .text.__NVIC_GetPriorityGrouping
                0x0000000008000c00       0x1c Drivers/STM32F1xx_HAL_Driver/Src/stm32f1xx_hal_cortex.o
 .text.__NVIC_EnableIRQ
                0x0000000008000c1c       0x38 Drivers/STM32F1xx_HAL_Driver/Src/stm32f1xx_hal_cortex.o
 .text.__NVIC_DisableIRQ
                0x0000000008000c54       0x44 Drivers/STM32F1xx_HAL_Driver/Src/stm32f1xx_hal_cortex.o
 .text.__NVIC_SetPriority
                0x0000000008000c98       0x54 Drivers/STM32F1xx_HAL_Driver/Src/stm32f1xx_hal_cortex.o
 .text.NVIC_EncodePriority
                0x0000000008000cec       0x64 Drivers/STM32F1xx_HAL_Driver/Src/stm32f1xx_hal_cortex.o
 .text.SysTick_Config
                0x0000000008000d50       0x44 Drivers/STM32F1xx_HAL_Driver/Src/stm32f1xx_hal_cortex.o
 .text.HAL_NVIC_SetPriorityGrouping
                0x0000000008000d94       0x16 Drivers/STM32F1xx_HAL_Driver/Src/stm32f1xx_hal_cortex.o
                0x0000000008000d94                HAL_NVIC_SetPriorityGrouping
 .text.HAL_NVIC_SetPriority
                0x0000000008000daa       0x38 Drivers/STM32F1xx_HAL_Driver/Src/stm32f1xx_hal_cortex.o
                0x0000000008000daa                HAL_NVIC_SetPriority
 .text.HAL_NVIC_EnableIRQ
                0x0000000008000de2       0x1c Drivers/STM32F1xx_HAL_Driver/Src/stm32f1xx_hal_cortex.o
                0x0000000008000de2                HAL_NVIC_EnableIRQ
 .text.HAL_NVIC_DisableIRQ
                0x0000000008000dfe       0x1c Drivers/STM32F1xx_HAL_Driver/Src/stm32f1xx_hal_cortex.o
                0x0000000008000dfe                HAL_NVIC_DisableIRQ
 .text.HAL_SYSTICK_Config
                0x0000000008000e1a       0x18 Drivers/STM32F1xx_HAL_Driver/Src/stm32f1xx_hal_cortex.o
                0x0000000008000e1a                HAL_SYSTICK_Config
 *fill*         0x0000000008000e32        0x2 
 .text.HAL_DMA_Abort_IT
                0x0000000008000e34       0xec Drivers/STM32F1xx_HAL_Driver/Src/stm32f1xx_hal_dma.o
                0x0000000008000e34                HAL_DMA_Abort_IT
 .text.HAL_DMA_GetState
                0x0000000008000f20       0x18 Drivers/STM32F1xx_HAL_Driver/Src/stm32f1xx_hal_dma.o
                0x0000000008000f20                HAL_DMA_GetState
 .text.HAL_GPIO_Init
                0x0000000008000f38      0x2b4 Drivers/STM32F1xx_HAL_Driver/Src/stm32f1xx_hal_gpio.o
                0x0000000008000f38                HAL_GPIO_Init
 .text.HAL_GPIO_DeInit
                0x00000000080011ec      0x178 Drivers/STM32F1xx_HAL_Driver/Src/stm32f1xx_hal_gpio.o
                0x00000000080011ec                HAL_GPIO_DeInit
 .text.HAL_GPIO_WritePin
                0x0000000008001364       0x30 Drivers/STM32F1xx_HAL_Driver/Src/stm32f1xx_hal_gpio.o
                0x0000000008001364                HAL_GPIO_WritePin
 .text.HAL_GPIO_EXTI_IRQHandler
                0x0000000008001394       0x30 Drivers/STM32F1xx_HAL_Driver/Src/stm32f1xx_hal_gpio.o
                0x0000000008001394                HAL_GPIO_EXTI_IRQHandler
 .text.HAL_I2C_EV_IRQHandler
                0x00000000080013c4      0x2cc Drivers/STM32F1xx_HAL_Driver/Src/stm32f1xx_hal_i2c.o
                0x00000000080013c4                HAL_I2C_EV_IRQHandler
 .text.HAL_I2C_ER_IRQHandler
                0x0000000008001690      0x15a Drivers/STM32F1xx_HAL_Driver/Src/stm32f1xx_hal_i2c.o
                0x0000000008001690                HAL_I2C_ER_IRQHandler
 .text.HAL_I2C_MasterTxCpltCallback
                0x00000000080017ea       0x12 Drivers/STM32F1xx_HAL_Driver/Src/stm32f1xx_hal_i2c.o
                0x00000000080017ea                HAL_I2C_MasterTxCpltCallback
 .text.HAL_I2C_MasterRxCpltCallback
                0x00000000080017fc       0x12 Drivers/STM32F1xx_HAL_Driver/Src/stm32f1xx_hal_i2c.o
                0x00000000080017fc                HAL_I2C_MasterRxCpltCallback
 .text.HAL_I2C_SlaveTxCpltCallback
                0x000000000800180e       0x12 Drivers/STM32F1xx_HAL_Driver/Src/stm32f1xx_hal_i2c.o
                0x000000000800180e                HAL_I2C_SlaveTxCpltCallback
 .text.HAL_I2C_SlaveRxCpltCallback
                0x0000000008001820       0x12 Drivers/STM32F1xx_HAL_Driver/Src/stm32f1xx_hal_i2c.o
                0x0000000008001820                HAL_I2C_SlaveRxCpltCallback
 .text.HAL_I2C_AddrCallback
                0x0000000008001832       0x1a Drivers/STM32F1xx_HAL_Driver/Src/stm32f1xx_hal_i2c.o
                0x0000000008001832                HAL_I2C_AddrCallback
 .text.HAL_I2C_ListenCpltCallback
                0x000000000800184c       0x12 Drivers/STM32F1xx_HAL_Driver/Src/stm32f1xx_hal_i2c.o
                0x000000000800184c                HAL_I2C_ListenCpltCallback
 .text.HAL_I2C_MemTxCpltCallback
                0x000000000800185e       0x12 Drivers/STM32F1xx_HAL_Driver/Src/stm32f1xx_hal_i2c.o
                0x000000000800185e                HAL_I2C_MemTxCpltCallback
 .text.HAL_I2C_MemRxCpltCallback
                0x0000000008001870       0x12 Drivers/STM32F1xx_HAL_Driver/Src/stm32f1xx_hal_i2c.o
                0x0000000008001870                HAL_I2C_MemRxCpltCallback
 .text.HAL_I2C_ErrorCallback
                0x0000000008001882       0x12 Drivers/STM32F1xx_HAL_Driver/Src/stm32f1xx_hal_i2c.o
                0x0000000008001882                HAL_I2C_ErrorCallback
 .text.HAL_I2C_AbortCpltCallback
                0x0000000008001894       0x12 Drivers/STM32F1xx_HAL_Driver/Src/stm32f1xx_hal_i2c.o
                0x0000000008001894                HAL_I2C_AbortCpltCallback
 .text.I2C_MasterTransmit_TXE
                0x00000000080018a6      0x1f0 Drivers/STM32F1xx_HAL_Driver/Src/stm32f1xx_hal_i2c.o
 .text.I2C_MasterTransmit_BTF
                0x0000000008001a96       0xec Drivers/STM32F1xx_HAL_Driver/Src/stm32f1xx_hal_i2c.o
 .text.I2C_MasterReceive_RXNE
                0x0000000008001b82      0x104 Drivers/STM32F1xx_HAL_Driver/Src/stm32f1xx_hal_i2c.o
 .text.I2C_MasterReceive_BTF
                0x0000000008001c86      0x1d4 Drivers/STM32F1xx_HAL_Driver/Src/stm32f1xx_hal_i2c.o
 .text.I2C_Master_SB
                0x0000000008001e5a      0x10a Drivers/STM32F1xx_HAL_Driver/Src/stm32f1xx_hal_i2c.o
 .text.I2C_Master_ADD10
                0x0000000008001f64       0x52 Drivers/STM32F1xx_HAL_Driver/Src/stm32f1xx_hal_i2c.o
 .text.I2C_Master_ADDR
                0x0000000008001fb6      0x336 Drivers/STM32F1xx_HAL_Driver/Src/stm32f1xx_hal_i2c.o
 .text.I2C_SlaveTransmit_TXE
                0x00000000080022ec       0x7a Drivers/STM32F1xx_HAL_Driver/Src/stm32f1xx_hal_i2c.o
 .text.I2C_SlaveTransmit_BTF
                0x0000000008002366       0x40 Drivers/STM32F1xx_HAL_Driver/Src/stm32f1xx_hal_i2c.o
 .text.I2C_SlaveReceive_RXNE
                0x00000000080023a6       0x7c Drivers/STM32F1xx_HAL_Driver/Src/stm32f1xx_hal_i2c.o
 .text.I2C_SlaveReceive_BTF
                0x0000000008002422       0x42 Drivers/STM32F1xx_HAL_Driver/Src/stm32f1xx_hal_i2c.o
 .text.I2C_Slave_ADDR
                0x0000000008002464       0x88 Drivers/STM32F1xx_HAL_Driver/Src/stm32f1xx_hal_i2c.o
 .text.I2C_Slave_STOPF
                0x00000000080024ec      0x260 Drivers/STM32F1xx_HAL_Driver/Src/stm32f1xx_hal_i2c.o
 .text.I2C_Slave_AF
                0x000000000800274c       0xe0 Drivers/STM32F1xx_HAL_Driver/Src/stm32f1xx_hal_i2c.o
 .text.I2C_ITError
                0x000000000800282c      0x22c Drivers/STM32F1xx_HAL_Driver/Src/stm32f1xx_hal_i2c.o
 .text.I2C_DMAAbort
                0x0000000008002a58       0xde Drivers/STM32F1xx_HAL_Driver/Src/stm32f1xx_hal_i2c.o
 .text.I2C_ConvertOtherXferOptions
                0x0000000008002b36       0x34 Drivers/STM32F1xx_HAL_Driver/Src/stm32f1xx_hal_i2c.o
 *fill*         0x0000000008002b6a        0x2 
 .text.HAL_RCC_OscConfig
                0x0000000008002b6c      0x500 Drivers/STM32F1xx_HAL_Driver/Src/stm32f1xx_hal_rcc.o
                0x0000000008002b6c                HAL_RCC_OscConfig
 .text.HAL_RCC_ClockConfig
                0x000000000800306c      0x1d4 Drivers/STM32F1xx_HAL_Driver/Src/stm32f1xx_hal_rcc.o
                0x000000000800306c                HAL_RCC_ClockConfig
 .text.HAL_RCC_GetSysClockFreq
                0x0000000008003240       0xc4 Drivers/STM32F1xx_HAL_Driver/Src/stm32f1xx_hal_rcc.o
                0x0000000008003240                HAL_RCC_GetSysClockFreq
 .text.HAL_RCC_GetHCLKFreq
                0x0000000008003304       0x14 Drivers/STM32F1xx_HAL_Driver/Src/stm32f1xx_hal_rcc.o
                0x0000000008003304                HAL_RCC_GetHCLKFreq
 .text.HAL_RCC_GetPCLK1Freq
                0x0000000008003318       0x28 Drivers/STM32F1xx_HAL_Driver/Src/stm32f1xx_hal_rcc.o
                0x0000000008003318                HAL_RCC_GetPCLK1Freq
 .text.HAL_RCC_GetPCLK2Freq
                0x0000000008003340       0x28 Drivers/STM32F1xx_HAL_Driver/Src/stm32f1xx_hal_rcc.o
                0x0000000008003340                HAL_RCC_GetPCLK2Freq
 .text.RCC_Delay
                0x0000000008003368       0x3c Drivers/STM32F1xx_HAL_Driver/Src/stm32f1xx_hal_rcc.o
 .text.HAL_UART_Init
                0x00000000080033a4       0x9a Drivers/STM32F1xx_HAL_Driver/Src/stm32f1xx_hal_uart.o
                0x00000000080033a4                HAL_UART_Init
 .text.HAL_UART_DeInit
                0x000000000800343e       0x58 Drivers/STM32F1xx_HAL_Driver/Src/stm32f1xx_hal_uart.o
                0x000000000800343e                HAL_UART_DeInit
 .text.HAL_UART_Transmit
                0x0000000008003496      0x132 Drivers/STM32F1xx_HAL_Driver/Src/stm32f1xx_hal_uart.o
                0x0000000008003496                HAL_UART_Transmit
 .text.HAL_UART_Receive_IT
                0x00000000080035c8       0xa8 Drivers/STM32F1xx_HAL_Driver/Src/stm32f1xx_hal_uart.o
                0x00000000080035c8                HAL_UART_Receive_IT
 .text.HAL_UART_IRQHandler
                0x0000000008003670      0x1f8 Drivers/STM32F1xx_HAL_Driver/Src/stm32f1xx_hal_uart.o
                0x0000000008003670                HAL_UART_IRQHandler
 .text.HAL_UART_TxCpltCallback
                0x0000000008003868       0x12 Drivers/STM32F1xx_HAL_Driver/Src/stm32f1xx_hal_uart.o
                0x0000000008003868                HAL_UART_TxCpltCallback
 .text.HAL_UART_RxCpltCallback
                0x000000000800387a       0x12 Drivers/STM32F1xx_HAL_Driver/Src/stm32f1xx_hal_uart.o
                0x000000000800387a                HAL_UART_RxCpltCallback
 .text.HAL_UART_ErrorCallback
                0x000000000800388c       0x12 Drivers/STM32F1xx_HAL_Driver/Src/stm32f1xx_hal_uart.o
                0x000000000800388c                HAL_UART_ErrorCallback
 .text.UART_WaitOnFlagUntilTimeout
                0x000000000800389e       0x94 Drivers/STM32F1xx_HAL_Driver/Src/stm32f1xx_hal_uart.o
 .text.UART_EndRxTransfer
                0x0000000008003932       0x3a Drivers/STM32F1xx_HAL_Driver/Src/stm32f1xx_hal_uart.o
 .text.UART_DMAAbortOnError
                0x000000000800396c       0x28 Drivers/STM32F1xx_HAL_Driver/Src/stm32f1xx_hal_uart.o
 .text.UART_Transmit_IT
                0x0000000008003994       0xaa Drivers/STM32F1xx_HAL_Driver/Src/stm32f1xx_hal_uart.o
 .text.UART_EndTransmit_IT
                0x0000000008003a3e       0x30 Drivers/STM32F1xx_HAL_Driver/Src/stm32f1xx_hal_uart.o
 .text.UART_Receive_IT
                0x0000000008003a6e      0x102 Drivers/STM32F1xx_HAL_Driver/Src/stm32f1xx_hal_uart.o
 .text.UART_SetConfig
                0x0000000008003b70      0x1b4 Drivers/STM32F1xx_HAL_Driver/Src/stm32f1xx_hal_uart.o
 .text.setup    0x0000000008003d24       0x44 Src/example.o
                0x0000000008003d24                setup
 .text.loop     0x0000000008003d68      0x128 Src/example.o
                0x0000000008003d68                loop
 .text.main     0x0000000008003e90       0x54 Src/main.o
                0x0000000008003e90                main
 .text.SystemClock_Config
                0x0000000008003ee4       0x82 Src/main.o
                0x0000000008003ee4                SystemClock_Config
 *fill*         0x0000000008003f66        0x2 
 .text.MX_USART1_UART_Init
                0x0000000008003f68       0x90 Src/main.o
                0x0000000008003f68                MX_USART1_UART_Init
 .text.MY_UART_IRQHandler
                0x0000000008003ff8       0x98 Src/main.o
                0x0000000008003ff8                MY_UART_IRQHandler
 .text.MX_USART1_UART_DeInit
                0x0000000008004090       0x2c Src/main.o
                0x0000000008004090                MX_USART1_UART_DeInit
 .text.MX_GPIO_Init
                0x00000000080040bc       0xf4 Src/main.o
                0x00000000080040bc                MX_GPIO_Init
 .text.HAL_GPIO_EXTI_Callback
                0x00000000080041b0       0x14 Src/main.o
                0x00000000080041b0                HAL_GPIO_EXTI_Callback
 .text.Error_Handler
                0x00000000080041c4        0xc Src/main.o
                0x00000000080041c4                Error_Handler
 .text.delay    0x00000000080041d0       0x16 Src/main.o
                0x00000000080041d0                delay
 .text.millis   0x00000000080041e6        0xe Src/main.o
                0x00000000080041e6                millis
 .text.noteSerialReset
                0x00000000080041f4       0x10 Src/main.o
                0x00000000080041f4                noteSerialReset
 .text.noteSerialTransmit
                0x0000000008004204       0x2c Src/main.o
                0x0000000008004204                noteSerialTransmit
 .text.noteSerialAvailable
                0x0000000008004230       0x28 Src/main.o
                0x0000000008004230                noteSerialAvailable
 .text.noteSerialReceive
                0x0000000008004258       0x54 Src/main.o
                0x0000000008004258                noteSerialReceive
 .text.HAL_MspInit
                0x00000000080042ac       0x64 Src/stm32f1xx_hal_msp.o
                0x00000000080042ac                HAL_MspInit
 .text.HAL_UART_MspInit
                0x0000000008004310       0xa8 Src/stm32f1xx_hal_msp.o
                0x0000000008004310                HAL_UART_MspInit
 .text.HAL_UART_MspDeInit
                0x00000000080043b8       0x44 Src/stm32f1xx_hal_msp.o
                0x00000000080043b8                HAL_UART_MspDeInit
 .text.NMI_Handler
                0x00000000080043fc        0xc Src/stm32f1xx_it.o
                0x00000000080043fc                NMI_Handler
 .text.HardFault_Handler
                0x0000000008004408        0x6 Src/stm32f1xx_it.o
                0x0000000008004408                HardFault_Handler
 .text.MemManage_Handler
                0x000000000800440e        0x6 Src/stm32f1xx_it.o
                0x000000000800440e                MemManage_Handler
 .text.BusFault_Handler
                0x0000000008004414        0x6 Src/stm32f1xx_it.o
                0x0000000008004414                BusFault_Handler
 .text.UsageFault_Handler
                0x000000000800441a        0x6 Src/stm32f1xx_it.o
                0x000000000800441a                UsageFault_Handler
 .text.SVC_Handler
                0x0000000008004420        0xc Src/stm32f1xx_it.o
                0x0000000008004420                SVC_Handler
 .text.DebugMon_Handler
                0x000000000800442c        0xc Src/stm32f1xx_it.o
                0x000000000800442c                DebugMon_Handler
 .text.PendSV_Handler
                0x0000000008004438        0xc Src/stm32f1xx_it.o
                0x0000000008004438                PendSV_Handler
 .text.SysTick_Handler
                0x0000000008004444        0xc Src/stm32f1xx_it.o
                0x0000000008004444                SysTick_Handler
 .text.I2C1_EV_IRQHandler
                0x0000000008004450       0x14 Src/stm32f1xx_it.o
                0x0000000008004450                I2C1_EV_IRQHandler
 .text.I2C1_ER_IRQHandler
                0x0000000008004464       0x14 Src/stm32f1xx_it.o
                0x0000000008004464                I2C1_ER_IRQHandler
 .text.USART1_IRQHandler
                0x0000000008004478       0x18 Src/stm32f1xx_it.o
                0x0000000008004478                USART1_IRQHandler
 .text.EXTI0_IRQHandler
                0x0000000008004490        0xe Src/stm32f1xx_it.o
                0x0000000008004490                EXTI0_IRQHandler
 .text.EXTI1_IRQHandler
                0x000000000800449e        0xe Src/stm32f1xx_it.o
                0x000000000800449e                EXTI1_IRQHandler
 .text.EXTI2_IRQHandler
                0x00000000080044ac        0xe Src/stm32f1xx_it.o
                0x00000000080044ac                EXTI2_IRQHandler
 .text.EXTI3_IRQHandler
                0x00000000080044ba        0xe Src/stm32f1xx_it.o
                0x00000000080044ba                EXTI3_IRQHandler
 .text.EXTI4_IRQHandler
                0x00000000080044c8        0xe Src/stm32f1xx_it.o
                0x00000000080044c8                EXTI4_IRQHandler
 *fill*         0x00000000080044d6        0x2 
 .text.MY_GPIO_EXTI_IRQHandler
                0x00000000080044d8       0x3c Src/stm32f1xx_it.o
                0x00000000080044d8                MY_GPIO_EXTI_IRQHandler
 .text.EXTI9_5_IRQHandler
                0x0000000008004514       0x10 Src/stm32f1xx_it.o
                0x0000000008004514                EXTI9_5_IRQHandler
 .text.EXTI15_10_IRQHandler
                0x0000000008004524       0x10 Src/stm32f1xx_it.o
                0x0000000008004524                EXTI15_10_IRQHandler
 .text._sbrk    0x0000000008004534       0x58 Src/sysmem.o
                0x0000000008004534                _sbrk
 .text.SystemInit
                0x000000000800458c       0x68 Src/system_stm32f1xx.o
                0x000000000800458c                SystemInit
 .text.Reset_Handler
                0x00000000080045f4       0x48 Startup/startup_stm32f103rbtx.o
                0x00000000080045f4                Reset_Handler
 .text.Default_Handler
                0x000000000800463c        0x2 Startup/startup_stm32f103rbtx.o
                0x000000000800463c                RTC_Alarm_IRQHandler
                0x000000000800463c                TIM1_CC_IRQHandler
                0x000000000800463c                PVD_IRQHandler
                0x000000000800463c                I2C2_EV_IRQHandler
                0x000000000800463c                ADC1_2_IRQHandler
                0x000000000800463c                SPI1_IRQHandler
                0x000000000800463c                TAMPER_IRQHandler
                0x000000000800463c                DMA1_Channel4_IRQHandler
                0x000000000800463c                USART3_IRQHandler
                0x000000000800463c                RTC_IRQHandler
                0x000000000800463c                DMA1_Channel7_IRQHandler
                0x000000000800463c                CAN1_RX1_IRQHandler
                0x000000000800463c                TIM4_IRQHandler
                0x000000000800463c                DMA1_Channel6_IRQHandler
                0x000000000800463c                TIM3_IRQHandler
                0x000000000800463c                RCC_IRQHandler
                0x000000000800463c                TIM1_TRG_COM_IRQHandler
                0x000000000800463c                DMA1_Channel1_IRQHandler
                0x000000000800463c                Default_Handler
                0x000000000800463c                SPI2_IRQHandler
                0x000000000800463c                DMA1_Channel5_IRQHandler
                0x000000000800463c                USB_LP_CAN1_RX0_IRQHandler
                0x000000000800463c                USB_HP_CAN1_TX_IRQHandler
                0x000000000800463c                DMA1_Channel3_IRQHandler
                0x000000000800463c                TIM1_UP_IRQHandler
                0x000000000800463c                WWDG_IRQHandler
                0x000000000800463c                TIM2_IRQHandler
                0x000000000800463c                TIM1_BRK_IRQHandler
                0x000000000800463c                USART2_IRQHandler
                0x000000000800463c                I2C2_ER_IRQHandler
                0x000000000800463c                DMA1_Channel2_IRQHandler
                0x000000000800463c                CAN1_SCE_IRQHandler
                0x000000000800463c                FLASH_IRQHandler
                0x000000000800463c                USBWakeUp_IRQHandler
 *fill*         0x000000000800463e        0x2 
 .text.JAtoN    0x0000000008004640      0x29c note-c/n_atof.o
                0x0000000008004640                JAtoN
 .text.case_insensitive_strcmp
                0x00000000080048dc       0xe0 note-c/n_cjson.o
 .text.Jstrdup  0x00000000080049bc       0x50 note-c/n_cjson.o
 .text.JFree    0x0000000008004a0c       0x1c note-c/n_cjson.o
                0x0000000008004a0c                JFree
 .text.JNew_Item
                0x0000000008004a28       0x2c note-c/n_cjson.o
 .text.JDelete  0x0000000008004a54       0x90 note-c/n_cjson.o
                0x0000000008004a54                JDelete
 .text.get_decimal_point
                0x0000000008004ae4        0xe note-c/n_cjson.o
 *fill*         0x0000000008004af2        0x6 
 .text.parse_number
                0x0000000008004af8      0x25c note-c/n_cjson.o
 .text.ensure   0x0000000008004d54      0x13a note-c/n_cjson.o
 .text.update_offset
                0x0000000008004e8e       0x42 note-c/n_cjson.o
 .text.print_number
                0x0000000008004ed0      0x130 note-c/n_cjson.o
 .text.parse_hex4
                0x0000000008005000       0xc2 note-c/n_cjson.o
 *fill*         0x00000000080050c2        0x2 
 .text.utf16_literal_to_utf8
                0x00000000080050c4      0x1cc note-c/n_cjson.o
 .text.parse_string
                0x0000000008005290      0x360 note-c/n_cjson.o
 .text.htoa16   0x00000000080055f0       0x62 note-c/n_cjson.o
                0x00000000080055f0                htoa16
 *fill*         0x0000000008005652        0x2 
 .text.print_string_ptr
                0x0000000008005654      0x1f0 note-c/n_cjson.o
 .text.print_string
                0x0000000008005844       0x20 note-c/n_cjson.o
 .text.buffer_skip_whitespace
                0x0000000008005864       0x68 note-c/n_cjson.o
 .text.skip_utf8_bom
                0x00000000080058cc       0x68 note-c/n_cjson.o
 .text.JParseWithOpts
                0x0000000008005934      0x134 note-c/n_cjson.o
                0x0000000008005934                JParseWithOpts
 .text.JParse   0x0000000008005a68       0x1c note-c/n_cjson.o
                0x0000000008005a68                JParse
 .text.print    0x0000000008005a84      0x108 note-c/n_cjson.o
 .text.JPrintUnformatted
                0x0000000008005b8c       0x20 note-c/n_cjson.o
                0x0000000008005b8c                JPrintUnformatted
 .text.parse_value
                0x0000000008005bac      0x1d8 note-c/n_cjson.o
 .text.print_value
                0x0000000008005d84      0x14c note-c/n_cjson.o
 .text.parse_array
                0x0000000008005ed0      0x17c note-c/n_cjson.o
 .text.print_array
                0x000000000800604c      0x10c note-c/n_cjson.o
 .text.parse_object
                0x0000000008006158      0x1ea note-c/n_cjson.o
 .text.print_object
                0x0000000008006342      0x23e note-c/n_cjson.o
 .text.get_object_item
                0x0000000008006580       0x76 note-c/n_cjson.o
 .text.JGetObjectItem
                0x00000000080065f6       0x1e note-c/n_cjson.o
                0x00000000080065f6                JGetObjectItem
 .text.suffix_object
                0x0000000008006614       0x20 note-c/n_cjson.o
 .text.add_item_to_array
                0x0000000008006634       0x52 note-c/n_cjson.o
 .text.cast_away_const
                0x0000000008006686       0x14 note-c/n_cjson.o
 .text.add_item_to_object
                0x000000000800669a       0xa2 note-c/n_cjson.o
 .text.JAddItemToObject
                0x000000000800673c       0x28 note-c/n_cjson.o
                0x000000000800673c                JAddItemToObject
 .text.JAddBoolToObject
                0x0000000008006764       0x44 note-c/n_cjson.o
                0x0000000008006764                JAddBoolToObject
 .text.JAddNumberToObject
                0x00000000080067a8       0x48 note-c/n_cjson.o
                0x00000000080067a8                JAddNumberToObject
 .text.JAddStringToObject
                0x00000000080067f0       0x44 note-c/n_cjson.o
                0x00000000080067f0                JAddStringToObject
 .text.JCreateBool
                0x0000000008006834       0x34 note-c/n_cjson.o
                0x0000000008006834                JCreateBool
 .text.JCreateNumber
                0x0000000008006868       0x90 note-c/n_cjson.o
                0x0000000008006868                JCreateNumber
 .text.JCreateString
                0x00000000080068f8       0x4c note-c/n_cjson.o
                0x00000000080068f8                JCreateString
 .text.JCreateObject
                0x0000000008006944       0x28 note-c/n_cjson.o
                0x0000000008006944                JCreateObject
 .text.JIsNumber
                0x000000000800696c       0x2c note-c/n_cjson.o
                0x000000000800696c                JIsNumber
 .text.JIsString
                0x0000000008006998       0x2c note-c/n_cjson.o
                0x0000000008006998                JIsString
 .text.JGetNumber
                0x00000000080069c4       0x5e note-c/n_cjson_helpers.o
                0x00000000080069c4                JGetNumber
 .text.JIsNullString
                0x0000000008006a22       0x5c note-c/n_cjson_helpers.o
                0x0000000008006a22                JIsNullString
 *fill*         0x0000000008006a7e        0x2 
 .text.JNtoA    0x0000000008006a80      0x330 note-c/n_ftoa.o
                0x0000000008006a80                JNtoA
 .text.NoteSetFn
                0x0000000008006db0       0x40 note-c/n_hooks.o
                0x0000000008006db0                NoteSetFn
 .text.NoteSetFnSerial
                0x0000000008006df0       0x68 note-c/n_hooks.o
                0x0000000008006df0                NoteSetFnSerial
 .text.NoteFnDebug
                0x0000000008006e58       0x48 note-c/n_hooks.o
                0x0000000008006e58                NoteFnDebug
 .text.NoteFnGetMs
                0x0000000008006ea0       0x20 note-c/n_hooks.o
                0x0000000008006ea0                NoteFnGetMs
 .text.NoteFnDelayMs
                0x0000000008006ec0       0x24 note-c/n_hooks.o
                0x0000000008006ec0                NoteFnDelayMs
 .text.NoteFnMalloc
                0x0000000008006ee4       0x2c note-c/n_hooks.o
                0x0000000008006ee4                NoteFnMalloc
 .text.NoteFnFree
                0x0000000008006f10       0x24 note-c/n_hooks.o
                0x0000000008006f10                NoteFnFree
 .text.NoteFnLockNote
                0x0000000008006f34       0x1c note-c/n_hooks.o
                0x0000000008006f34                NoteFnLockNote
 .text.NoteFnUnlockNote
                0x0000000008006f50       0x1c note-c/n_hooks.o
                0x0000000008006f50                NoteFnUnlockNote
 .text.NoteFnSerialReset
                0x0000000008006f6c       0x28 note-c/n_hooks.o
                0x0000000008006f6c                NoteFnSerialReset
 .text.NoteFnSerialTransmit
                0x0000000008006f94       0x3c note-c/n_hooks.o
                0x0000000008006f94                NoteFnSerialTransmit
 .text.NoteFnSerialAvailable
                0x0000000008006fd0       0x2c note-c/n_hooks.o
                0x0000000008006fd0                NoteFnSerialAvailable
 .text.NoteFnSerialReceive
                0x0000000008006ffc       0x2c note-c/n_hooks.o
                0x0000000008006ffc                NoteFnSerialReceive
 .text.NoteFnNoteReset
                0x0000000008007028       0x20 note-c/n_hooks.o
                0x0000000008007028                NoteFnNoteReset
 .text.NoteFnTransaction
                0x0000000008007048       0x34 note-c/n_hooks.o
                0x0000000008007048                NoteFnTransaction
 .text.errDoc   0x000000000800707c       0x38 note-c/n_request.o
 .text.NoteNewRequest
                0x00000000080070b4       0x2c note-c/n_request.o
                0x00000000080070b4                NoteNewRequest
 .text.NoteRequest
                0x00000000080070e0       0x50 note-c/n_request.o
                0x00000000080070e0                NoteRequest
 .text.NoteRequestResponse
                0x0000000008007130       0x3a note-c/n_request.o
                0x0000000008007130                NoteRequestResponse
 *fill*         0x000000000800716a        0x2 
 .text.NoteTransaction
                0x000000000800716c       0xec note-c/n_request.o
                0x000000000800716c                NoteTransaction
 .text.NoteResetRequired
                0x0000000008007258       0x18 note-c/n_request.o
                0x0000000008007258                NoteResetRequired
 .text.NoteReset
                0x0000000008007270       0x50 note-c/n_request.o
                0x0000000008007270                NoteReset
 .text.serialNoteTransaction
                0x00000000080072c0      0x200 note-c/n_serial.o
                0x00000000080072c0                serialNoteTransaction
 .text.serialNoteReset
                0x00000000080074c0       0xc8 note-c/n_serial.o
                0x00000000080074c0                serialNoteReset
 .text.__errno  0x0000000008007588        0xc c:/st/stm32cubeide_1.0.2/stm32cubeide/plugins/com.st.stm32cube.ide.mcu.externaltools.gnu-tools-for-stm32.7-2018-q2-update.win32_1.0.0.201904181610/tools/bin/../lib/gcc/arm-none-eabi/7.3.1/../../../../arm-none-eabi/lib/thumb/v7-m\libc_nano.a(lib_a-errno.o)
                0x0000000008007588                __errno
 .text.__libc_init_array
                0x0000000008007594       0x48 c:/st/stm32cubeide_1.0.2/stm32cubeide/plugins/com.st.stm32cube.ide.mcu.externaltools.gnu-tools-for-stm32.7-2018-q2-update.win32_1.0.0.201904181610/tools/bin/../lib/gcc/arm-none-eabi/7.3.1/../../../../arm-none-eabi/lib/thumb/v7-m\libc_nano.a(lib_a-init.o)
                0x0000000008007594                __libc_init_array
 .text.__locale_ctype_ptr
                0x00000000080075dc       0x1c c:/st/stm32cubeide_1.0.2/stm32cubeide/plugins/com.st.stm32cube.ide.mcu.externaltools.gnu-tools-for-stm32.7-2018-q2-update.win32_1.0.0.201904181610/tools/bin/../lib/gcc/arm-none-eabi/7.3.1/../../../../arm-none-eabi/lib/thumb/v7-m\libc_nano.a(lib_a-locale.o)
                0x00000000080075dc                __locale_ctype_ptr
 .text.malloc   0x00000000080075f8       0x10 c:/st/stm32cubeide_1.0.2/stm32cubeide/plugins/com.st.stm32cube.ide.mcu.externaltools.gnu-tools-for-stm32.7-2018-q2-update.win32_1.0.0.201904181610/tools/bin/../lib/gcc/arm-none-eabi/7.3.1/../../../../arm-none-eabi/lib/thumb/v7-m\libc_nano.a(lib_a-malloc.o)
                0x00000000080075f8                malloc
 .text.free     0x0000000008007608       0x10 c:/st/stm32cubeide_1.0.2/stm32cubeide/plugins/com.st.stm32cube.ide.mcu.externaltools.gnu-tools-for-stm32.7-2018-q2-update.win32_1.0.0.201904181610/tools/bin/../lib/gcc/arm-none-eabi/7.3.1/../../../../arm-none-eabi/lib/thumb/v7-m\libc_nano.a(lib_a-malloc.o)
                0x0000000008007608                free
 .text.__ascii_mbtowc
                0x0000000008007618       0x24 c:/st/stm32cubeide_1.0.2/stm32cubeide/plugins/com.st.stm32cube.ide.mcu.externaltools.gnu-tools-for-stm32.7-2018-q2-update.win32_1.0.0.201904181610/tools/bin/../lib/gcc/arm-none-eabi/7.3.1/../../../../arm-none-eabi/lib/thumb/v7-m\libc_nano.a(lib_a-mbtowc_r.o)
                0x0000000008007618                __ascii_mbtowc
 .text.memcpy   0x000000000800763c       0x16 c:/st/stm32cubeide_1.0.2/stm32cubeide/plugins/com.st.stm32cube.ide.mcu.externaltools.gnu-tools-for-stm32.7-2018-q2-update.win32_1.0.0.201904181610/tools/bin/../lib/gcc/arm-none-eabi/7.3.1/../../../../arm-none-eabi/lib/thumb/v7-m\libc_nano.a(lib_a-memcpy-stub.o)
                0x000000000800763c                memcpy
 .text.memmove  0x0000000008007652       0x32 c:/st/stm32cubeide_1.0.2/stm32cubeide/plugins/com.st.stm32cube.ide.mcu.externaltools.gnu-tools-for-stm32.7-2018-q2-update.win32_1.0.0.201904181610/tools/bin/../lib/gcc/arm-none-eabi/7.3.1/../../../../arm-none-eabi/lib/thumb/v7-m\libc_nano.a(lib_a-memmove.o)
                0x0000000008007652                memmove
 .text.memset   0x0000000008007684       0x10 c:/st/stm32cubeide_1.0.2/stm32cubeide/plugins/com.st.stm32cube.ide.mcu.externaltools.gnu-tools-for-stm32.7-2018-q2-update.win32_1.0.0.201904181610/tools/bin/../lib/gcc/arm-none-eabi/7.3.1/../../../../arm-none-eabi/lib/thumb/v7-m\libc_nano.a(lib_a-memset.o)
                0x0000000008007684                memset
 .text._free_r  0x0000000008007694       0x98 c:/st/stm32cubeide_1.0.2/stm32cubeide/plugins/com.st.stm32cube.ide.mcu.externaltools.gnu-tools-for-stm32.7-2018-q2-update.win32_1.0.0.201904181610/tools/bin/../lib/gcc/arm-none-eabi/7.3.1/../../../../arm-none-eabi/lib/thumb/v7-m\libc_nano.a(lib_a-nano-freer.o)
                0x0000000008007694                _free_r
 .text._malloc_r
                0x000000000800772c       0xb4 c:/st/stm32cubeide_1.0.2/stm32cubeide/plugins/com.st.stm32cube.ide.mcu.externaltools.gnu-tools-for-stm32.7-2018-q2-update.win32_1.0.0.201904181610/tools/bin/../lib/gcc/arm-none-eabi/7.3.1/../../../../arm-none-eabi/lib/thumb/v7-m\libc_nano.a(lib_a-nano-mallocr.o)
                0x000000000800772c                _malloc_r
 .text._sbrk_r  0x00000000080077e0       0x20 c:/st/stm32cubeide_1.0.2/stm32cubeide/plugins/com.st.stm32cube.ide.mcu.externaltools.gnu-tools-for-stm32.7-2018-q2-update.win32_1.0.0.201904181610/tools/bin/../lib/gcc/arm-none-eabi/7.3.1/../../../../arm-none-eabi/lib/thumb/v7-m\libc_nano.a(lib_a-sbrkr.o)
                0x00000000080077e0                _sbrk_r
 .text.strchr   0x0000000008007800       0x1a c:/st/stm32cubeide_1.0.2/stm32cubeide/plugins/com.st.stm32cube.ide.mcu.externaltools.gnu-tools-for-stm32.7-2018-q2-update.win32_1.0.0.201904181610/tools/bin/../lib/gcc/arm-none-eabi/7.3.1/../../../../arm-none-eabi/lib/thumb/v7-m\libc_nano.a(lib_a-strchr.o)
                0x0000000008007800                strchr
 .text.strncmp  0x000000000800781a       0x24 c:/st/stm32cubeide_1.0.2/stm32cubeide/plugins/com.st.stm32cube.ide.mcu.externaltools.gnu-tools-for-stm32.7-2018-q2-update.win32_1.0.0.201904181610/tools/bin/../lib/gcc/arm-none-eabi/7.3.1/../../../../arm-none-eabi/lib/thumb/v7-m\libc_nano.a(lib_a-strncmp.o)
                0x000000000800781a                strncmp
 .text._vsnprintf_r
                0x000000000800783e       0x58 c:/st/stm32cubeide_1.0.2/stm32cubeide/plugins/com.st.stm32cube.ide.mcu.externaltools.gnu-tools-for-stm32.7-2018-q2-update.win32_1.0.0.201904181610/tools/bin/../lib/gcc/arm-none-eabi/7.3.1/../../../../arm-none-eabi/lib/thumb/v7-m\libc_nano.a(lib_a-vsnprintf.o)
                0x000000000800783e                _vsniprintf_r
                0x000000000800783e                _vsnprintf_r
 *fill*         0x0000000008007896        0x2 
 .text.vsnprintf
                0x0000000008007898       0x1c c:/st/stm32cubeide_1.0.2/stm32cubeide/plugins/com.st.stm32cube.ide.mcu.externaltools.gnu-tools-for-stm32.7-2018-q2-update.win32_1.0.0.201904181610/tools/bin/../lib/gcc/arm-none-eabi/7.3.1/../../../../arm-none-eabi/lib/thumb/v7-m\libc_nano.a(lib_a-vsnprintf.o)
                0x0000000008007898                vsniprintf
                0x0000000008007898                vsnprintf
 .text.__ascii_wctomb
                0x00000000080078b4       0x1a c:/st/stm32cubeide_1.0.2/stm32cubeide/plugins/com.st.stm32cube.ide.mcu.externaltools.gnu-tools-for-stm32.7-2018-q2-update.win32_1.0.0.201904181610/tools/bin/../lib/gcc/arm-none-eabi/7.3.1/../../../../arm-none-eabi/lib/thumb/v7-m\libc_nano.a(lib_a-wctomb_r.o)
                0x00000000080078b4                __ascii_wctomb
 .text.__malloc_lock
                0x00000000080078ce        0x2 c:/st/stm32cubeide_1.0.2/stm32cubeide/plugins/com.st.stm32cube.ide.mcu.externaltools.gnu-tools-for-stm32.7-2018-q2-update.win32_1.0.0.201904181610/tools/bin/../lib/gcc/arm-none-eabi/7.3.1/../../../../arm-none-eabi/lib/thumb/v7-m\libc_nano.a(lib_a-mlock.o)
                0x00000000080078ce                __malloc_lock
 .text.__malloc_unlock
                0x00000000080078d0        0x2 c:/st/stm32cubeide_1.0.2/stm32cubeide/plugins/com.st.stm32cube.ide.mcu.externaltools.gnu-tools-for-stm32.7-2018-q2-update.win32_1.0.0.201904181610/tools/bin/../lib/gcc/arm-none-eabi/7.3.1/../../../../arm-none-eabi/lib/thumb/v7-m\libc_nano.a(lib_a-mlock.o)
                0x00000000080078d0                __malloc_unlock
 .text.__ssputs_r
                0x00000000080078d2       0xb4 c:/st/stm32cubeide_1.0.2/stm32cubeide/plugins/com.st.stm32cube.ide.mcu.externaltools.gnu-tools-for-stm32.7-2018-q2-update.win32_1.0.0.201904181610/tools/bin/../lib/gcc/arm-none-eabi/7.3.1/../../../../arm-none-eabi/lib/thumb/v7-m\libc_nano.a(lib_a-nano-svfprintf.o)
                0x00000000080078d2                __ssputs_r
 *fill*         0x0000000008007986        0x2 
 .text._svfprintf_r
                0x0000000008007988      0x1f0 c:/st/stm32cubeide_1.0.2/stm32cubeide/plugins/com.st.stm32cube.ide.mcu.externaltools.gnu-tools-for-stm32.7-2018-q2-update.win32_1.0.0.201904181610/tools/bin/../lib/gcc/arm-none-eabi/7.3.1/../../../../arm-none-eabi/lib/thumb/v7-m\libc_nano.a(lib_a-nano-svfprintf.o)
                0x0000000008007988                _svfiprintf_r
                0x0000000008007988                _svfprintf_r
 .text._printf_common
                0x0000000008007b78       0xec c:/st/stm32cubeide_1.0.2/stm32cubeide/plugins/com.st.stm32cube.ide.mcu.externaltools.gnu-tools-for-stm32.7-2018-q2-update.win32_1.0.0.201904181610/tools/bin/../lib/gcc/arm-none-eabi/7.3.1/../../../../arm-none-eabi/lib/thumb/v7-m\libc_nano.a(lib_a-nano-vfprintf_i.o)
                0x0000000008007b78                _printf_common
 .text._printf_i
                0x0000000008007c64      0x224 c:/st/stm32cubeide_1.0.2/stm32cubeide/plugins/com.st.stm32cube.ide.mcu.externaltools.gnu-tools-for-stm32.7-2018-q2-update.win32_1.0.0.201904181610/tools/bin/../lib/gcc/arm-none-eabi/7.3.1/../../../../arm-none-eabi/lib/thumb/v7-m\libc_nano.a(lib_a-nano-vfprintf_i.o)
                0x0000000008007c64                _printf_i
 .text.memchr   0x0000000008007e88       0x1c c:/st/stm32cubeide_1.0.2/stm32cubeide/plugins/com.st.stm32cube.ide.mcu.externaltools.gnu-tools-for-stm32.7-2018-q2-update.win32_1.0.0.201904181610/tools/bin/../lib/gcc/arm-none-eabi/7.3.1/../../../../arm-none-eabi/lib/thumb/v7-m\libc_nano.a(lib_a-memchr-stub.o)
                0x0000000008007e88                memchr
 .text._realloc_r
                0x0000000008007ea4       0x4c c:/st/stm32cubeide_1.0.2/stm32cubeide/plugins/com.st.stm32cube.ide.mcu.externaltools.gnu-tools-for-stm32.7-2018-q2-update.win32_1.0.0.201904181610/tools/bin/../lib/gcc/arm-none-eabi/7.3.1/../../../../arm-none-eabi/lib/thumb/v7-m\libc_nano.a(lib_a-nano-reallocr.o)
                0x0000000008007ea4                _realloc_r
 .text._malloc_usable_size_r
                0x0000000008007ef0       0x10 c:/st/stm32cubeide_1.0.2/stm32cubeide/plugins/com.st.stm32cube.ide.mcu.externaltools.gnu-tools-for-stm32.7-2018-q2-update.win32_1.0.0.201904181610/tools/bin/../lib/gcc/arm-none-eabi/7.3.1/../../../../arm-none-eabi/lib/thumb/v7-m\libc_nano.a(lib_a-nano-msizer.o)
                0x0000000008007ef0                _malloc_usable_size_r
 *(.glue_7)
 .glue_7        0x0000000008007f00        0x0 linker stubs
 *(.glue_7t)
 .glue_7t       0x0000000008007f00        0x0 linker stubs
 *(.eh_frame)
 .eh_frame      0x0000000008007f00        0x0 c:/st/stm32cubeide_1.0.2/stm32cubeide/plugins/com.st.stm32cube.ide.mcu.externaltools.gnu-tools-for-stm32.7-2018-q2-update.win32_1.0.0.201904181610/tools/bin/../lib/gcc/arm-none-eabi/7.3.1/thumb/v7-m/crtbegin.o
 *(.init)
 .init          0x0000000008007f00        0x4 c:/st/stm32cubeide_1.0.2/stm32cubeide/plugins/com.st.stm32cube.ide.mcu.externaltools.gnu-tools-for-stm32.7-2018-q2-update.win32_1.0.0.201904181610/tools/bin/../lib/gcc/arm-none-eabi/7.3.1/thumb/v7-m/crti.o
                0x0000000008007f00                _init
 .init          0x0000000008007f04        0x8 c:/st/stm32cubeide_1.0.2/stm32cubeide/plugins/com.st.stm32cube.ide.mcu.externaltools.gnu-tools-for-stm32.7-2018-q2-update.win32_1.0.0.201904181610/tools/bin/../lib/gcc/arm-none-eabi/7.3.1/thumb/v7-m/crtn.o
 *(.fini)
 .fini          0x0000000008007f0c        0x4 c:/st/stm32cubeide_1.0.2/stm32cubeide/plugins/com.st.stm32cube.ide.mcu.externaltools.gnu-tools-for-stm32.7-2018-q2-update.win32_1.0.0.201904181610/tools/bin/../lib/gcc/arm-none-eabi/7.3.1/thumb/v7-m/crti.o
                0x0000000008007f0c                _fini
 .fini          0x0000000008007f10        0x8 c:/st/stm32cubeide_1.0.2/stm32cubeide/plugins/com.st.stm32cube.ide.mcu.externaltools.gnu-tools-for-stm32.7-2018-q2-update.win32_1.0.0.201904181610/tools/bin/../lib/gcc/arm-none-eabi/7.3.1/thumb/v7-m/crtn.o
                0x0000000008007f18                . = ALIGN (0x4)
                0x0000000008007f18                _etext = .

.vfp11_veneer   0x0000000008007f18        0x0
 .vfp11_veneer  0x0000000008007f18        0x0 linker stubs

.v4_bx          0x0000000008007f18        0x0
 .v4_bx         0x0000000008007f18        0x0 linker stubs

.iplt           0x0000000008007f18        0x0
 .iplt          0x0000000008007f18        0x0 c:/st/stm32cubeide_1.0.2/stm32cubeide/plugins/com.st.stm32cube.ide.mcu.externaltools.gnu-tools-for-stm32.7-2018-q2-update.win32_1.0.0.201904181610/tools/bin/../lib/gcc/arm-none-eabi/7.3.1/thumb/v7-m/crtbegin.o

.rodata         0x0000000008007f18      0x518
                0x0000000008007f18                . = ALIGN (0x4)
 *(.rodata)
 .rodata        0x0000000008007f18       0x12 Drivers/STM32F1xx_HAL_Driver/Src/stm32f1xx_hal_rcc.o
 *fill*         0x0000000008007f2a        0x2 
 .rodata        0x0000000008007f2c       0xb9 Src/example.o
 *fill*         0x0000000008007fe5        0x3 
 .rodata        0x0000000008007fe8       0x25 note-c/n_cjson.o
 *fill*         0x000000000800800d        0x3 
 .rodata        0x0000000008008010       0x29 note-c/n_hooks.o
 *fill*         0x0000000008008039        0x3 
 .rodata        0x000000000800803c       0x84 note-c/n_request.o
 .rodata        0x00000000080080c0      0x1b5 note-c/n_serial.o
 *(.rodata*)
 *fill*         0x0000000008008275        0x3 
 .rodata.AHBPrescTable
                0x0000000008008278       0x10 Src/system_stm32f1xx.o
                0x0000000008008278                AHBPrescTable
 .rodata.APBPrescTable
                0x0000000008008288        0x8 Src/system_stm32f1xx.o
                0x0000000008008288                APBPrescTable
 .rodata.default_buffer_size.7210
                0x0000000008008290        0x4 note-c/n_cjson.o
 *fill*         0x0000000008008294        0x4 
 .rodata.rounders
                0x0000000008008298       0x58 note-c/n_ftoa.o
 .rodata._setlocale_r.str1.1
                0x00000000080082f0        0x8 c:/st/stm32cubeide_1.0.2/stm32cubeide/plugins/com.st.stm32cube.ide.mcu.externaltools.gnu-tools-for-stm32.7-2018-q2-update.win32_1.0.0.201904181610/tools/bin/../lib/gcc/arm-none-eabi/7.3.1/../../../../arm-none-eabi/lib/thumb/v7-m\libc_nano.a(lib_a-locale.o)
                                          0x9 (size before relaxing)
 .rodata.str1.1
                0x00000000080082f8        0x2 c:/st/stm32cubeide_1.0.2/stm32cubeide/plugins/com.st.stm32cube.ide.mcu.externaltools.gnu-tools-for-stm32.7-2018-q2-update.win32_1.0.0.201904181610/tools/bin/../lib/gcc/arm-none-eabi/7.3.1/../../../../arm-none-eabi/lib/thumb/v7-m\libc_nano.a(lib_a-locale.o)
 .rodata._ctype_
                0x00000000080082fa      0x101 c:/st/stm32cubeide_1.0.2/stm32cubeide/plugins/com.st.stm32cube.ide.mcu.externaltools.gnu-tools-for-stm32.7-2018-q2-update.win32_1.0.0.201904181610/tools/bin/../lib/gcc/arm-none-eabi/7.3.1/../../../../arm-none-eabi/lib/thumb/v7-m\libc_nano.a(lib_a-ctype_.o)
                0x00000000080082fa                _ctype_
 .rodata._svfprintf_r.str1.1
                0x00000000080083fb       0x11 c:/st/stm32cubeide_1.0.2/stm32cubeide/plugins/com.st.stm32cube.ide.mcu.externaltools.gnu-tools-for-stm32.7-2018-q2-update.win32_1.0.0.201904181610/tools/bin/../lib/gcc/arm-none-eabi/7.3.1/../../../../arm-none-eabi/lib/thumb/v7-m\libc_nano.a(lib_a-nano-svfprintf.o)
 .rodata._printf_i.str1.1
                0x000000000800840c       0x22 c:/st/stm32cubeide_1.0.2/stm32cubeide/plugins/com.st.stm32cube.ide.mcu.externaltools.gnu-tools-for-stm32.7-2018-q2-update.win32_1.0.0.201904181610/tools/bin/../lib/gcc/arm-none-eabi/7.3.1/../../../../arm-none-eabi/lib/thumb/v7-m\libc_nano.a(lib_a-nano-vfprintf_i.o)
                0x0000000008008430                . = ALIGN (0x4)
 *fill*         0x000000000800842e        0x2 

.rel.dyn        0x0000000008008430        0x0
 .rel.iplt      0x0000000008008430        0x0 c:/st/stm32cubeide_1.0.2/stm32cubeide/plugins/com.st.stm32cube.ide.mcu.externaltools.gnu-tools-for-stm32.7-2018-q2-update.win32_1.0.0.201904181610/tools/bin/../lib/gcc/arm-none-eabi/7.3.1/thumb/v7-m/crtbegin.o

.ARM.extab      0x0000000008008430        0x0
                0x0000000008008430                . = ALIGN (0x4)
 *(.ARM.extab* .gnu.linkonce.armextab.*)
                0x0000000008008430                . = ALIGN (0x4)

.ARM            0x0000000008008430        0x0
                0x0000000008008430                . = ALIGN (0x4)
                0x0000000008008430                __exidx_start = .
 *(.ARM.exidx*)
                0x0000000008008430                __exidx_end = .
                0x0000000008008430                . = ALIGN (0x4)

.preinit_array  0x0000000008008430        0x0
                0x0000000008008430                . = ALIGN (0x4)
                0x0000000008008430                PROVIDE (__preinit_array_start = .)
 *(.preinit_array*)
                0x0000000008008430                PROVIDE (__preinit_array_end = .)
                0x0000000008008430                . = ALIGN (0x4)

.init_array     0x0000000008008430        0x4
                0x0000000008008430                . = ALIGN (0x4)
                0x0000000008008430                PROVIDE (__init_array_start = .)
 *(SORT_BY_NAME(.init_array.*))
 *(.init_array*)
 .init_array    0x0000000008008430        0x4 c:/st/stm32cubeide_1.0.2/stm32cubeide/plugins/com.st.stm32cube.ide.mcu.externaltools.gnu-tools-for-stm32.7-2018-q2-update.win32_1.0.0.201904181610/tools/bin/../lib/gcc/arm-none-eabi/7.3.1/thumb/v7-m/crtbegin.o
                0x0000000008008434                PROVIDE (__init_array_end = .)
                0x0000000008008434                . = ALIGN (0x4)

.fini_array     0x0000000008008434        0x4
                0x0000000008008434                . = ALIGN (0x4)
                [!provide]                        PROVIDE (__fini_array_start = .)
 *(SORT_BY_NAME(.fini_array.*))
 *(.fini_array*)
 .fini_array    0x0000000008008434        0x4 c:/st/stm32cubeide_1.0.2/stm32cubeide/plugins/com.st.stm32cube.ide.mcu.externaltools.gnu-tools-for-stm32.7-2018-q2-update.win32_1.0.0.201904181610/tools/bin/../lib/gcc/arm-none-eabi/7.3.1/thumb/v7-m/crtbegin.o
                [!provide]                        PROVIDE (__fini_array_end = .)
                0x0000000008008438                . = ALIGN (0x4)
                0x0000000008008438                _sidata = LOADADDR (.data)

.data           0x0000000020000000      0x238 load address 0x0000000008008438
                0x0000000020000000                . = ALIGN (0x4)
                0x0000000020000000                _sdata = .
 *(.data)
 *(.data*)
 .data.uwTickPrio
                0x0000000020000000        0x4 Drivers/STM32F1xx_HAL_Driver/Src/stm32f1xx_hal.o
                0x0000000020000000                uwTickPrio
 .data.uwTickFreq
                0x0000000020000004        0x1 Drivers/STM32F1xx_HAL_Driver/Src/stm32f1xx_hal.o
                0x0000000020000004                uwTickFreq
 *fill*         0x0000000020000005        0x3 
 .data.SystemCoreClock
                0x0000000020000008        0x4 Src/system_stm32f1xx.o
                0x0000000020000008                SystemCoreClock
 .data.maxExponent
                0x000000002000000c        0x4 note-c/n_atof.o
 .data.powersOf10
                0x0000000020000010       0x48 note-c/n_atof.o
 .data.global_hooks
                0x0000000020000058        0xc note-c/n_cjson.o
 .data.resetRequired
                0x0000000020000064        0x1 note-c/n_request.o
 *fill*         0x0000000020000065        0x3 
 .data._impure_ptr
                0x0000000020000068        0x4 c:/st/stm32cubeide_1.0.2/stm32cubeide/plugins/com.st.stm32cube.ide.mcu.externaltools.gnu-tools-for-stm32.7-2018-q2-update.win32_1.0.0.201904181610/tools/bin/../lib/gcc/arm-none-eabi/7.3.1/../../../../arm-none-eabi/lib/thumb/v7-m\libc_nano.a(lib_a-impure.o)
                0x0000000020000068                _impure_ptr
 .data.impure_data
                0x000000002000006c       0x60 c:/st/stm32cubeide_1.0.2/stm32cubeide/plugins/com.st.stm32cube.ide.mcu.externaltools.gnu-tools-for-stm32.7-2018-q2-update.win32_1.0.0.201904181610/tools/bin/../lib/gcc/arm-none-eabi/7.3.1/../../../../arm-none-eabi/lib/thumb/v7-m\libc_nano.a(lib_a-impure.o)
 .data.__global_locale
                0x00000000200000cc      0x16c c:/st/stm32cubeide_1.0.2/stm32cubeide/plugins/com.st.stm32cube.ide.mcu.externaltools.gnu-tools-for-stm32.7-2018-q2-update.win32_1.0.0.201904181610/tools/bin/../lib/gcc/arm-none-eabi/7.3.1/../../../../arm-none-eabi/lib/thumb/v7-m\libc_nano.a(lib_a-locale.o)
                0x00000000200000cc                __global_locale
                0x0000000020000238                . = ALIGN (0x4)
                0x0000000020000238                _edata = .

.igot.plt       0x0000000020000238        0x0 load address 0x0000000008008670
 .igot.plt      0x0000000020000238        0x0 c:/st/stm32cubeide_1.0.2/stm32cubeide/plugins/com.st.stm32cube.ide.mcu.externaltools.gnu-tools-for-stm32.7-2018-q2-update.win32_1.0.0.201904181610/tools/bin/../lib/gcc/arm-none-eabi/7.3.1/thumb/v7-m/crtbegin.o
                0x0000000020000238                . = ALIGN (0x4)

.bss            0x0000000020000238      0x31c load address 0x0000000008008670
                0x0000000020000238                _sbss = .
                0x0000000020000238                __bss_start__ = _sbss
 *(.bss)
 .bss           0x0000000020000238       0x1c c:/st/stm32cubeide_1.0.2/stm32cubeide/plugins/com.st.stm32cube.ide.mcu.externaltools.gnu-tools-for-stm32.7-2018-q2-update.win32_1.0.0.201904181610/tools/bin/../lib/gcc/arm-none-eabi/7.3.1/thumb/v7-m/crtbegin.o
 *(.bss*)
 .bss.eventCounter.6289
                0x0000000020000254        0x4 Src/example.o
 .bss.uart1Initialized
                0x0000000020000258        0x1 Src/main.o
                0x0000000020000258                uart1Initialized
 *fill*         0x0000000020000259        0x3 
 .bss.serialInterruptBuffer
                0x000000002000025c        0x1 Src/main.o
 *fill*         0x000000002000025d        0x3 
 .bss.serialFillIndex
                0x0000000020000260        0x4 Src/main.o
 .bss.serialDrainIndex
                0x0000000020000264        0x4 Src/main.o
 .bss.serialOverruns
                0x0000000020000268        0x4 Src/main.o
 .bss.serialBuffer
                0x000000002000026c      0x200 Src/main.o
 .bss.heap_end.5149
                0x000000002000046c        0x4 Src/sysmem.o
 .bss.global_error
                0x0000000020000470        0x8 note-c/n_cjson.o
 .bss.hookDebugOutput
                0x0000000020000478        0x4 note-c/n_hooks.o
                0x0000000020000478                hookDebugOutput
 .bss.hookLockNote
                0x000000002000047c        0x4 note-c/n_hooks.o
                0x000000002000047c                hookLockNote
 .bss.hookUnlockNote
                0x0000000020000480        0x4 note-c/n_hooks.o
                0x0000000020000480                hookUnlockNote
 .bss.hookMalloc
                0x0000000020000484        0x4 note-c/n_hooks.o
                0x0000000020000484                hookMalloc
 .bss.hookFree  0x0000000020000488        0x4 note-c/n_hooks.o
                0x0000000020000488                hookFree
 .bss.hookDelayMs
                0x000000002000048c        0x4 note-c/n_hooks.o
                0x000000002000048c                hookDelayMs
 .bss.hookGetMs
                0x0000000020000490        0x4 note-c/n_hooks.o
                0x0000000020000490                hookGetMs
 .bss.hookActiveInterface
                0x0000000020000494        0x4 note-c/n_hooks.o
                0x0000000020000494                hookActiveInterface
 .bss.hookSerialReset
                0x0000000020000498        0x4 note-c/n_hooks.o
                0x0000000020000498                hookSerialReset
 .bss.hookSerialTransmit
                0x000000002000049c        0x4 note-c/n_hooks.o
                0x000000002000049c                hookSerialTransmit
 .bss.hookSerialAvailable
                0x00000000200004a0        0x4 note-c/n_hooks.o
                0x00000000200004a0                hookSerialAvailable
 .bss.hookSerialReceive
                0x00000000200004a4        0x4 note-c/n_hooks.o
                0x00000000200004a4                hookSerialReceive
 .bss.notecardReset
                0x00000000200004a8        0x4 note-c/n_hooks.o
 .bss.notecardTransaction
                0x00000000200004ac        0x4 note-c/n_hooks.o
 .bss.__malloc_free_list
                0x00000000200004b0        0x4 c:/st/stm32cubeide_1.0.2/stm32cubeide/plugins/com.st.stm32cube.ide.mcu.externaltools.gnu-tools-for-stm32.7-2018-q2-update.win32_1.0.0.201904181610/tools/bin/../lib/gcc/arm-none-eabi/7.3.1/../../../../arm-none-eabi/lib/thumb/v7-m\libc_nano.a(lib_a-nano-mallocr.o)
                0x00000000200004b0                __malloc_free_list
 .bss.__malloc_sbrk_start
                0x00000000200004b4        0x4 c:/st/stm32cubeide_1.0.2/stm32cubeide/plugins/com.st.stm32cube.ide.mcu.externaltools.gnu-tools-for-stm32.7-2018-q2-update.win32_1.0.0.201904181610/tools/bin/../lib/gcc/arm-none-eabi/7.3.1/../../../../arm-none-eabi/lib/thumb/v7-m\libc_nano.a(lib_a-nano-mallocr.o)
                0x00000000200004b4                __malloc_sbrk_start
 *(COMMON)
 COMMON         0x00000000200004b8        0x4 Drivers/STM32F1xx_HAL_Driver/Src/stm32f1xx_hal.o
                0x00000000200004b8                uwTick
 COMMON         0x00000000200004bc       0x94 Src/main.o
                0x00000000200004bc                hi2c1
                0x0000000020000510                huart1
 COMMON         0x0000000020000550        0x4 c:/st/stm32cubeide_1.0.2/stm32cubeide/plugins/com.st.stm32cube.ide.mcu.externaltools.gnu-tools-for-stm32.7-2018-q2-update.win32_1.0.0.201904181610/tools/bin/../lib/gcc/arm-none-eabi/7.3.1/../../../../arm-none-eabi/lib/thumb/v7-m\libc_nano.a(lib_a-reent.o)
                0x0000000020000550                errno
                0x0000000020000554                . = ALIGN (0x4)
                0x0000000020000554                _ebss = .
                0x0000000020000554                __bss_end__ = _ebss

._user_heap_stack
                0x0000000020000554      0x604 load address 0x0000000008008670
                0x0000000020000558                . = ALIGN (0x8)
 *fill*         0x0000000020000554        0x4 
                0x0000000020000558                PROVIDE (end = .)
                [!provide]                        PROVIDE (_end = .)
                0x0000000020000758                . = (. + _Min_Heap_Size)
 *fill*         0x0000000020000558      0x200 
                0x0000000020000b58                . = (. + _Min_Stack_Size)
 *fill*         0x0000000020000758      0x400 
                0x0000000020000b58                . = ALIGN (0x8)

/DISCARD/
 libc.a(*)
 libm.a(*)
 libgcc.a(*)

.ARM.attributes
                0x0000000000000000       0x29
 *(.ARM.attributes)
 .ARM.attributes
                0x0000000000000000       0x1d c:/st/stm32cubeide_1.0.2/stm32cubeide/plugins/com.st.stm32cube.ide.mcu.externaltools.gnu-tools-for-stm32.7-2018-q2-update.win32_1.0.0.201904181610/tools/bin/../lib/gcc/arm-none-eabi/7.3.1/thumb/v7-m/crti.o
 .ARM.attributes
                0x000000000000001d       0x2d c:/st/stm32cubeide_1.0.2/stm32cubeide/plugins/com.st.stm32cube.ide.mcu.externaltools.gnu-tools-for-stm32.7-2018-q2-update.win32_1.0.0.201904181610/tools/bin/../lib/gcc/arm-none-eabi/7.3.1/thumb/v7-m/crtbegin.o
 .ARM.attributes
                0x000000000000004a       0x33 Drivers/STM32F1xx_HAL_Driver/Src/stm32f1xx_hal.o
 .ARM.attributes
                0x000000000000007d       0x33 Drivers/STM32F1xx_HAL_Driver/Src/stm32f1xx_hal_cortex.o
 .ARM.attributes
                0x00000000000000b0       0x33 Drivers/STM32F1xx_HAL_Driver/Src/stm32f1xx_hal_dma.o
 .ARM.attributes
                0x00000000000000e3       0x33 Drivers/STM32F1xx_HAL_Driver/Src/stm32f1xx_hal_gpio.o
 .ARM.attributes
                0x0000000000000116       0x33 Drivers/STM32F1xx_HAL_Driver/Src/stm32f1xx_hal_i2c.o
 .ARM.attributes
                0x0000000000000149       0x33 Drivers/STM32F1xx_HAL_Driver/Src/stm32f1xx_hal_rcc.o
 .ARM.attributes
                0x000000000000017c       0x33 Drivers/STM32F1xx_HAL_Driver/Src/stm32f1xx_hal_uart.o
 .ARM.attributes
                0x00000000000001af       0x33 Src/example.o
 .ARM.attributes
                0x00000000000001e2       0x33 Src/main.o
 .ARM.attributes
                0x0000000000000215       0x33 Src/stm32f1xx_hal_msp.o
 .ARM.attributes
                0x0000000000000248       0x33 Src/stm32f1xx_it.o
 .ARM.attributes
                0x000000000000027b       0x33 Src/sysmem.o
 .ARM.attributes
                0x00000000000002ae       0x33 Src/system_stm32f1xx.o
 .ARM.attributes
                0x00000000000002e1       0x21 Startup/startup_stm32f103rbtx.o
 .ARM.attributes
                0x0000000000000302       0x33 note-c/n_atof.o
 .ARM.attributes
                0x0000000000000335       0x33 note-c/n_cjson.o
 .ARM.attributes
                0x0000000000000368       0x33 note-c/n_cjson_helpers.o
 .ARM.attributes
                0x000000000000039b       0x33 note-c/n_ftoa.o
 .ARM.attributes
                0x00000000000003ce       0x33 note-c/n_hooks.o
 .ARM.attributes
                0x0000000000000401       0x33 note-c/n_request.o
 .ARM.attributes
                0x0000000000000434       0x33 note-c/n_serial.o
 .ARM.attributes
                0x0000000000000467       0x2d c:/st/stm32cubeide_1.0.2/stm32cubeide/plugins/com.st.stm32cube.ide.mcu.externaltools.gnu-tools-for-stm32.7-2018-q2-update.win32_1.0.0.201904181610/tools/bin/../lib/gcc/arm-none-eabi/7.3.1/../../../../arm-none-eabi/lib/thumb/v7-m\libc_nano.a(lib_a-errno.o)
 .ARM.attributes
                0x0000000000000494       0x2d c:/st/stm32cubeide_1.0.2/stm32cubeide/plugins/com.st.stm32cube.ide.mcu.externaltools.gnu-tools-for-stm32.7-2018-q2-update.win32_1.0.0.201904181610/tools/bin/../lib/gcc/arm-none-eabi/7.3.1/../../../../arm-none-eabi/lib/thumb/v7-m\libc_nano.a(lib_a-impure.o)
 .ARM.attributes
                0x00000000000004c1       0x2d c:/st/stm32cubeide_1.0.2/stm32cubeide/plugins/com.st.stm32cube.ide.mcu.externaltools.gnu-tools-for-stm32.7-2018-q2-update.win32_1.0.0.201904181610/tools/bin/../lib/gcc/arm-none-eabi/7.3.1/../../../../arm-none-eabi/lib/thumb/v7-m\libc_nano.a(lib_a-init.o)
 .ARM.attributes
                0x00000000000004ee       0x2d c:/st/stm32cubeide_1.0.2/stm32cubeide/plugins/com.st.stm32cube.ide.mcu.externaltools.gnu-tools-for-stm32.7-2018-q2-update.win32_1.0.0.201904181610/tools/bin/../lib/gcc/arm-none-eabi/7.3.1/../../../../arm-none-eabi/lib/thumb/v7-m\libc_nano.a(lib_a-locale.o)
 .ARM.attributes
                0x000000000000051b       0x2d c:/st/stm32cubeide_1.0.2/stm32cubeide/plugins/com.st.stm32cube.ide.mcu.externaltools.gnu-tools-for-stm32.7-2018-q2-update.win32_1.0.0.201904181610/tools/bin/../lib/gcc/arm-none-eabi/7.3.1/../../../../arm-none-eabi/lib/thumb/v7-m\libc_nano.a(lib_a-malloc.o)
 .ARM.attributes
                0x0000000000000548       0x2d c:/st/stm32cubeide_1.0.2/stm32cubeide/plugins/com.st.stm32cube.ide.mcu.externaltools.gnu-tools-for-stm32.7-2018-q2-update.win32_1.0.0.201904181610/tools/bin/../lib/gcc/arm-none-eabi/7.3.1/../../../../arm-none-eabi/lib/thumb/v7-m\libc_nano.a(lib_a-mbtowc_r.o)
 .ARM.attributes
                0x0000000000000575       0x2d c:/st/stm32cubeide_1.0.2/stm32cubeide/plugins/com.st.stm32cube.ide.mcu.externaltools.gnu-tools-for-stm32.7-2018-q2-update.win32_1.0.0.201904181610/tools/bin/../lib/gcc/arm-none-eabi/7.3.1/../../../../arm-none-eabi/lib/thumb/v7-m\libc_nano.a(lib_a-memcpy-stub.o)
 .ARM.attributes
                0x00000000000005a2       0x2d c:/st/stm32cubeide_1.0.2/stm32cubeide/plugins/com.st.stm32cube.ide.mcu.externaltools.gnu-tools-for-stm32.7-2018-q2-update.win32_1.0.0.201904181610/tools/bin/../lib/gcc/arm-none-eabi/7.3.1/../../../../arm-none-eabi/lib/thumb/v7-m\libc_nano.a(lib_a-memmove.o)
 .ARM.attributes
                0x00000000000005cf       0x2d c:/st/stm32cubeide_1.0.2/stm32cubeide/plugins/com.st.stm32cube.ide.mcu.externaltools.gnu-tools-for-stm32.7-2018-q2-update.win32_1.0.0.201904181610/tools/bin/../lib/gcc/arm-none-eabi/7.3.1/../../../../arm-none-eabi/lib/thumb/v7-m\libc_nano.a(lib_a-memset.o)
 .ARM.attributes
                0x00000000000005fc       0x2d c:/st/stm32cubeide_1.0.2/stm32cubeide/plugins/com.st.stm32cube.ide.mcu.externaltools.gnu-tools-for-stm32.7-2018-q2-update.win32_1.0.0.201904181610/tools/bin/../lib/gcc/arm-none-eabi/7.3.1/../../../../arm-none-eabi/lib/thumb/v7-m\libc_nano.a(lib_a-nano-freer.o)
 .ARM.attributes
                0x0000000000000629       0x2d c:/st/stm32cubeide_1.0.2/stm32cubeide/plugins/com.st.stm32cube.ide.mcu.externaltools.gnu-tools-for-stm32.7-2018-q2-update.win32_1.0.0.201904181610/tools/bin/../lib/gcc/arm-none-eabi/7.3.1/../../../../arm-none-eabi/lib/thumb/v7-m\libc_nano.a(lib_a-nano-mallocr.o)
 .ARM.attributes
                0x0000000000000656       0x2d c:/st/stm32cubeide_1.0.2/stm32cubeide/plugins/com.st.stm32cube.ide.mcu.externaltools.gnu-tools-for-stm32.7-2018-q2-update.win32_1.0.0.201904181610/tools/bin/../lib/gcc/arm-none-eabi/7.3.1/../../../../arm-none-eabi/lib/thumb/v7-m\libc_nano.a(lib_a-sbrkr.o)
 .ARM.attributes
                0x0000000000000683       0x2d c:/st/stm32cubeide_1.0.2/stm32cubeide/plugins/com.st.stm32cube.ide.mcu.externaltools.gnu-tools-for-stm32.7-2018-q2-update.win32_1.0.0.201904181610/tools/bin/../lib/gcc/arm-none-eabi/7.3.1/../../../../arm-none-eabi/lib/thumb/v7-m\libc_nano.a(lib_a-strchr.o)
 .ARM.attributes
                0x00000000000006b0       0x1b c:/st/stm32cubeide_1.0.2/stm32cubeide/plugins/com.st.stm32cube.ide.mcu.externaltools.gnu-tools-for-stm32.7-2018-q2-update.win32_1.0.0.201904181610/tools/bin/../lib/gcc/arm-none-eabi/7.3.1/../../../../arm-none-eabi/lib/thumb/v7-m\libc_nano.a(lib_a-strcmp.o)
 .ARM.attributes
                0x00000000000006cb       0x17 c:/st/stm32cubeide_1.0.2/stm32cubeide/plugins/com.st.stm32cube.ide.mcu.externaltools.gnu-tools-for-stm32.7-2018-q2-update.win32_1.0.0.201904181610/tools/bin/../lib/gcc/arm-none-eabi/7.3.1/../../../../arm-none-eabi/lib/thumb/v7-m\libc_nano.a(lib_a-strlen.o)
 .ARM.attributes
                0x00000000000006e2       0x2d c:/st/stm32cubeide_1.0.2/stm32cubeide/plugins/com.st.stm32cube.ide.mcu.externaltools.gnu-tools-for-stm32.7-2018-q2-update.win32_1.0.0.201904181610/tools/bin/../lib/gcc/arm-none-eabi/7.3.1/../../../../arm-none-eabi/lib/thumb/v7-m\libc_nano.a(lib_a-strncmp.o)
 .ARM.attributes
                0x000000000000070f       0x2d c:/st/stm32cubeide_1.0.2/stm32cubeide/plugins/com.st.stm32cube.ide.mcu.externaltools.gnu-tools-for-stm32.7-2018-q2-update.win32_1.0.0.201904181610/tools/bin/../lib/gcc/arm-none-eabi/7.3.1/../../../../arm-none-eabi/lib/thumb/v7-m\libc_nano.a(lib_a-vsnprintf.o)
 .ARM.attributes
                0x000000000000073c       0x2d c:/st/stm32cubeide_1.0.2/stm32cubeide/plugins/com.st.stm32cube.ide.mcu.externaltools.gnu-tools-for-stm32.7-2018-q2-update.win32_1.0.0.201904181610/tools/bin/../lib/gcc/arm-none-eabi/7.3.1/../../../../arm-none-eabi/lib/thumb/v7-m\libc_nano.a(lib_a-wctomb_r.o)
 .ARM.attributes
                0x0000000000000769       0x2d c:/st/stm32cubeide_1.0.2/stm32cubeide/plugins/com.st.stm32cube.ide.mcu.externaltools.gnu-tools-for-stm32.7-2018-q2-update.win32_1.0.0.201904181610/tools/bin/../lib/gcc/arm-none-eabi/7.3.1/../../../../arm-none-eabi/lib/thumb/v7-m\libc_nano.a(lib_a-ctype_.o)
 .ARM.attributes
                0x0000000000000796       0x2d c:/st/stm32cubeide_1.0.2/stm32cubeide/plugins/com.st.stm32cube.ide.mcu.externaltools.gnu-tools-for-stm32.7-2018-q2-update.win32_1.0.0.201904181610/tools/bin/../lib/gcc/arm-none-eabi/7.3.1/../../../../arm-none-eabi/lib/thumb/v7-m\libc_nano.a(lib_a-mlock.o)
 .ARM.attributes
                0x00000000000007c3       0x2d c:/st/stm32cubeide_1.0.2/stm32cubeide/plugins/com.st.stm32cube.ide.mcu.externaltools.gnu-tools-for-stm32.7-2018-q2-update.win32_1.0.0.201904181610/tools/bin/../lib/gcc/arm-none-eabi/7.3.1/../../../../arm-none-eabi/lib/thumb/v7-m\libc_nano.a(lib_a-nano-svfprintf.o)
 .ARM.attributes
                0x00000000000007f0       0x2d c:/st/stm32cubeide_1.0.2/stm32cubeide/plugins/com.st.stm32cube.ide.mcu.externaltools.gnu-tools-for-stm32.7-2018-q2-update.win32_1.0.0.201904181610/tools/bin/../lib/gcc/arm-none-eabi/7.3.1/../../../../arm-none-eabi/lib/thumb/v7-m\libc_nano.a(lib_a-nano-vfprintf_i.o)
 .ARM.attributes
                0x000000000000081d       0x2d c:/st/stm32cubeide_1.0.2/stm32cubeide/plugins/com.st.stm32cube.ide.mcu.externaltools.gnu-tools-for-stm32.7-2018-q2-update.win32_1.0.0.201904181610/tools/bin/../lib/gcc/arm-none-eabi/7.3.1/../../../../arm-none-eabi/lib/thumb/v7-m\libc_nano.a(lib_a-reent.o)
 .ARM.attributes
                0x000000000000084a       0x2d c:/st/stm32cubeide_1.0.2/stm32cubeide/plugins/com.st.stm32cube.ide.mcu.externaltools.gnu-tools-for-stm32.7-2018-q2-update.win32_1.0.0.201904181610/tools/bin/../lib/gcc/arm-none-eabi/7.3.1/../../../../arm-none-eabi/lib/thumb/v7-m\libc_nano.a(lib_a-memchr-stub.o)
 .ARM.attributes
                0x0000000000000877       0x2d c:/st/stm32cubeide_1.0.2/stm32cubeide/plugins/com.st.stm32cube.ide.mcu.externaltools.gnu-tools-for-stm32.7-2018-q2-update.win32_1.0.0.201904181610/tools/bin/../lib/gcc/arm-none-eabi/7.3.1/../../../../arm-none-eabi/lib/thumb/v7-m\libc_nano.a(lib_a-nano-reallocr.o)
 .ARM.attributes
                0x00000000000008a4       0x2d c:/st/stm32cubeide_1.0.2/stm32cubeide/plugins/com.st.stm32cube.ide.mcu.externaltools.gnu-tools-for-stm32.7-2018-q2-update.win32_1.0.0.201904181610/tools/bin/../lib/gcc/arm-none-eabi/7.3.1/../../../../arm-none-eabi/lib/thumb/v7-m\libc_nano.a(lib_a-nano-msizer.o)
 .ARM.attributes
                0x00000000000008d1       0x1d c:/st/stm32cubeide_1.0.2/stm32cubeide/plugins/com.st.stm32cube.ide.mcu.externaltools.gnu-tools-for-stm32.7-2018-q2-update.win32_1.0.0.201904181610/tools/bin/../lib/gcc/arm-none-eabi/7.3.1/thumb/v7-m\libgcc.a(_arm_addsubdf3.o)
 .ARM.attributes
                0x00000000000008ee       0x1d c:/st/stm32cubeide_1.0.2/stm32cubeide/plugins/com.st.stm32cube.ide.mcu.externaltools.gnu-tools-for-stm32.7-2018-q2-update.win32_1.0.0.201904181610/tools/bin/../lib/gcc/arm-none-eabi/7.3.1/thumb/v7-m\libgcc.a(_arm_muldivdf3.o)
 .ARM.attributes
                0x000000000000090b       0x1d c:/st/stm32cubeide_1.0.2/stm32cubeide/plugins/com.st.stm32cube.ide.mcu.externaltools.gnu-tools-for-stm32.7-2018-q2-update.win32_1.0.0.201904181610/tools/bin/../lib/gcc/arm-none-eabi/7.3.1/thumb/v7-m\libgcc.a(_arm_cmpdf2.o)
 .ARM.attributes
                0x0000000000000928       0x1d c:/st/stm32cubeide_1.0.2/stm32cubeide/plugins/com.st.stm32cube.ide.mcu.externaltools.gnu-tools-for-stm32.7-2018-q2-update.win32_1.0.0.201904181610/tools/bin/../lib/gcc/arm-none-eabi/7.3.1/thumb/v7-m\libgcc.a(_arm_fixdfsi.o)
 .ARM.attributes
                0x0000000000000945       0x1d c:/st/stm32cubeide_1.0.2/stm32cubeide/plugins/com.st.stm32cube.ide.mcu.externaltools.gnu-tools-for-stm32.7-2018-q2-update.win32_1.0.0.201904181610/tools/bin/../lib/gcc/arm-none-eabi/7.3.1/thumb/v7-m\libgcc.a(_arm_fixunsdfsi.o)
 .ARM.attributes
                0x0000000000000962       0x1d c:/st/stm32cubeide_1.0.2/stm32cubeide/plugins/com.st.stm32cube.ide.mcu.externaltools.gnu-tools-for-stm32.7-2018-q2-update.win32_1.0.0.201904181610/tools/bin/../lib/gcc/arm-none-eabi/7.3.1/thumb/v7-m/crtn.o
OUTPUT(note-stm32f1.elf elf32-littlearm)

.debug_info     0x0000000000000000    0x10f36
 .debug_info    0x0000000000000000      0x6fe Drivers/STM32F1xx_HAL_Driver/Src/stm32f1xx_hal.o
 .debug_info    0x00000000000006fe      0xb46 Drivers/STM32F1xx_HAL_Driver/Src/stm32f1xx_hal_cortex.o
 .debug_info    0x0000000000001244      0x7a6 Drivers/STM32F1xx_HAL_Driver/Src/stm32f1xx_hal_dma.o
 .debug_info    0x00000000000019ea      0x681 Drivers/STM32F1xx_HAL_Driver/Src/stm32f1xx_hal_gpio.o
 .debug_info    0x000000000000206b     0x2457 Drivers/STM32F1xx_HAL_Driver/Src/stm32f1xx_hal_i2c.o
 .debug_info    0x00000000000044c2      0x804 Drivers/STM32F1xx_HAL_Driver/Src/stm32f1xx_hal_rcc.o
 .debug_info    0x0000000000004cc6     0x11e3 Drivers/STM32F1xx_HAL_Driver/Src/stm32f1xx_hal_uart.o
 .debug_info    0x0000000000005ea9      0x293 Src/example.o
 .debug_info    0x000000000000613c     0x18d3 Src/main.o
 .debug_info    0x0000000000007a0f      0xcab Src/stm32f1xx_hal_msp.o
 .debug_info    0x00000000000086ba      0xa0d Src/stm32f1xx_it.o
 .debug_info    0x00000000000090c7      0x91c Src/sysmem.o
 .debug_info    0x00000000000099e3      0x433 Src/system_stm32f1xx.o
 .debug_info    0x0000000000009e16       0x22 Startup/startup_stm32f103rbtx.o
 .debug_info    0x0000000000009e38      0x9fc note-c/n_atof.o
 .debug_info    0x000000000000a834     0x2aa1 note-c/n_cjson.o
 .debug_info    0x000000000000d2d5      0xcbc note-c/n_cjson_helpers.o
 .debug_info    0x000000000000df91      0x99f note-c/n_ftoa.o
 .debug_info    0x000000000000e930     0x1089 note-c/n_hooks.o
 .debug_info    0x000000000000f9b9      0xb78 note-c/n_request.o
 .debug_info    0x0000000000010531      0xa05 note-c/n_serial.o

.debug_abbrev   0x0000000000000000     0x2931
 .debug_abbrev  0x0000000000000000      0x1d8 Drivers/STM32F1xx_HAL_Driver/Src/stm32f1xx_hal.o
 .debug_abbrev  0x00000000000001d8      0x2d5 Drivers/STM32F1xx_HAL_Driver/Src/stm32f1xx_hal_cortex.o
 .debug_abbrev  0x00000000000004ad      0x1fe Drivers/STM32F1xx_HAL_Driver/Src/stm32f1xx_hal_dma.o
 .debug_abbrev  0x00000000000006ab      0x1c0 Drivers/STM32F1xx_HAL_Driver/Src/stm32f1xx_hal_gpio.o
 .debug_abbrev  0x000000000000086b      0x258 Drivers/STM32F1xx_HAL_Driver/Src/stm32f1xx_hal_i2c.o
 .debug_abbrev  0x0000000000000ac3      0x243 Drivers/STM32F1xx_HAL_Driver/Src/stm32f1xx_hal_rcc.o
 .debug_abbrev  0x0000000000000d06      0x242 Drivers/STM32F1xx_HAL_Driver/Src/stm32f1xx_hal_uart.o
 .debug_abbrev  0x0000000000000f48      0x123 Src/example.o
 .debug_abbrev  0x000000000000106b      0x31b Src/main.o
 .debug_abbrev  0x0000000000001386      0x195 Src/stm32f1xx_hal_msp.o
 .debug_abbrev  0x000000000000151b      0x193 Src/stm32f1xx_it.o
 .debug_abbrev  0x00000000000016ae      0x1bb Src/sysmem.o
 .debug_abbrev  0x0000000000001869      0x134 Src/system_stm32f1xx.o
 .debug_abbrev  0x000000000000199d       0x12 Startup/startup_stm32f103rbtx.o
 .debug_abbrev  0x00000000000019af      0x1c0 note-c/n_atof.o
 .debug_abbrev  0x0000000000001b6f      0x3c9 note-c/n_cjson.o
 .debug_abbrev  0x0000000000001f38      0x1f9 note-c/n_cjson_helpers.o
 .debug_abbrev  0x0000000000002131      0x1aa note-c/n_ftoa.o
 .debug_abbrev  0x00000000000022db      0x272 note-c/n_hooks.o
 .debug_abbrev  0x000000000000254d      0x23e note-c/n_request.o
 .debug_abbrev  0x000000000000278b      0x1a6 note-c/n_serial.o

.debug_aranges  0x0000000000000000      0xf78
 .debug_aranges
                0x0000000000000000       0xe0 Drivers/STM32F1xx_HAL_Driver/Src/stm32f1xx_hal.o
 .debug_aranges
                0x00000000000000e0      0x100 Drivers/STM32F1xx_HAL_Driver/Src/stm32f1xx_hal_cortex.o
 .debug_aranges
                0x00000000000001e0       0x80 Drivers/STM32F1xx_HAL_Driver/Src/stm32f1xx_hal_dma.o
 .debug_aranges
                0x0000000000000260       0x58 Drivers/STM32F1xx_HAL_Driver/Src/stm32f1xx_hal_gpio.o
 .debug_aranges
                0x00000000000002b8      0x290 Drivers/STM32F1xx_HAL_Driver/Src/stm32f1xx_hal_i2c.o
 .debug_aranges
                0x0000000000000548       0x90 Drivers/STM32F1xx_HAL_Driver/Src/stm32f1xx_hal_rcc.o
 .debug_aranges
                0x00000000000005d8      0x1d0 Drivers/STM32F1xx_HAL_Driver/Src/stm32f1xx_hal_uart.o
 .debug_aranges
                0x00000000000007a8       0x28 Src/example.o
 .debug_aranges
                0x00000000000007d0       0xb0 Src/main.o
 .debug_aranges
                0x0000000000000880       0x40 Src/stm32f1xx_hal_msp.o
 .debug_aranges
                0x00000000000008c0       0xb8 Src/stm32f1xx_it.o
 .debug_aranges
                0x0000000000000978       0x20 Src/sysmem.o
 .debug_aranges
                0x0000000000000998       0x28 Src/system_stm32f1xx.o
 .debug_aranges
                0x00000000000009c0       0x28 Startup/startup_stm32f103rbtx.o
 .debug_aranges
                0x00000000000009e8       0x20 note-c/n_atof.o
 .debug_aranges
                0x0000000000000a08      0x370 note-c/n_cjson.o
 .debug_aranges
                0x0000000000000d78       0x70 note-c/n_cjson_helpers.o
 .debug_aranges
                0x0000000000000de8       0x20 note-c/n_ftoa.o
 .debug_aranges
                0x0000000000000e08       0xe8 note-c/n_hooks.o
 .debug_aranges
                0x0000000000000ef0       0x60 note-c/n_request.o
 .debug_aranges
                0x0000000000000f50       0x28 note-c/n_serial.o

.debug_ranges   0x0000000000000000      0xf00
 .debug_ranges  0x0000000000000000       0xd0 Drivers/STM32F1xx_HAL_Driver/Src/stm32f1xx_hal.o
 .debug_ranges  0x00000000000000d0       0xf0 Drivers/STM32F1xx_HAL_Driver/Src/stm32f1xx_hal_cortex.o
 .debug_ranges  0x00000000000001c0       0x70 Drivers/STM32F1xx_HAL_Driver/Src/stm32f1xx_hal_dma.o
 .debug_ranges  0x0000000000000230       0x48 Drivers/STM32F1xx_HAL_Driver/Src/stm32f1xx_hal_gpio.o
 .debug_ranges  0x0000000000000278      0x2a0 Drivers/STM32F1xx_HAL_Driver/Src/stm32f1xx_hal_i2c.o
 .debug_ranges  0x0000000000000518       0x80 Drivers/STM32F1xx_HAL_Driver/Src/stm32f1xx_hal_rcc.o
 .debug_ranges  0x0000000000000598      0x1c0 Drivers/STM32F1xx_HAL_Driver/Src/stm32f1xx_hal_uart.o
 .debug_ranges  0x0000000000000758       0x18 Src/example.o
 .debug_ranges  0x0000000000000770       0xa0 Src/main.o
 .debug_ranges  0x0000000000000810       0x30 Src/stm32f1xx_hal_msp.o
 .debug_ranges  0x0000000000000840       0xa8 Src/stm32f1xx_it.o
 .debug_ranges  0x00000000000008e8       0x10 Src/sysmem.o
 .debug_ranges  0x00000000000008f8       0x18 Src/system_stm32f1xx.o
 .debug_ranges  0x0000000000000910       0x20 Startup/startup_stm32f103rbtx.o
 .debug_ranges  0x0000000000000930       0x10 note-c/n_atof.o
 .debug_ranges  0x0000000000000940      0x3e0 note-c/n_cjson.o
 .debug_ranges  0x0000000000000d20       0x60 note-c/n_cjson_helpers.o
 .debug_ranges  0x0000000000000d80       0x10 note-c/n_ftoa.o
 .debug_ranges  0x0000000000000d90       0xd8 note-c/n_hooks.o
 .debug_ranges  0x0000000000000e68       0x68 note-c/n_request.o
 .debug_ranges  0x0000000000000ed0       0x30 note-c/n_serial.o

.debug_macro    0x0000000000000000    0x15346
 .debug_macro   0x0000000000000000      0x1b3 Drivers/STM32F1xx_HAL_Driver/Src/stm32f1xx_hal.o
 .debug_macro   0x00000000000001b3      0xa5a Drivers/STM32F1xx_HAL_Driver/Src/stm32f1xx_hal.o
 .debug_macro   0x0000000000000c0d      0x21b Drivers/STM32F1xx_HAL_Driver/Src/stm32f1xx_hal.o
 .debug_macro   0x0000000000000e28       0x2e Drivers/STM32F1xx_HAL_Driver/Src/stm32f1xx_hal.o
 .debug_macro   0x0000000000000e56       0x22 Drivers/STM32F1xx_HAL_Driver/Src/stm32f1xx_hal.o
 .debug_macro   0x0000000000000e78       0x22 Drivers/STM32F1xx_HAL_Driver/Src/stm32f1xx_hal.o
 .debug_macro   0x0000000000000e9a       0x8e Drivers/STM32F1xx_HAL_Driver/Src/stm32f1xx_hal.o
 .debug_macro   0x0000000000000f28       0x51 Drivers/STM32F1xx_HAL_Driver/Src/stm32f1xx_hal.o
 .debug_macro   0x0000000000000f79       0xef Drivers/STM32F1xx_HAL_Driver/Src/stm32f1xx_hal.o
 .debug_macro   0x0000000000001068       0x6a Drivers/STM32F1xx_HAL_Driver/Src/stm32f1xx_hal.o
 .debug_macro   0x00000000000010d2      0x1df Drivers/STM32F1xx_HAL_Driver/Src/stm32f1xx_hal.o
 .debug_macro   0x00000000000012b1       0x1c Drivers/STM32F1xx_HAL_Driver/Src/stm32f1xx_hal.o
 .debug_macro   0x00000000000012cd       0x22 Drivers/STM32F1xx_HAL_Driver/Src/stm32f1xx_hal.o
 .debug_macro   0x00000000000012ef       0xc3 Drivers/STM32F1xx_HAL_Driver/Src/stm32f1xx_hal.o
 .debug_macro   0x00000000000013b2      0xd23 Drivers/STM32F1xx_HAL_Driver/Src/stm32f1xx_hal.o
 .debug_macro   0x00000000000020d5     0xe09e Drivers/STM32F1xx_HAL_Driver/Src/stm32f1xx_hal.o
 .debug_macro   0x0000000000010173       0x43 Drivers/STM32F1xx_HAL_Driver/Src/stm32f1xx_hal.o
 .debug_macro   0x00000000000101b6      0x174 Drivers/STM32F1xx_HAL_Driver/Src/stm32f1xx_hal.o
 .debug_macro   0x000000000001032a       0x5a Drivers/STM32F1xx_HAL_Driver/Src/stm32f1xx_hal.o
 .debug_macro   0x0000000000010384      0x5be Drivers/STM32F1xx_HAL_Driver/Src/stm32f1xx_hal.o
 .debug_macro   0x0000000000010942      0x289 Drivers/STM32F1xx_HAL_Driver/Src/stm32f1xx_hal.o
 .debug_macro   0x0000000000010bcb      0x1cb Drivers/STM32F1xx_HAL_Driver/Src/stm32f1xx_hal.o
 .debug_macro   0x0000000000010d96      0x114 Drivers/STM32F1xx_HAL_Driver/Src/stm32f1xx_hal.o
 .debug_macro   0x0000000000010eaa      0x1b2 Drivers/STM32F1xx_HAL_Driver/Src/stm32f1xx_hal.o
 .debug_macro   0x000000000001105c       0x27 Drivers/STM32F1xx_HAL_Driver/Src/stm32f1xx_hal.o
 .debug_macro   0x0000000000011083      0x136 Drivers/STM32F1xx_HAL_Driver/Src/stm32f1xx_hal.o
 .debug_macro   0x00000000000111b9      0x1bc Drivers/STM32F1xx_HAL_Driver/Src/stm32f1xx_hal.o
 .debug_macro   0x0000000000011375       0x34 Drivers/STM32F1xx_HAL_Driver/Src/stm32f1xx_hal.o
 .debug_macro   0x00000000000113a9       0x3c Drivers/STM32F1xx_HAL_Driver/Src/stm32f1xx_hal.o
 .debug_macro   0x00000000000113e5       0x57 Drivers/STM32F1xx_HAL_Driver/Src/stm32f1xx_hal.o
 .debug_macro   0x000000000001143c       0x88 Drivers/STM32F1xx_HAL_Driver/Src/stm32f1xx_hal.o
 .debug_macro   0x00000000000114c4      0x241 Drivers/STM32F1xx_HAL_Driver/Src/stm32f1xx_hal.o
 .debug_macro   0x0000000000011705      0x280 Drivers/STM32F1xx_HAL_Driver/Src/stm32f1xx_hal.o
 .debug_macro   0x0000000000011985      0x141 Drivers/STM32F1xx_HAL_Driver/Src/stm32f1xx_hal.o
 .debug_macro   0x0000000000011ac6      0x26b Drivers/STM32F1xx_HAL_Driver/Src/stm32f1xx_hal.o
 .debug_macro   0x0000000000011d31       0x83 Drivers/STM32F1xx_HAL_Driver/Src/stm32f1xx_hal.o
 .debug_macro   0x0000000000011db4      0x18f Drivers/STM32F1xx_HAL_Driver/Src/stm32f1xx_hal_cortex.o
 .debug_macro   0x0000000000011f43      0x18f Drivers/STM32F1xx_HAL_Driver/Src/stm32f1xx_hal_dma.o
 .debug_macro   0x00000000000120d2      0x1fa Drivers/STM32F1xx_HAL_Driver/Src/stm32f1xx_hal_gpio.o
 .debug_macro   0x00000000000122cc      0x1cf Drivers/STM32F1xx_HAL_Driver/Src/stm32f1xx_hal_i2c.o
 .debug_macro   0x000000000001249b      0x1a1 Drivers/STM32F1xx_HAL_Driver/Src/stm32f1xx_hal_rcc.o
 .debug_macro   0x000000000001263c      0x190 Drivers/STM32F1xx_HAL_Driver/Src/stm32f1xx_hal_uart.o
 .debug_macro   0x00000000000127cc      0x1d4 Src/example.o
 .debug_macro   0x00000000000129a0       0x22 Src/example.o
 .debug_macro   0x00000000000129c2       0x5e Src/example.o
 .debug_macro   0x0000000000012a20       0x1c Src/example.o
 .debug_macro   0x0000000000012a3c       0x69 Src/example.o
 .debug_macro   0x0000000000012aa5       0x3a Src/example.o
 .debug_macro   0x0000000000012adf      0x2bb Src/main.o
 .debug_macro   0x0000000000012d9a       0x18 Src/main.o
 .debug_macro   0x0000000000012db2       0x46 Src/main.o
 .debug_macro   0x0000000000012df8       0x3c Src/main.o
 .debug_macro   0x0000000000012e34       0x34 Src/main.o
 .debug_macro   0x0000000000012e68       0x16 Src/main.o
 .debug_macro   0x0000000000012e7e       0x35 Src/main.o
 .debug_macro   0x0000000000012eb3       0x52 Src/main.o
 .debug_macro   0x0000000000012f05       0x1f Src/main.o
 .debug_macro   0x0000000000012f24       0x43 Src/main.o
 .debug_macro   0x0000000000012f67       0x20 Src/main.o
 .debug_macro   0x0000000000012f87      0x1a3 Src/main.o
 .debug_macro   0x000000000001312a      0x330 Src/main.o
 .debug_macro   0x000000000001345a       0x16 Src/main.o
 .debug_macro   0x0000000000013470       0x29 Src/main.o
 .debug_macro   0x0000000000013499       0x16 Src/main.o
 .debug_macro   0x00000000000134af       0x20 Src/main.o
 .debug_macro   0x00000000000134cf       0xbd Src/main.o
 .debug_macro   0x000000000001358c       0x54 Src/main.o
 .debug_macro   0x00000000000135e0      0x1a7 Src/stm32f1xx_hal_msp.o
 .debug_macro   0x0000000000013787      0x1b1 Src/stm32f1xx_it.o
 .debug_macro   0x0000000000013938      0x1ae Src/sysmem.o
 .debug_macro   0x0000000000013ae6      0x23b Src/sysmem.o
 .debug_macro   0x0000000000013d21       0x16 Src/sysmem.o
 .debug_macro   0x0000000000013d37      0x195 Src/system_stm32f1xx.o
 .debug_macro   0x0000000000013ecc      0x16b note-c/n_atof.o
 .debug_macro   0x0000000000014037      0x10b note-c/n_atof.o
 .debug_macro   0x0000000000014142       0x10 note-c/n_atof.o
 .debug_macro   0x0000000000014152       0x8e note-c/n_atof.o
 .debug_macro   0x00000000000141e0      0x2e2 note-c/n_cjson.o
 .debug_macro   0x00000000000144c2      0x1e1 note-c/n_cjson.o
 .debug_macro   0x00000000000146a3       0x2b note-c/n_cjson.o
 .debug_macro   0x00000000000146ce      0x118 note-c/n_cjson.o
 .debug_macro   0x00000000000147e6      0x111 note-c/n_cjson.o
 .debug_macro   0x00000000000148f7      0x1ff note-c/n_cjson_helpers.o
 .debug_macro   0x0000000000014af6       0x16 note-c/n_cjson_helpers.o
 .debug_macro   0x0000000000014b0c      0x150 note-c/n_ftoa.o
 .debug_macro   0x0000000000014c5c      0x264 note-c/n_hooks.o
 .debug_macro   0x0000000000014ec0       0x97 note-c/n_hooks.o
 .debug_macro   0x0000000000014f57       0xfd note-c/n_hooks.o
 .debug_macro   0x0000000000015054       0x4c note-c/n_hooks.o
 .debug_macro   0x00000000000150a0      0x156 note-c/n_request.o
 .debug_macro   0x00000000000151f6      0x150 note-c/n_serial.o

.debug_line     0x0000000000000000     0xbd3d
 .debug_line    0x0000000000000000      0x7f0 Drivers/STM32F1xx_HAL_Driver/Src/stm32f1xx_hal.o
 .debug_line    0x00000000000007f0      0x8c9 Drivers/STM32F1xx_HAL_Driver/Src/stm32f1xx_hal_cortex.o
 .debug_line    0x00000000000010b9      0xa57 Drivers/STM32F1xx_HAL_Driver/Src/stm32f1xx_hal_dma.o
 .debug_line    0x0000000000001b10      0x7f0 Drivers/STM32F1xx_HAL_Driver/Src/stm32f1xx_hal_gpio.o
 .debug_line    0x0000000000002300     0x1ab3 Drivers/STM32F1xx_HAL_Driver/Src/stm32f1xx_hal_i2c.o
 .debug_line    0x0000000000003db3      0x8b2 Drivers/STM32F1xx_HAL_Driver/Src/stm32f1xx_hal_rcc.o
 .debug_line    0x0000000000004665      0xefb Drivers/STM32F1xx_HAL_Driver/Src/stm32f1xx_hal_uart.o
 .debug_line    0x0000000000005560      0x663 Src/example.o