main.c:43:5:main	16	static
main.c:71:6:SystemClock_Config	72	static
main.c:99:6:MX_I2C1_Init	8	static
main.c:122:6:MX_I2C1_DeInit	8	static
main.c:135:6:MX_USART1_UART_Init	8	static
main.c:166:6:MY_UART_IRQHandler	16	static
main.c:191:6:MX_USART1_UART_DeInit	8	static
main.c:204:6:MX_GPIO_Init	40	static
main.c:242:6:HAL_GPIO_EXTI_Callback	16	static
main.c:253:6:Error_Handler	4	static
main.c:263:6:delay	16	static
main.c:268:19:millis	8	static
main.c:273:6:noteSerialReset	8	static
main.c:279:6:noteSerialTransmit	24	static
main.c:284:6:noteSerialAvailable	4	static
main.c:289:6:noteSerialReceive	16	static
main.c:302:6:noteI2CReset	8	static
main.c:310:13:noteI2CTransmit	40	static
main.c:329:13:noteI2CReceive	64	static
