stm32f1xx_it.c:13:6:NMI_Handler	4	static
stm32f1xx_it.c:17:6:HardFault_Handler	4	static
stm32f1xx_it.c:22:6:MemManage_Handler	4	static
stm32f1xx_it.c:27:6:BusFault_Handler	4	static
stm32f1xx_it.c:32:6:UsageFault_Handler	4	static
stm32f1xx_it.c:37:6:SVC_Handler	4	static
stm32f1xx_it.c:41:6:DebugMon_Handler	4	static
stm32f1xx_it.c:45:6:PendSV_Handler	4	static
stm32f1xx_it.c:49:6:SysTick_Handler	8	static
stm32f1xx_it.c:54:6:I2C1_EV_IRQHandler	8	static
stm32f1xx_it.c:59:6:I2C1_ER_IRQHandler	8	static
stm32f1xx_it.c:64:6:USART1_IRQHandler	8	static
stm32f1xx_it.c:70:6:EXTI0_IRQHandler	8	static
stm32f1xx_it.c:73:6:EXTI1_IRQHandler	8	static
stm32f1xx_it.c:76:6:EXTI2_IRQHandler	8	static
stm32f1xx_it.c:79:6:EXTI3_IRQHandler	8	static
stm32f1xx_it.c:82:6:EXTI4_IRQHandler	8	static
stm32f1xx_it.c:87:6:MY_GPIO_EXTI_IRQHandler	24	static
stm32f1xx_it.c:94:6:EXTI9_5_IRQHandler	8	static
stm32f1xx_it.c:97:6:EXTI15_10_IRQHandler	8	static
